┏━━━━━━━━━━━━━━━━━━━━━━┳━━━━━━━━━━┳━━━━━━━━━━┳━━━━━━━━━━┳━━━━━━━━━━┳━━━━━━━━━━━┳━━━━━━━━━━┳━━━━━━━━━━━┳━━━━━━━━━━┳━━━━━━━━━━━┳━━━━━━━━━━┳━━━━━━━━━━━┳━━━━━━━━━━┓
┃                      ┃ Hold     ┃ Reg to   ┃          ┃          ┃ of which  ┃ Setup    ┃           ┃          ┃           ┃ of which ┃           ┃          ┃
┃                      ┃ Worst    ┃ Reg      ┃          ┃ Hold Vio ┃ reg to    ┃ Worst    ┃ Reg to    ┃ Setup    ┃ Setup Vio ┃ reg to   ┃ Max Cap   ┃ Max Slew ┃
┃ Corner/Group         ┃ Slack    ┃ Paths    ┃ Hold TNS ┃ Count    ┃ reg       ┃ Slack    ┃ Reg Paths ┃ TNS      ┃ Count     ┃ reg      ┃ Violatio… ┃ Violati… ┃
┡━━━━━━━━━━━━━━━━━━━━━━╇━━━━━━━━━━╇━━━━━━━━━━╇━━━━━━━━━━╇━━━━━━━━━━╇━━━━━━━━━━━╇━━━━━━━━━━╇━━━━━━━━━━━╇━━━━━━━━━━╇━━━━━━━━━━━╇━━━━━━━━━━╇━━━━━━━━━━━╇━━━━━━━━━━┩
│ Overall              │ -0.6365  │ 0.0573   │ -33.8212 │ 173      │ 0         │ -8.6110  │ -8.6110   │ -114.79… │ 48        │ 48       │ 245       │ 15484    │
│ nom_tt_025C_1v80     │ 0.2404   │ 0.2404   │ 0.0000   │ 0        │ 0         │ 19.8886  │ 19.8886   │ 0.0000   │ 0         │ 0        │ 120       │ 13196    │
│ nom_ss_100C_1v60     │ -0.5030  │ 0.7460   │ -25.9952 │ 57       │ 0         │ -5.5010  │ -5.5010   │ -50.5536 │ 18        │ 18       │ 228       │ 15306    │
│ nom_ff_n40C_1v95     │ 0.0585   │ 0.0585   │ 0.0000   │ 0        │ 0         │ 31.9977  │ 31.9977   │ 0.0000   │ 0         │ 0        │ 95        │ 12514    │
│ min_tt_025C_1v80     │ 0.2387   │ 0.2387   │ 0.0000   │ 0        │ 0         │ 22.7277  │ 22.7277   │ 0.0000   │ 0         │ 0        │ 118       │ 12974    │
│ min_ss_100C_1v60     │ -0.3891  │ 0.7430   │ -19.5436 │ 57       │ 0         │ -2.1164  │ -2.1164   │ -7.4811  │ 6         │ 6        │ 214       │ 14940    │
│ min_ff_n40C_1v95     │ 0.0573   │ 0.0573   │ 0.0000   │ 0        │ 0         │ 31.9604  │ 31.9604   │ 0.0000   │ 0         │ 0        │ 86        │ 12167    │
│ max_tt_025C_1v80     │ 0.2423   │ 0.2423   │ 0.0000   │ 0        │ 0         │ 17.4845  │ 17.4845   │ 0.0000   │ 0         │ 0        │ 127       │ 13312    │
│ max_ss_100C_1v60     │ -0.6365  │ 0.7492   │ -33.8212 │ 59       │ 0         │ -8.6110  │ -8.6110   │ -114.79… │ 24        │ 24       │ 245       │ 15484    │
│ max_ff_n40C_1v95     │ 0.0599   │ 0.0599   │ 0.0000   │ 0        │ 0         │ 32.0433  │ 32.0433   │ 0.0000   │ 0         │ 0        │ 105       │ 12778    │
└──────────────────────┴──────────┴──────────┴──────────┴──────────┴───────────┴──────────┴───────────┴──────────┴───────────┴──────────┴───────────┴──────────┘
