┏━━━━━━━━━━━━━━━━━━━━━━┳━━━━━━━━━━┳━━━━━━━━━━┳━━━━━━━━━━┳━━━━━━━━━━┳━━━━━━━━━━━┳━━━━━━━━━━┳━━━━━━━━━━━┳━━━━━━━━━━┳━━━━━━━━━━━┳━━━━━━━━━━┳━━━━━━━━━━━┳━━━━━━━━━━┓
┃                      ┃ Hold     ┃ Reg to   ┃          ┃          ┃ of which  ┃ Setup    ┃           ┃          ┃           ┃ of which ┃           ┃          ┃
┃                      ┃ Worst    ┃ Reg      ┃          ┃ Hold Vio ┃ reg to    ┃ Worst    ┃ Reg to    ┃ Setup    ┃ Setup Vio ┃ reg to   ┃ Max Cap   ┃ Max Slew ┃
┃ Corner/Group         ┃ Slack    ┃ Paths    ┃ Hold TNS ┃ Count    ┃ reg       ┃ Slack    ┃ Reg Paths ┃ TNS      ┃ Count     ┃ reg      ┃ Violatio… ┃ Violati… ┃
┡━━━━━━━━━━━━━━━━━━━━━━╇━━━━━━━━━━╇━━━━━━━━━━╇━━━━━━━━━━╇━━━━━━━━━━╇━━━━━━━━━━━╇━━━━━━━━━━╇━━━━━━━━━━━╇━━━━━━━━━━╇━━━━━━━━━━━╇━━━━━━━━━━╇━━━━━━━━━━━╇━━━━━━━━━━┩
│ Overall              │ 0.1225   │ 0.1225   │ 0.0000   │ 0        │ 0         │ 6.7742   │ 16.0512   │ 0.0000   │ 0         │ 0        │ 0         │ 12       │
│ nom_tt_025C_1v80     │ 0.3405   │ 0.3405   │ 0.0000   │ 0        │ 0         │ 7.0275   │ N/A       │ 0.0000   │ 0         │ 0        │ 0         │ 12       │
│ nom_ss_100C_1v60     │ 0.5254   │ 0.8888   │ 0.0000   │ 0        │ 0         │ 6.7884   │ 16.0550   │ 0.0000   │ 0         │ 0        │ 0         │ 12       │
│ nom_ff_n40C_1v95     │ 0.1254   │ 0.1254   │ 0.0000   │ 0        │ 0         │ 7.1250   │ N/A       │ 0.0000   │ 0         │ 0        │ 0         │ 12       │
│ min_tt_025C_1v80     │ 0.3365   │ 0.3365   │ 0.0000   │ 0        │ 0         │ 7.0392   │ N/A       │ 0.0000   │ 0         │ 0        │ 0         │ 12       │
│ min_ss_100C_1v60     │ 0.5283   │ 0.8817   │ 0.0000   │ 0        │ 0         │ 6.8032   │ 16.0641   │ 0.0000   │ 0         │ 0        │ 0         │ 12       │
│ min_ff_n40C_1v95     │ 0.1225   │ 0.1225   │ 0.0000   │ 0        │ 0         │ 7.1357   │ N/A       │ 0.0000   │ 0         │ 0        │ 0         │ 12       │
│ max_tt_025C_1v80     │ 0.3441   │ 0.3441   │ 0.0000   │ 0        │ 0         │ 7.0159   │ N/A       │ 0.0000   │ 0         │ 0        │ 0         │ 12       │
│ max_ss_100C_1v60     │ 0.5214   │ 0.8950   │ 0.0000   │ 0        │ 0         │ 6.7742   │ 16.0512   │ 0.0000   │ 0         │ 0        │ 0         │ 12       │
│ max_ff_n40C_1v95     │ 0.1281   │ 0.1281   │ 0.0000   │ 0        │ 0         │ 7.1140   │ N/A       │ 0.0000   │ 0         │ 0        │ 0         │ 12       │
└──────────────────────┴──────────┴──────────┴──────────┴──────────┴───────────┴──────────┴───────────┴──────────┴───────────┴──────────┴───────────┴──────────┘
