Clock: clk_i
Sources: clk_i 
Generated: no
Virtual: yes
Propagated: no
Period: 20.000000

===========================================================================
report_clock_properties
============================================================================
Clock                   Period          Waveform
----------------------------------------------------
clk_i                20.000000    0.000000 10.000000

===========================================================================
report_clock_latency
============================================================================
Clock clk_i
rise -> rise
    min     max
0.000000 0.000000 source latency
0.462376         network latency u_sram/clk1
        0.594489 network latency _48_/CLK
---------------
0.462376 0.594489 latency
        0.132113 skew

fall -> fall
    min     max
0.000000 0.000000 source latency
0.516634         network latency u_sram/clk1
        0.691687 network latency _48_/CLK
---------------
0.516634 0.691687 latency
        0.175053 skew



===========================================================================
report_clock_min_period
============================================================================
clk_i period_min = 3.94 fmax = 253.49
