
===========================================================================
 report_power
============================================================================
======================= nom_ss_100C_1v60 Corner ===================================

Group                    Internal    Switching      Leakage        Total
                            Power        Power        Power        Power (Watts)
------------------------------------------------------------------------
Sequential           6.330240e-06 0.000000e+00 7.738301e-08 6.407623e-06   0.3%
Combinational        1.213767e-07 4.343507e-07 1.881504e-07 7.438778e-07   0.0%
Clock                5.098887e-05 2.077138e-05 2.287982e-07 7.198905e-05   3.6%
Macro                1.917893e-03 0.000000e+00 9.516000e-06 1.927409e-03  96.1%
Pad                  0.000000e+00 0.000000e+00 0.000000e+00 0.000000e+00   0.0%
------------------------------------------------------------------------
Total                1.975334e-03 2.120573e-05 1.001033e-05 2.006550e-03 100.0%
                            98.4%         1.1%         0.5%

