
===========================================================================
Violator List
============================================================================
[hold in-reg] axi_wdata_i[24] -> _35282_/D : -0.502959
[hold in-reg] axi_awaddr_i[6] -> _35213_/D : -0.500129
[hold in-reg] axi_awaddr_i[7] -> _35214_/D : -0.499713
[hold in-reg] axi_awaddr_i[6] -> _35254_/D : -0.499690
[hold in-reg] axi_awaddr_i[7] -> _35255_/D : -0.496837
[hold in-reg] axi_wdata_i[26] -> _35284_/D : -0.496726
[hold in-reg] axi_wdata_i[16] -> _35274_/D : -0.496528
[hold in-reg] axi_wdata_i[22] -> _35280_/D : -0.496132
[hold in-reg] axi_wdata_i[25] -> _35283_/D : -0.495972
[hold in-reg] axi_awaddr_i[5] -> _35253_/D : -0.494707
[hold in-reg] axi_wdata_i[20] -> _35278_/D : -0.493656
[hold in-reg] axi_wdata_i[19] -> _35277_/D : -0.493653
[hold in-reg] axi_wdata_i[21] -> _35279_/D : -0.493551
[hold in-reg] axi_wdata_i[14] -> _35272_/D : -0.492772
[hold in-reg] axi_wdata_i[7] -> _35225_/D : -0.491554
[hold in-reg] axi_awaddr_i[5] -> _35212_/D : -0.491225
[hold in-reg] axi_wdata_i[27] -> _35285_/D : -0.490337
[hold in-reg] axi_wdata_i[17] -> _35275_/D : -0.489667
[hold in-reg] axi_wdata_i[18] -> _35276_/D : -0.489370
[hold in-reg] axi_wdata_i[15] -> _35273_/D : -0.488410
[hold in-reg] axi_wdata_i[23] -> _35281_/D : -0.487683
[hold in-reg] axi_wdata_i[10] -> _35268_/D : -0.487672
[hold in-reg] axi_awaddr_i[8] -> _35256_/D : -0.487094
[hold in-reg] axi_wdata_i[8] -> _35266_/D : -0.486841
[hold in-reg] axi_wdata_i[12] -> _35270_/D : -0.486304
[hold in-reg] axi_wdata_i[28] -> _35286_/D : -0.483696
[hold in-reg] axi_wdata_i[30] -> _35288_/D : -0.483452
[hold in-reg] axi_awaddr_i[10] -> _35217_/D : -0.479578
[hold in-reg] axi_wdata_i[31] -> _35289_/D : -0.479011
[hold in-reg] axi_wdata_i[29] -> _35287_/D : -0.475015
[hold in-reg] axi_awaddr_i[3] -> _35251_/D : -0.473660
[hold in-reg] axi_awaddr_i[9] -> _35216_/D : -0.472679
[hold in-reg] axi_awaddr_i[9] -> _35257_/D : -0.469401
[hold in-reg] axi_awaddr_i[3] -> _35210_/D : -0.467109
[hold in-reg] axi_awaddr_i[2] -> _35250_/D : -0.462508
[hold in-reg] axi_awaddr_i[2] -> _35209_/D : -0.462438
[hold in-reg] axi_wdata_i[4] -> _34927_/D : -0.460427
[hold in-reg] axi_wdata_i[4] -> _34991_/D : -0.458697
[hold in-reg] axi_wdata_i[4] -> _35023_/D : -0.458579
[hold in-reg] axi_wdata_i[6] -> _34961_/D : -0.458417
[hold in-reg] axi_wdata_i[4] -> _34959_/D : -0.458333
[hold in-reg] axi_wdata_i[6] -> _35057_/D : -0.457634
[hold in-reg] axi_wdata_i[4] -> _35055_/D : -0.456399
[hold in-reg] axi_awaddr_i[4] -> _35211_/D : -0.455164
[hold in-reg] axi_wdata_i[6] -> _34897_/D : -0.453066
[hold in-reg] axi_wdata_i[6] -> _34993_/D : -0.446835
[hold in-reg] axi_wdata_i[4] -> _34895_/D : -0.446082
[hold in-reg] axi_wdata_i[6] -> _35025_/D : -0.444828
[hold in-reg] axi_wdata_i[6] -> _34929_/D : -0.437599
[hold in-reg] axi_wdata_i[3] -> _35261_/D : -0.422463
[hold in-reg] axi_bready_i -> _35302_/D : -0.404490
[hold in-reg] axi_bready_i -> _35290_/D : -0.401057
[hold in-reg] axi_bready_i -> _35292_/D : -0.383391
[hold in-reg] axi_rready_i -> _35291_/D : -0.378793
[hold in-reg] axi_awaddr_i[20] -> _35206_/D : -0.285976
[hold in-reg] axi_awaddr_i[21] -> _35207_/D : -0.167516
[hold in-reg] axi_awaddr_i[21] -> _35208_/D : -0.121742
[setup reg-reg] _33644_/Q -> _33738_/D : -5.501022
[setup reg-reg] _33644_/Q -> _33736_/D : -5.370325
[setup reg-reg] _33644_/Q -> _33737_/D : -5.080196
[setup reg-reg] _33644_/Q -> _33735_/D : -4.207600
[setup reg-reg] _33644_/Q -> _33734_/D : -3.847248
[setup reg-reg] _33644_/Q -> _33732_/D : -3.752462
[setup reg-reg] _33644_/Q -> _33730_/D : -3.329014
[setup reg-reg] _33644_/Q -> _33733_/D : -3.246299
[setup reg-reg] _33644_/Q -> _33728_/D : -2.807916
[setup reg-reg] _33644_/Q -> _33729_/D : -2.477172
[setup reg-reg] _33644_/Q -> _33727_/D : -2.227779
[setup reg-reg] _33644_/Q -> _33731_/D : -2.183413
[setup reg-reg] _33644_/Q -> _33725_/D : -1.890342
[setup reg-reg] _33644_/Q -> _33724_/D : -1.831360
[setup reg-reg] _33644_/Q -> _33726_/D : -1.314412
[setup reg-reg] _33644_/Q -> _33723_/D : -1.059384
[setup reg-reg] _33644_/Q -> _33721_/D : -0.343256
[setup reg-reg] _33644_/Q -> _33722_/D : -0.084377
