
===========================================================================
report_checks -unconstrained
===========================================================================
======================= min_ff_n40C_1v95 Corner ===================================

Startpoint: rst_ni (input port clocked by clk_i)
Endpoint: _45_ (recovery check against rising-edge clock clk_i)
Path Group: asynchronous
Path Type: max

Fanout         Cap        Slew       Delay        Time   Description
---------------------------------------------------------------------------------------------
                                  0.000000    0.000000   clock clk_i (rise edge)
                                  0.000000    0.000000   clock network delay (propagated)
                                  2.000000    2.000000 ^ input external delay
     4    0.019308    0.000000    0.000000    2.000000 ^ rst_ni (in)
                                                         rst_ni (net)
                      0.000311    0.000156    2.000156 ^ _45_/SET_B (sky130_fd_sc_hd__dfstp_2)
                                              2.000156   data arrival time

                                 20.000000   20.000000   clock clk_i (rise edge)
                                  0.000000   20.000000   clock source latency
     2    0.073832    0.000000    0.000000   20.000000 ^ clk_i (in)
                                                         clk_i (net)
                      0.005421    0.002711   20.002710 ^ clkbuf_regs_0_clk_i/A (sky130_fd_sc_hd__clkbuf_16)
     1    0.008437    0.023467    0.069534   20.072245 ^ clkbuf_regs_0_clk_i/X (sky130_fd_sc_hd__clkbuf_16)
                                                         clk_i_regs (net)
                      0.023467    0.000091   20.072336 ^ clkbuf_0_clk_i_regs/A (sky130_fd_sc_hd__clkbuf_16)
     2    0.018848    0.030357    0.081565   20.153900 ^ clkbuf_0_clk_i_regs/X (sky130_fd_sc_hd__clkbuf_16)
                                                         clknet_0_clk_i_regs (net)
                      0.030357    0.000158   20.154058 ^ clkbuf_1_0__f_clk_i_regs/A (sky130_fd_sc_hd__clkbuf_16)
     2    0.005199    0.021125    0.073722   20.227781 ^ clkbuf_1_0__f_clk_i_regs/X (sky130_fd_sc_hd__clkbuf_16)
                                                         clknet_1_0__leaf_clk_i_regs (net)
                      0.021126    0.000057   20.227839 ^ _45_/CLK (sky130_fd_sc_hd__dfstp_2)
                                 -0.250000   19.977839   clock uncertainty
                                  0.000000   19.977839   clock reconvergence pessimism
                                  0.082334   20.060173   library recovery time
                                             20.060173   data required time
---------------------------------------------------------------------------------------------
                                             20.060173   data required time
                                             -2.000156   data arrival time
---------------------------------------------------------------------------------------------
                                             18.060019   slack (MET)


Startpoint: u_sram (falling edge-triggered flip-flop clocked by clk_i)
Endpoint: axi_rdata_o[18] (output port clocked by clk_i)
Path Group: clk_i
Path Type: max

Fanout         Cap        Slew       Delay        Time   Description
---------------------------------------------------------------------------------------------
                                 10.000000   10.000000   clock clk_i (fall edge)
                                  0.000000   10.000000   clock source latency
     2    0.071906    0.000000    0.000000   10.000000 v clk_i (in)
                                                         clk_i (net)
                      0.008302    0.004151   10.004151 v clkbuf_0_clk_i/A (sky130_fd_sc_hd__clkbuf_16)
     2    0.036763    0.033884    0.098198   10.102349 v clkbuf_0_clk_i/X (sky130_fd_sc_hd__clkbuf_16)
                                                         clknet_0_clk_i (net)
                      0.033901    0.001130   10.103479 v clkbuf_1_0__f_clk_i/A (sky130_fd_sc_hd__clkbuf_16)
     1    0.060543    0.043333    0.113823   10.217302 v clkbuf_1_0__f_clk_i/X (sky130_fd_sc_hd__clkbuf_16)
                                                         clknet_1_0__leaf_clk_i (net)
                      0.067205    0.013396   10.230698 v u_sram/clk0 (sky130_sram_1kbyte_1rw1r_32x256_8)
     1    0.009656    0.006472    0.383520   10.614218 ^ u_sram/dout0[18] (sky130_sram_1kbyte_1rw1r_32x256_8)
                                                         axi_rdata_o[18] (net)
                      0.004854    0.000091   10.614308 ^ axi_rdata_o[18] (out)
                                             10.614308   data arrival time

                                 20.000000   20.000000   clock clk_i (rise edge)
                                  0.000000   20.000000   clock network delay (propagated)
                                 -0.250000   19.750002   clock uncertainty
                                  0.000000   19.750002   clock reconvergence pessimism
                                 -2.000000   17.750002   output external delay
                                             17.750002   data required time
---------------------------------------------------------------------------------------------
                                             17.750002   data required time
                                            -10.614308   data arrival time
---------------------------------------------------------------------------------------------
                                              7.135693   slack (MET)




===========================================================================
report_checks --slack_max -0.01
============================================================================
======================= min_ff_n40C_1v95 Corner ===================================

No paths found.


===========================================================================
 report_check_types -max_slew -max_cap -max_fanout -violators
============================================================================
======================= min_ff_n40C_1v95 Corner ===================================

max slew

Pin                                        Limit        Slew       Slack
------------------------------------------------------------------------
u_sram/addr0[0]                         0.040000    0.108380   -0.068380 (VIOLATED)
u_sram/addr0[5]                         0.040000    0.103735   -0.063735 (VIOLATED)
u_sram/addr0[7]                         0.040000    0.100040   -0.060040 (VIOLATED)
u_sram/addr0[6]                         0.040000    0.098000   -0.058000 (VIOLATED)
u_sram/addr0[3]                         0.040000    0.096339   -0.056339 (VIOLATED)
u_sram/addr0[4]                         0.040000    0.095576   -0.055576 (VIOLATED)
u_sram/addr0[2]                         0.040000    0.091695   -0.051695 (VIOLATED)
u_sram/addr0[1]                         0.040000    0.089146   -0.049146 (VIOLATED)
u_sram/wmask0[2]                        0.040000    0.086163   -0.046163 (VIOLATED)
u_sram/wmask0[3]                        0.040000    0.084746   -0.044746 (VIOLATED)
u_sram/wmask0[0]                        0.040000    0.082478   -0.042478 (VIOLATED)
u_sram/wmask0[1]                        0.040000    0.080936   -0.040936 (VIOLATED)



===========================================================================
report_parasitic_annotation -report_unannotated
============================================================================
Found 100 unannotated drivers.
 axi_araddr_i[0]
 axi_araddr_i[10]
 axi_araddr_i[11]
 axi_araddr_i[12]
 axi_araddr_i[13]
 axi_araddr_i[14]
 axi_araddr_i[15]
 axi_araddr_i[16]
 axi_araddr_i[17]
 axi_araddr_i[18]
 axi_araddr_i[19]
 axi_araddr_i[1]
 axi_araddr_i[20]
 axi_araddr_i[21]
 axi_araddr_i[22]
 axi_araddr_i[23]
 axi_araddr_i[24]
 axi_araddr_i[25]
 axi_araddr_i[26]
 axi_araddr_i[27]
 axi_araddr_i[28]
 axi_araddr_i[29]
 axi_araddr_i[30]
 axi_araddr_i[31]
 axi_arprot_i[0]
 axi_arprot_i[1]
 axi_arprot_i[2]
 axi_awaddr_i[0]
 axi_awaddr_i[10]
 axi_awaddr_i[11]
 axi_awaddr_i[12]
 axi_awaddr_i[13]
 axi_awaddr_i[14]
 axi_awaddr_i[15]
 axi_awaddr_i[16]
 axi_awaddr_i[17]
 axi_awaddr_i[18]
 axi_awaddr_i[19]
 axi_awaddr_i[1]
 axi_awaddr_i[20]
 axi_awaddr_i[21]
 axi_awaddr_i[22]
 axi_awaddr_i[23]
 axi_awaddr_i[24]
 axi_awaddr_i[25]
 axi_awaddr_i[26]
 axi_awaddr_i[27]
 axi_awaddr_i[28]
 axi_awaddr_i[29]
 axi_awaddr_i[30]
 axi_awaddr_i[31]
 axi_awprot_i[0]
 axi_awprot_i[1]
 axi_awprot_i[2]
 _49_/LO
 _50_/HI
 _51_/HI
 _52_/HI
 _53_/HI
 _54_/HI
 _55_/HI
 _56_/HI
 _57_/HI
 _58_/HI
 _59_/HI
 _60_/HI
 _61_/HI
 clkload0/X
 u_sram/dout1[0]
 u_sram/dout1[10]
 u_sram/dout1[11]
 u_sram/dout1[12]
 u_sram/dout1[13]
 u_sram/dout1[14]
 u_sram/dout1[15]
 u_sram/dout1[16]
 u_sram/dout1[17]
 u_sram/dout1[18]
 u_sram/dout1[19]
 u_sram/dout1[1]
 u_sram/dout1[20]
 u_sram/dout1[21]
 u_sram/dout1[22]
 u_sram/dout1[23]
 u_sram/dout1[24]
 u_sram/dout1[25]
 u_sram/dout1[26]
 u_sram/dout1[27]
 u_sram/dout1[28]
 u_sram/dout1[29]
 u_sram/dout1[2]
 u_sram/dout1[30]
 u_sram/dout1[31]
 u_sram/dout1[3]
 u_sram/dout1[4]
 u_sram/dout1[5]
 u_sram/dout1[6]
 u_sram/dout1[7]
 u_sram/dout1[8]
 u_sram/dout1[9]
Found 0 partially unannotated drivers.

===========================================================================
max slew violation count 12
max fanout violation count 0
max cap violation count 0
============================================================================

===========================================================================
check_setup -verbose -unconstrained_endpoints -multiple_clock -no_clock -no_input_delay -loops -generated_clocks
===========================================================================
