Clock: clk_i
Sources: clk_i 
Generated: no
Virtual: yes
Propagated: no
Period: 65.000000

===========================================================================
report_clock_properties
============================================================================
Clock                   Period          Waveform
----------------------------------------------------
clk_i                65.000000    0.000000 32.500000

===========================================================================
report_clock_latency
============================================================================
Clock clk_i
rise -> rise
    min     max
0.000000 0.000000 source latency
0.570833         network latency u_sram_in/clk1
        1.009330 network latency _33443_/CLK
---------------
0.570833 1.009330 latency
        0.438497 skew

fall -> fall
    min     max
0.000000 0.000000 source latency
0.634397         network latency u_sram_in/clk1
        0.959940 network latency _33443_/CLK
---------------
0.634397 0.959940 latency
        0.325542 skew



===========================================================================
report_clock_min_period
============================================================================
clk_i period_min = 23.97 fmax = 41.72
