[WARNING ORD-0039] .openroad ignored with -python
Unannotated report:
['report_parasitic_annotation -report_unannotated\n',
 '============================================================================\n',
 'Found 732 unannotated drivers.\n',
 ' axi_araddr_i[10]\n',
 ' axi_araddr_i[11]\n',
 ' axi_araddr_i[12]\n',
 ' axi_araddr_i[13]\n',
 ' axi_araddr_i[14]\n',
 ' axi_araddr_i[15]\n',
 ' axi_araddr_i[16]\n',
 ' axi_araddr_i[17]\n',
 ' axi_araddr_i[18]\n',
 ' axi_araddr_i[19]\n',
 ' axi_araddr_i[24]\n',
 ' axi_araddr_i[25]\n',
 ' axi_araddr_i[26]\n',
 ' axi_araddr_i[27]\n',
 ' axi_araddr_i[28]\n',
 ' axi_araddr_i[29]\n',
 ' axi_araddr_i[30]\n',
 ' axi_araddr_i[31]\n',
 ' axi_araddr_i[5]\n',
 ' axi_araddr_i[6]\n',
 ' axi_araddr_i[7]\n',
 ' axi_araddr_i[8]\n',
 ' axi_araddr_i[9]\n',
 ' axi_arprot_i[0]\n',
 ' axi_arprot_i[1]\n',
 ' axi_arprot_i[2]\n',
 ' axi_awaddr_i[11]\n',
 ' axi_awaddr_i[12]\n',
 ' axi_awaddr_i[13]\n',
 ' axi_awaddr_i[14]\n',
 ' axi_awaddr_i[15]\n',
 ' axi_awaddr_i[16]\n',
 ' axi_awaddr_i[17]\n',
 ' axi_awaddr_i[18]\n',
 ' axi_awaddr_i[19]\n',
 ' axi_awaddr_i[24]\n',
 ' axi_awaddr_i[25]\n',
 ' axi_awaddr_i[26]\n',
 ' axi_awaddr_i[27]\n',
 ' axi_awaddr_i[28]\n',
 ' axi_awaddr_i[29]\n',
 ' axi_awaddr_i[30]\n',
 ' axi_awaddr_i[31]\n',
 ' axi_awprot_i[0]\n',
 ' axi_awprot_i[1]\n',
 ' axi_awprot_i[2]\n',
 ' axi_wstrb_i[0]\n',
 ' axi_wstrb_i[1]\n',
 ' axi_wstrb_i[2]\n',
 ' axi_wstrb_i[3]\n',
 ' _35310_/LO\n',
 ' _35311_/HI\n',
 ' _35312_/HI\n',
 ' _35313_/HI\n',
 ' _35314_/HI\n',
 ' _35315_/HI\n',
 ' _35316_/HI\n',
 ' _35317_/HI\n',
 ' _35318_/HI\n',
 ' _35319_/HI\n',
 ' _35320_/HI\n',
 ' _35321_/HI\n',
 ' _35322_/HI\n',
 ' clkload0/Y\n',
 ' clkload1/Y\n',
 ' clkload10/Y\n',
 ' clkload100/X\n',
 ' clkload101/X\n',
 ' clkload102/X\n',
 ' clkload103/X\n',
 ' clkload104/X\n',
 ' clkload105/X\n',
 ' clkload106/X\n',
 ' clkload107/X\n',
 ' clkload108/X\n',
 ' clkload109/X\n',
 ' clkload11/Y\n',
 ' clkload110/X\n',
 ' clkload111/X\n',
 ' clkload112/X\n',
 ' clkload113/X\n',
 ' clkload114/X\n',
 ' clkload115/X\n',
 ' clkload116/X\n',
 ' clkload117/Y\n',
 ' clkload118/X\n',
 ' clkload119/Y\n',
 ' clkload12/Y\n',
 ' clkload120/X\n',
 ' clkload121/X\n',
 ' clkload122/X\n',
 ' clkload123/X\n',
 ' clkload124/X\n',
 ' clkload125/X\n',
 ' clkload126/X\n',
 ' clkload127/X\n',
 ' clkload128/X\n',
 ' clkload129/X\n',
 ' clkload13/Y\n',
 ' clkload130/X\n',
 ' clkload131/X\n',
 ' clkload132/X\n',
 ' clkload133/X\n',
 ' clkload134/X\n',
 ' clkload135/X\n',
 ' clkload136/X\n',
 ' clkload137/X\n',
 ' clkload138/X\n',
 ' clkload139/X\n',
 ' clkload14/Y\n',
 ' clkload140/X\n',
 ' clkload141/X\n',
 ' clkload142/X\n',
 ' clkload143/X\n',
 ' clkload144/X\n',
 ' clkload145/X\n',
 ' clkload146/X\n',
 ' clkload147/X\n',
 ' clkload148/X\n',
 ' clkload149/Y\n',
 ' clkload15/Y\n',
 ' clkload150/X\n',
 ' clkload151/X\n',
 ' clkload152/X\n',
 ' clkload153/X\n',
 ' clkload154/X\n',
 ' clkload155/X\n',
 ' clkload156/X\n',
 ' clkload157/X\n',
 ' clkload158/X\n',
 ' clkload159/X\n',
 ' clkload16/Y\n',
 ' clkload160/Y\n',
 ' clkload161/X\n',
 ' clkload162/Y\n',
 ' clkload163/Y\n',
 ' clkload164/X\n',
 ' clkload165/Y\n',
 ' clkload166/X\n',
 ' clkload167/X\n',
 ' clkload168/X\n',
 ' clkload169/X\n',
 ' clkload17/X\n',
 ' clkload170/Y\n',
 ' clkload171/X\n',
 ' clkload172/X\n',
 ' clkload173/X\n',
 ' clkload174/X\n',
 ' clkload175/X\n',
 ' clkload176/X\n',
 ' clkload177/X\n',
 ' clkload178/X\n',
 ' clkload179/Y\n',
 ' clkload18/Y\n',
 ' clkload180/Y\n',
 ' clkload181/X\n',
 ' clkload182/X\n',
 ' clkload183/X\n',
 ' clkload184/X\n',
 ' clkload185/X\n',
 ' clkload186/X\n',
 ' clkload187/X\n',
 ' clkload188/X\n',
 ' clkload189/X\n',
 ' clkload19/Y\n',
 ' clkload190/X\n',
 ' clkload191/X\n',
 ' clkload192/X\n',
 ' clkload193/X\n',
 ' clkload194/X\n',
 ' clkload195/X\n',
 ' clkload196/X\n',
 ' clkload197/Y\n',
 ' clkload198/X\n',
 ' clkload199/X\n',
 ' clkload2/Y\n',
 ' clkload20/Y\n',
 ' clkload200/X\n',
 ' clkload201/X\n',
 ' clkload202/X\n',
 ' clkload203/X\n',
 ' clkload204/Y\n',
 ' clkload205/Y\n',
 ' clkload206/X\n',
 ' clkload207/X\n',
 ' clkload208/X\n',
 ' clkload209/X\n',
 ' clkload21/Y\n',
 ' clkload210/Y\n',
 ' clkload211/X\n',
 ' clkload212/X\n',
 ' clkload213/X\n',
 ' clkload214/Y\n',
 ' clkload215/Y\n',
 ' clkload216/Y\n',
 ' clkload217/X\n',
 ' clkload218/X\n',
 ' clkload219/X\n',
 ' clkload22/Y\n',
 ' clkload220/X\n',
 ' clkload221/X\n',
 ' clkload222/X\n',
 ' clkload223/X\n',
 ' clkload224/X\n',
 ' clkload225/X\n',
 ' clkload226/X\n',
 ' clkload227/X\n',
 ' clkload228/X\n',
 ' clkload229/X\n',
 ' clkload23/Y\n',
 ' clkload230/X\n',
 ' clkload231/X\n',
 ' clkload232/X\n',
 ' clkload233/X\n',
 ' clkload234/Y\n',
 ' clkload235/X\n',
 ' clkload236/X\n',
 ' clkload237/X\n',
 ' clkload238/X\n',
 ' clkload239/Y\n',
 ' clkload24/X\n',
 ' clkload240/X\n',
 ' clkload241/X\n',
 ' clkload242/X\n',
 ' clkload243/X\n',
 ' clkload244/X\n',
 ' clkload245/X\n',
 ' clkload246/X\n',
 ' clkload247/X\n',
 ' clkload248/X\n',
 ' clkload249/X\n',
 ' clkload25/Y\n',
 ' clkload250/X\n',
 ' clkload251/X\n',
 ' clkload252/X\n',
 ' clkload253/X\n',
 ' clkload254/X\n',
 ' clkload255/X\n',
 ' clkload256/X\n',
 ' clkload257/X\n',
 ' clkload258/X\n',
 ' clkload259/X\n',
 ' clkload26/Y\n',
 ' clkload260/Y\n',
 ' clkload261/X\n',
 ' clkload262/Y\n',
 ' clkload263/X\n',
 ' clkload264/X\n',
 ' clkload265/Y\n',
 ' clkload266/X\n',
 ' clkload267/Y\n',
 ' clkload268/X\n',
 ' clkload269/X\n',
 ' clkload27/Y\n',
 ' clkload270/Y\n',
 ' clkload271/X\n',
 ' clkload272/Y\n',
 ' clkload273/X\n',
 ' clkload274/X\n',
 ' clkload275/X\n',
 ' clkload276/X\n',
 ' clkload277/X\n',
 ' clkload278/X\n',
 ' clkload279/X\n',
 ' clkload28/Y\n',
 ' clkload280/X\n',
 ' clkload281/X\n',
 ' clkload282/X\n',
 ' clkload283/X\n',
 ' clkload284/X\n',
 ' clkload285/X\n',
 ' clkload286/X\n',
 ' clkload287/X\n',
 ' clkload288/X\n',
 ' clkload289/X\n',
 ' clkload29/Y\n',
 ' clkload290/X\n',
 ' clkload291/Y\n',
 ' clkload292/X\n',
 ' clkload293/X\n',
 ' clkload294/X\n',
 ' clkload295/X\n',
 ' clkload296/Y\n',
 ' clkload297/X\n',
 ' clkload298/X\n',
 ' clkload299/X\n',
 ' clkload3/Y\n',
 ' clkload30/Y\n',
 ' clkload300/X\n',
 ' clkload301/X\n',
 ' clkload302/X\n',
 ' clkload303/X\n',
 ' clkload304/X\n',
 ' clkload305/X\n',
 ' clkload306/X\n',
 ' clkload307/Y\n',
 ' clkload308/X\n',
 ' clkload309/X\n',
 ' clkload31/Y\n',
 ' clkload310/X\n',
 ' clkload311/X\n',
 ' clkload312/X\n',
 ' clkload313/X\n',
 ' clkload314/X\n',
 ' clkload315/X\n',
 ' clkload316/X\n',
 ' clkload317/X\n',
 ' clkload318/X\n',
 ' clkload319/X\n',
 ' clkload32/Y\n',
 ' clkload320/X\n',
 ' clkload321/X\n',
 ' clkload322/X\n',
 ' clkload323/X\n',
 ' clkload324/X\n',
 ' clkload325/X\n',
 ' clkload326/X\n',
 ' clkload327/X\n',
 ' clkload328/X\n',
 ' clkload329/X\n',
 ' clkload33/Y\n',
 ' clkload330/X\n',
 ' clkload331/X\n',
 ' clkload332/X\n',
 ' clkload333/X\n',
 ' clkload334/X\n',
 ' clkload335/X\n',
 ' clkload336/X\n',
 ' clkload337/Y\n',
 ' clkload338/Y\n',
 ' clkload339/Y\n',
 ' clkload34/Y\n',
 ' clkload340/X\n',
 ' clkload341/Y\n',
 ' clkload342/Y\n',
 ' clkload343/X\n',
 ' clkload344/X\n',
 ' clkload345/X\n',
 ' clkload346/X\n',
 ' clkload347/X\n',
 ' clkload348/X\n',
 ' clkload349/X\n',
 ' clkload35/Y\n',
 ' clkload350/X\n',
 ' clkload351/X\n',
 ' clkload352/X\n',
 ' clkload353/X\n',
 ' clkload354/X\n',
 ' clkload355/X\n',
 ' clkload356/X\n',
 ' clkload357/X\n',
 ' clkload358/X\n',
 ' clkload359/X\n',
 ' clkload36/Y\n',
 ' clkload360/X\n',
 ' clkload361/X\n',
 ' clkload362/X\n',
 ' clkload363/X\n',
 ' clkload364/Y\n',
 ' clkload365/X\n',
 ' clkload366/X\n',
 ' clkload367/X\n',
 ' clkload368/Y\n',
 ' clkload369/X\n',
 ' clkload37/Y\n',
 ' clkload370/X\n',
 ' clkload371/Y\n',
 ' clkload372/X\n',
 ' clkload373/X\n',
 ' clkload374/Y\n',
 ' clkload375/X\n',
 ' clkload376/Y\n',
 ' clkload377/Y\n',
 ' clkload378/X\n',
 ' clkload379/X\n',
 ' clkload38/Y\n',
 ' clkload380/Y\n',
 ' clkload381/X\n',
 ' clkload382/X\n',
 ' clkload383/X\n',
 ' clkload384/X\n',
 ' clkload385/X\n',
 ' clkload386/X\n',
 ' clkload387/X\n',
 ' clkload388/X\n',
 ' clkload389/X\n',
 ' clkload39/Y\n',
 ' clkload390/Y\n',
 ' clkload391/X\n',
 ' clkload392/X\n',
 ' clkload393/X\n',
 ' clkload394/X\n',
 ' clkload395/X\n',
 ' clkload396/Y\n',
 ' clkload397/X\n',
 ' clkload398/X\n',
 ' clkload399/X\n',
 ' clkload4/Y\n',
 ' clkload40/Y\n',
 ' clkload400/X\n',
 ' clkload401/X\n',
 ' clkload402/X\n',
 ' clkload403/Y\n',
 ' clkload404/Y\n',
 ' clkload405/X\n',
 ' clkload406/X\n',
 ' clkload407/X\n',
 ' clkload408/X\n',
 ' clkload409/X\n',
 ' clkload41/Y\n',
 ' clkload410/Y\n',
 ' clkload411/Y\n',
 ' clkload412/Y\n',
 ' clkload413/X\n',
 ' clkload414/X\n',
 ' clkload415/X\n',
 ' clkload416/X\n',
 ' clkload417/Y\n',
 ' clkload418/X\n',
 ' clkload419/X\n',
 ' clkload42/Y\n',
 ' clkload420/Y\n',
 ' clkload421/Y\n',
 ' clkload422/X\n',
 ' clkload423/Y\n',
 ' clkload424/X\n',
 ' clkload425/Y\n',
 ' clkload426/X\n',
 ' clkload427/Y\n',
 ' clkload428/Y\n',
 ' clkload429/Y\n',
 ' clkload43/Y\n',
 ' clkload430/Y\n',
 ' clkload431/X\n',
 ' clkload432/X\n',
 ' clkload433/X\n',
 ' clkload434/X\n',
 ' clkload435/X\n',
 ' clkload436/X\n',
 ' clkload437/X\n',
 ' clkload438/X\n',
 ' clkload439/X\n',
 ' clkload44/Y\n',
 ' clkload440/Y\n',
 ' clkload441/X\n',
 ' clkload442/X\n',
 ' clkload443/X\n',
 ' clkload444/X\n',
 ' clkload445/X\n',
 ' clkload446/X\n',
 ' clkload447/X\n',
 ' clkload448/X\n',
 ' clkload449/X\n',
 ' clkload45/X\n',
 ' clkload450/X\n',
 ' clkload451/X\n',
 ' clkload452/X\n',
 ' clkload453/Y\n',
 ' clkload454/X\n',
 ' clkload455/X\n',
 ' clkload456/X\n',
 ' clkload457/X\n',
 ' clkload458/X\n',
 ' clkload459/Y\n',
 ' clkload46/Y\n',
 ' clkload460/X\n',
 ' clkload461/Y\n',
 ' clkload462/X\n',
 ' clkload463/X\n',
 ' clkload464/X\n',
 ' clkload465/X\n',
 ' clkload466/X\n',
 ' clkload467/X\n',
 ' clkload468/X\n',
 ' clkload469/X\n',
 ' clkload47/Y\n',
 ' clkload470/X\n',
 ' clkload471/Y\n',
 ' clkload472/X\n',
 ' clkload473/X\n',
 ' clkload474/X\n',
 ' clkload475/X\n',
 ' clkload476/X\n',
 ' clkload477/X\n',
 ' clkload478/X\n',
 ' clkload479/X\n',
 ' clkload48/Y\n',
 ' clkload480/X\n',
 ' clkload481/X\n',
 ' clkload482/X\n',
 ' clkload483/X\n',
 ' clkload484/X\n',
 ' clkload485/X\n',
 ' clkload486/X\n',
 ' clkload487/Y\n',
 ' clkload488/X\n',
 ' clkload489/X\n',
 ' clkload49/Y\n',
 ' clkload490/X\n',
 ' clkload491/X\n',
 ' clkload492/X\n',
 ' clkload493/Y\n',
 ' clkload494/X\n',
 ' clkload495/X\n',
 ' clkload496/X\n',
 ' clkload497/X\n',
 ' clkload498/X\n',
 ' clkload499/X\n',
 ' clkload5/Y\n',
 ' clkload50/Y\n',
 ' clkload500/X\n',
 ' clkload501/X\n',
 ' clkload502/Y\n',
 ' clkload503/X\n',
 ' clkload504/X\n',
 ' clkload505/X\n',
 ' clkload506/X\n',
 ' clkload507/Y\n',
 ' clkload508/X\n',
 ' clkload509/X\n',
 ' clkload51/X\n',
 ' clkload510/X\n',
 ' clkload511/X\n',
 ' clkload512/X\n',
 ' clkload513/X\n',
 ' clkload514/X\n',
 ' clkload515/X\n',
 ' clkload516/X\n',
 ' clkload517/X\n',
 ' clkload518/X\n',
 ' clkload519/X\n',
 ' clkload52/X\n',
 ' clkload520/X\n',
 ' clkload521/X\n',
 ' clkload522/X\n',
 ' clkload523/X\n',
 ' clkload524/X\n',
 ' clkload525/X\n',
 ' clkload526/X\n',
 ' clkload527/X\n',
 ' clkload528/X\n',
 ' clkload529/X\n',
 ' clkload53/X\n',
 ' clkload530/X\n',
 ' clkload531/X\n',
 ' clkload532/X\n',
 ' clkload533/X\n',
 ' clkload534/X\n',
 ' clkload535/X\n',
 ' clkload536/X\n',
 ' clkload537/X\n',
 ' clkload538/X\n',
 ' clkload539/X\n',
 ' clkload54/Y\n',
 ' clkload540/X\n',
 ' clkload541/X\n',
 ' clkload542/X\n',
 ' clkload543/X\n',
 ' clkload544/Y\n',
 ' clkload545/X\n',
 ' clkload546/X\n',
 ' clkload547/Y\n',
 ' clkload548/X\n',
 ' clkload549/X\n',
 ' clkload55/X\n',
 ' clkload550/X\n',
 ' clkload551/X\n',
 ' clkload552/X\n',
 ' clkload553/X\n',
 ' clkload554/X\n',
 ' clkload555/X\n',
 ' clkload556/X\n',
 ' clkload557/X\n',
 ' clkload558/X\n',
 ' clkload559/X\n',
 ' clkload56/X\n',
 ' clkload560/X\n',
 ' clkload561/X\n',
 ' clkload562/Y\n',
 ' clkload563/X\n',
 ' clkload564/X\n',
 ' clkload565/Y\n',
 ' clkload566/X\n',
 ' clkload567/X\n',
 ' clkload568/X\n',
 ' clkload569/X\n',
 ' clkload57/X\n',
 ' clkload570/X\n',
 ' clkload571/X\n',
 ' clkload572/X\n',
 ' clkload573/X\n',
 ' clkload574/X\n',
 ' clkload575/X\n',
 ' clkload576/X\n',
 ' clkload577/X\n',
 ' clkload578/X\n',
 ' clkload579/X\n',
 ' clkload58/X\n',
 ' clkload580/Y\n',
 ' clkload581/X\n',
 ' clkload582/X\n',
 ' clkload583/Y\n',
 ' clkload584/X\n',
 ' clkload585/X\n',
 ' clkload586/X\n',
 ' clkload587/X\n',
 ' clkload588/X\n',
 ' clkload589/X\n',
 ' clkload59/X\n',
 ' clkload590/X\n',
 ' clkload591/X\n',
 ' clkload592/X\n',
 ' clkload593/X\n',
 ' clkload594/X\n',
 ' clkload595/X\n',
 ' clkload596/X\n',
 ' clkload597/X\n',
 ' clkload598/Y\n',
 ' clkload599/Y\n',
 ' clkload6/Y\n',
 ' clkload60/X\n',
 ' clkload600/X\n',
 ' clkload601/X\n',
 ' clkload602/X\n',
 ' clkload603/X\n',
 ' clkload604/X\n',
 ' clkload605/X\n',
 ' clkload606/X\n',
 ' clkload607/X\n',
 ' clkload608/X\n',
 ' clkload609/X\n',
 ' clkload61/Y\n',
 ' clkload610/X\n',
 ' clkload611/X\n',
 ' clkload612/Y\n',
 ' clkload62/X\n',
 ' clkload63/Y\n',
 ' clkload64/X\n',
 ' clkload65/Y\n',
 ' clkload66/X\n',
 ' clkload67/X\n',
 ' clkload68/X\n',
 ' clkload69/X\n',
 ' clkload7/Y\n',
 ' clkload70/X\n',
 ' clkload71/X\n',
 ' clkload72/X\n',
 ' clkload73/X\n',
 ' clkload74/X\n',
 ' clkload75/X\n',
 ' clkload76/X\n',
 ' clkload77/X\n',
 ' clkload78/X\n',
 ' clkload79/X\n',
 ' clkload8/Y\n',
 ' clkload80/X\n',
 ' clkload81/X\n',
 ' clkload82/X\n',
 ' clkload83/X\n',
 ' clkload84/X\n',
 ' clkload85/X\n',
 ' clkload86/X\n',
 ' clkload87/X\n',
 ' clkload88/Y\n',
 ' clkload89/X\n',
 ' clkload9/Y\n',
 ' clkload90/X\n',
 ' clkload91/X\n',
 ' clkload92/X\n',
 ' clkload93/X\n',
 ' clkload94/X\n',
 ' clkload95/X\n',
 ' clkload96/X\n',
 ' clkload97/X\n',
 ' clkload98/X\n',
 ' clkload99/X\n',
 ' u_sram_in/dout0[10]\n',
 ' u_sram_in/dout0[11]\n',
 ' u_sram_in/dout0[12]\n',
 ' u_sram_in/dout0[13]\n',
 ' u_sram_in/dout0[14]\n',
 ' u_sram_in/dout0[15]\n',
 ' u_sram_in/dout0[16]\n',
 ' u_sram_in/dout0[17]\n',
 ' u_sram_in/dout0[18]\n',
 ' u_sram_in/dout0[19]\n',
 ' u_sram_in/dout0[20]\n',
 ' u_sram_in/dout0[21]\n',
 ' u_sram_in/dout0[22]\n',
 ' u_sram_in/dout0[23]\n',
 ' u_sram_in/dout0[24]\n',
 ' u_sram_in/dout0[25]\n',
 ' u_sram_in/dout0[26]\n',
 ' u_sram_in/dout0[27]\n',
 ' u_sram_in/dout0[28]\n',
 ' u_sram_in/dout0[29]\n',
 ' u_sram_in/dout0[30]\n',
 ' u_sram_in/dout0[31]\n',
 ' u_sram_in/dout0[8]\n',
 ' u_sram_in/dout0[9]\n',
 ' u_sram_in/dout1[0]\n',
 ' u_sram_in/dout1[10]\n',
 ' u_sram_in/dout1[11]\n',
 ' u_sram_in/dout1[12]\n',
 ' u_sram_in/dout1[13]\n',
 ' u_sram_in/dout1[14]\n',
 ' u_sram_in/dout1[15]\n',
 ' u_sram_in/dout1[16]\n',
 ' u_sram_in/dout1[17]\n',
 ' u_sram_in/dout1[18]\n',
 ' u_sram_in/dout1[19]\n',
 ' u_sram_in/dout1[1]\n',
 ' u_sram_in/dout1[20]\n',
 ' u_sram_in/dout1[21]\n',
 ' u_sram_in/dout1[22]\n',
 ' u_sram_in/dout1[23]\n',
 ' u_sram_in/dout1[24]\n',
 ' u_sram_in/dout1[25]\n',
 ' u_sram_in/dout1[26]\n',
 ' u_sram_in/dout1[27]\n',
 ' u_sram_in/dout1[28]\n',
 ' u_sram_in/dout1[29]\n',
 ' u_sram_in/dout1[2]\n',
 ' u_sram_in/dout1[30]\n',
 ' u_sram_in/dout1[31]\n',
 ' u_sram_in/dout1[3]\n',
 ' u_sram_in/dout1[4]\n',
 ' u_sram_in/dout1[5]\n',
 ' u_sram_in/dout1[6]\n',
 ' u_sram_in/dout1[7]\n',
 ' u_sram_in/dout1[8]\n',
 ' u_sram_in/dout1[9]\n',
 'Found 0 partially unannotated drivers.\n',
 '\n']
Reported nets:
['axi_araddr_i[10]',
 'axi_araddr_i[11]',
 'axi_araddr_i[12]',
 'axi_araddr_i[13]',
 'axi_araddr_i[14]',
 'axi_araddr_i[15]',
 'axi_araddr_i[16]',
 'axi_araddr_i[17]',
 'axi_araddr_i[18]',
 'axi_araddr_i[19]',
 'axi_araddr_i[24]',
 'axi_araddr_i[25]',
 'axi_araddr_i[26]',
 'axi_araddr_i[27]',
 'axi_araddr_i[28]',
 'axi_araddr_i[29]',
 'axi_araddr_i[30]',
 'axi_araddr_i[31]',
 'axi_araddr_i[5]',
 'axi_araddr_i[6]',
 'axi_araddr_i[7]',
 'axi_araddr_i[8]',
 'axi_araddr_i[9]',
 'axi_arprot_i[0]',
 'axi_arprot_i[1]',
 'axi_arprot_i[2]',
 'axi_awaddr_i[11]',
 'axi_awaddr_i[12]',
 'axi_awaddr_i[13]',
 'axi_awaddr_i[14]',
 'axi_awaddr_i[15]',
 'axi_awaddr_i[16]',
 'axi_awaddr_i[17]',
 'axi_awaddr_i[18]',
 'axi_awaddr_i[19]',
 'axi_awaddr_i[24]',
 'axi_awaddr_i[25]',
 'axi_awaddr_i[26]',
 'axi_awaddr_i[27]',
 'axi_awaddr_i[28]',
 'axi_awaddr_i[29]',
 'axi_awaddr_i[30]',
 'axi_awaddr_i[31]',
 'axi_awprot_i[0]',
 'axi_awprot_i[1]',
 'axi_awprot_i[2]',
 'axi_wstrb_i[0]',
 'axi_wstrb_i[1]',
 'axi_wstrb_i[2]',
 'axi_wstrb_i[3]',
 '_35310_/LO',
 '_35311_/HI',
 '_35312_/HI',
 '_35313_/HI',
 '_35314_/HI',
 '_35315_/HI',
 '_35316_/HI',
 '_35317_/HI',
 '_35318_/HI',
 '_35319_/HI',
 '_35320_/HI',
 '_35321_/HI',
 '_35322_/HI',
 'clkload0/Y',
 'clkload1/Y',
 'clkload10/Y',
 'clkload100/X',
 'clkload101/X',
 'clkload102/X',
 'clkload103/X',
 'clkload104/X',
 'clkload105/X',
 'clkload106/X',
 'clkload107/X',
 'clkload108/X',
 'clkload109/X',
 'clkload11/Y',
 'clkload110/X',
 'clkload111/X',
 'clkload112/X',
 'clkload113/X',
 'clkload114/X',
 'clkload115/X',
 'clkload116/X',
 'clkload117/Y',
 'clkload118/X',
 'clkload119/Y',
 'clkload12/Y',
 'clkload120/X',
 'clkload121/X',
 'clkload122/X',
 'clkload123/X',
 'clkload124/X',
 'clkload125/X',
 'clkload126/X',
 'clkload127/X',
 'clkload128/X',
 'clkload129/X',
 'clkload13/Y',
 'clkload130/X',
 'clkload131/X',
 'clkload132/X',
 'clkload133/X',
 'clkload134/X',
 'clkload135/X',
 'clkload136/X',
 'clkload137/X',
 'clkload138/X',
 'clkload139/X',
 'clkload14/Y',
 'clkload140/X',
 'clkload141/X',
 'clkload142/X',
 'clkload143/X',
 'clkload144/X',
 'clkload145/X',
 'clkload146/X',
 'clkload147/X',
 'clkload148/X',
 'clkload149/Y',
 'clkload15/Y',
 'clkload150/X',
 'clkload151/X',
 'clkload152/X',
 'clkload153/X',
 'clkload154/X',
 'clkload155/X',
 'clkload156/X',
 'clkload157/X',
 'clkload158/X',
 'clkload159/X',
 'clkload16/Y',
 'clkload160/Y',
 'clkload161/X',
 'clkload162/Y',
 'clkload163/Y',
 'clkload164/X',
 'clkload165/Y',
 'clkload166/X',
 'clkload167/X',
 'clkload168/X',
 'clkload169/X',
 'clkload17/X',
 'clkload170/Y',
 'clkload171/X',
 'clkload172/X',
 'clkload173/X',
 'clkload174/X',
 'clkload175/X',
 'clkload176/X',
 'clkload177/X',
 'clkload178/X',
 'clkload179/Y',
 'clkload18/Y',
 'clkload180/Y',
 'clkload181/X',
 'clkload182/X',
 'clkload183/X',
 'clkload184/X',
 'clkload185/X',
 'clkload186/X',
 'clkload187/X',
 'clkload188/X',
 'clkload189/X',
 'clkload19/Y',
 'clkload190/X',
 'clkload191/X',
 'clkload192/X',
 'clkload193/X',
 'clkload194/X',
 'clkload195/X',
 'clkload196/X',
 'clkload197/Y',
 'clkload198/X',
 'clkload199/X',
 'clkload2/Y',
 'clkload20/Y',
 'clkload200/X',
 'clkload201/X',
 'clkload202/X',
 'clkload203/X',
 'clkload204/Y',
 'clkload205/Y',
 'clkload206/X',
 'clkload207/X',
 'clkload208/X',
 'clkload209/X',
 'clkload21/Y',
 'clkload210/Y',
 'clkload211/X',
 'clkload212/X',
 'clkload213/X',
 'clkload214/Y',
 'clkload215/Y',
 'clkload216/Y',
 'clkload217/X',
 'clkload218/X',
 'clkload219/X',
 'clkload22/Y',
 'clkload220/X',
 'clkload221/X',
 'clkload222/X',
 'clkload223/X',
 'clkload224/X',
 'clkload225/X',
 'clkload226/X',
 'clkload227/X',
 'clkload228/X',
 'clkload229/X',
 'clkload23/Y',
 'clkload230/X',
 'clkload231/X',
 'clkload232/X',
 'clkload233/X',
 'clkload234/Y',
 'clkload235/X',
 'clkload236/X',
 'clkload237/X',
 'clkload238/X',
 'clkload239/Y',
 'clkload24/X',
 'clkload240/X',
 'clkload241/X',
 'clkload242/X',
 'clkload243/X',
 'clkload244/X',
 'clkload245/X',
 'clkload246/X',
 'clkload247/X',
 'clkload248/X',
 'clkload249/X',
 'clkload25/Y',
 'clkload250/X',
 'clkload251/X',
 'clkload252/X',
 'clkload253/X',
 'clkload254/X',
 'clkload255/X',
 'clkload256/X',
 'clkload257/X',
 'clkload258/X',
 'clkload259/X',
 'clkload26/Y',
 'clkload260/Y',
 'clkload261/X',
 'clkload262/Y',
 'clkload263/X',
 'clkload264/X',
 'clkload265/Y',
 'clkload266/X',
 'clkload267/Y',
 'clkload268/X',
 'clkload269/X',
 'clkload27/Y',
 'clkload270/Y',
 'clkload271/X',
 'clkload272/Y',
 'clkload273/X',
 'clkload274/X',
 'clkload275/X',
 'clkload276/X',
 'clkload277/X',
 'clkload278/X',
 'clkload279/X',
 'clkload28/Y',
 'clkload280/X',
 'clkload281/X',
 'clkload282/X',
 'clkload283/X',
 'clkload284/X',
 'clkload285/X',
 'clkload286/X',
 'clkload287/X',
 'clkload288/X',
 'clkload289/X',
 'clkload29/Y',
 'clkload290/X',
 'clkload291/Y',
 'clkload292/X',
 'clkload293/X',
 'clkload294/X',
 'clkload295/X',
 'clkload296/Y',
 'clkload297/X',
 'clkload298/X',
 'clkload299/X',
 'clkload3/Y',
 'clkload30/Y',
 'clkload300/X',
 'clkload301/X',
 'clkload302/X',
 'clkload303/X',
 'clkload304/X',
 'clkload305/X',
 'clkload306/X',
 'clkload307/Y',
 'clkload308/X',
 'clkload309/X',
 'clkload31/Y',
 'clkload310/X',
 'clkload311/X',
 'clkload312/X',
 'clkload313/X',
 'clkload314/X',
 'clkload315/X',
 'clkload316/X',
 'clkload317/X',
 'clkload318/X',
 'clkload319/X',
 'clkload32/Y',
 'clkload320/X',
 'clkload321/X',
 'clkload322/X',
 'clkload323/X',
 'clkload324/X',
 'clkload325/X',
 'clkload326/X',
 'clkload327/X',
 'clkload328/X',
 'clkload329/X',
 'clkload33/Y',
 'clkload330/X',
 'clkload331/X',
 'clkload332/X',
 'clkload333/X',
 'clkload334/X',
 'clkload335/X',
 'clkload336/X',
 'clkload337/Y',
 'clkload338/Y',
 'clkload339/Y',
 'clkload34/Y',
 'clkload340/X',
 'clkload341/Y',
 'clkload342/Y',
 'clkload343/X',
 'clkload344/X',
 'clkload345/X',
 'clkload346/X',
 'clkload347/X',
 'clkload348/X',
 'clkload349/X',
 'clkload35/Y',
 'clkload350/X',
 'clkload351/X',
 'clkload352/X',
 'clkload353/X',
 'clkload354/X',
 'clkload355/X',
 'clkload356/X',
 'clkload357/X',
 'clkload358/X',
 'clkload359/X',
 'clkload36/Y',
 'clkload360/X',
 'clkload361/X',
 'clkload362/X',
 'clkload363/X',
 'clkload364/Y',
 'clkload365/X',
 'clkload366/X',
 'clkload367/X',
 'clkload368/Y',
 'clkload369/X',
 'clkload37/Y',
 'clkload370/X',
 'clkload371/Y',
 'clkload372/X',
 'clkload373/X',
 'clkload374/Y',
 'clkload375/X',
 'clkload376/Y',
 'clkload377/Y',
 'clkload378/X',
 'clkload379/X',
 'clkload38/Y',
 'clkload380/Y',
 'clkload381/X',
 'clkload382/X',
 'clkload383/X',
 'clkload384/X',
 'clkload385/X',
 'clkload386/X',
 'clkload387/X',
 'clkload388/X',
 'clkload389/X',
 'clkload39/Y',
 'clkload390/Y',
 'clkload391/X',
 'clkload392/X',
 'clkload393/X',
 'clkload394/X',
 'clkload395/X',
 'clkload396/Y',
 'clkload397/X',
 'clkload398/X',
 'clkload399/X',
 'clkload4/Y',
 'clkload40/Y',
 'clkload400/X',
 'clkload401/X',
 'clkload402/X',
 'clkload403/Y',
 'clkload404/Y',
 'clkload405/X',
 'clkload406/X',
 'clkload407/X',
 'clkload408/X',
 'clkload409/X',
 'clkload41/Y',
 'clkload410/Y',
 'clkload411/Y',
 'clkload412/Y',
 'clkload413/X',
 'clkload414/X',
 'clkload415/X',
 'clkload416/X',
 'clkload417/Y',
 'clkload418/X',
 'clkload419/X',
 'clkload42/Y',
 'clkload420/Y',
 'clkload421/Y',
 'clkload422/X',
 'clkload423/Y',
 'clkload424/X',
 'clkload425/Y',
 'clkload426/X',
 'clkload427/Y',
 'clkload428/Y',
 'clkload429/Y',
 'clkload43/Y',
 'clkload430/Y',
 'clkload431/X',
 'clkload432/X',
 'clkload433/X',
 'clkload434/X',
 'clkload435/X',
 'clkload436/X',
 'clkload437/X',
 'clkload438/X',
 'clkload439/X',
 'clkload44/Y',
 'clkload440/Y',
 'clkload441/X',
 'clkload442/X',
 'clkload443/X',
 'clkload444/X',
 'clkload445/X',
 'clkload446/X',
 'clkload447/X',
 'clkload448/X',
 'clkload449/X',
 'clkload45/X',
 'clkload450/X',
 'clkload451/X',
 'clkload452/X',
 'clkload453/Y',
 'clkload454/X',
 'clkload455/X',
 'clkload456/X',
 'clkload457/X',
 'clkload458/X',
 'clkload459/Y',
 'clkload46/Y',
 'clkload460/X',
 'clkload461/Y',
 'clkload462/X',
 'clkload463/X',
 'clkload464/X',
 'clkload465/X',
 'clkload466/X',
 'clkload467/X',
 'clkload468/X',
 'clkload469/X',
 'clkload47/Y',
 'clkload470/X',
 'clkload471/Y',
 'clkload472/X',
 'clkload473/X',
 'clkload474/X',
 'clkload475/X',
 'clkload476/X',
 'clkload477/X',
 'clkload478/X',
 'clkload479/X',
 'clkload48/Y',
 'clkload480/X',
 'clkload481/X',
 'clkload482/X',
 'clkload483/X',
 'clkload484/X',
 'clkload485/X',
 'clkload486/X',
 'clkload487/Y',
 'clkload488/X',
 'clkload489/X',
 'clkload49/Y',
 'clkload490/X',
 'clkload491/X',
 'clkload492/X',
 'clkload493/Y',
 'clkload494/X',
 'clkload495/X',
 'clkload496/X',
 'clkload497/X',
 'clkload498/X',
 'clkload499/X',
 'clkload5/Y',
 'clkload50/Y',
 'clkload500/X',
 'clkload501/X',
 'clkload502/Y',
 'clkload503/X',
 'clkload504/X',
 'clkload505/X',
 'clkload506/X',
 'clkload507/Y',
 'clkload508/X',
 'clkload509/X',
 'clkload51/X',
 'clkload510/X',
 'clkload511/X',
 'clkload512/X',
 'clkload513/X',
 'clkload514/X',
 'clkload515/X',
 'clkload516/X',
 'clkload517/X',
 'clkload518/X',
 'clkload519/X',
 'clkload52/X',
 'clkload520/X',
 'clkload521/X',
 'clkload522/X',
 'clkload523/X',
 'clkload524/X',
 'clkload525/X',
 'clkload526/X',
 'clkload527/X',
 'clkload528/X',
 'clkload529/X',
 'clkload53/X',
 'clkload530/X',
 'clkload531/X',
 'clkload532/X',
 'clkload533/X',
 'clkload534/X',
 'clkload535/X',
 'clkload536/X',
 'clkload537/X',
 'clkload538/X',
 'clkload539/X',
 'clkload54/Y',
 'clkload540/X',
 'clkload541/X',
 'clkload542/X',
 'clkload543/X',
 'clkload544/Y',
 'clkload545/X',
 'clkload546/X',
 'clkload547/Y',
 'clkload548/X',
 'clkload549/X',
 'clkload55/X',
 'clkload550/X',
 'clkload551/X',
 'clkload552/X',
 'clkload553/X',
 'clkload554/X',
 'clkload555/X',
 'clkload556/X',
 'clkload557/X',
 'clkload558/X',
 'clkload559/X',
 'clkload56/X',
 'clkload560/X',
 'clkload561/X',
 'clkload562/Y',
 'clkload563/X',
 'clkload564/X',
 'clkload565/Y',
 'clkload566/X',
 'clkload567/X',
 'clkload568/X',
 'clkload569/X',
 'clkload57/X',
 'clkload570/X',
 'clkload571/X',
 'clkload572/X',
 'clkload573/X',
 'clkload574/X',
 'clkload575/X',
 'clkload576/X',
 'clkload577/X',
 'clkload578/X',
 'clkload579/X',
 'clkload58/X',
 'clkload580/Y',
 'clkload581/X',
 'clkload582/X',
 'clkload583/Y',
 'clkload584/X',
 'clkload585/X',
 'clkload586/X',
 'clkload587/X',
 'clkload588/X',
 'clkload589/X',
 'clkload59/X',
 'clkload590/X',
 'clkload591/X',
 'clkload592/X',
 'clkload593/X',
 'clkload594/X',
 'clkload595/X',
 'clkload596/X',
 'clkload597/X',
 'clkload598/Y',
 'clkload599/Y',
 'clkload6/Y',
 'clkload60/X',
 'clkload600/X',
 'clkload601/X',
 'clkload602/X',
 'clkload603/X',
 'clkload604/X',
 'clkload605/X',
 'clkload606/X',
 'clkload607/X',
 'clkload608/X',
 'clkload609/X',
 'clkload61/Y',
 'clkload610/X',
 'clkload611/X',
 'clkload612/Y',
 'clkload62/X',
 'clkload63/Y',
 'clkload64/X',
 'clkload65/Y',
 'clkload66/X',
 'clkload67/X',
 'clkload68/X',
 'clkload69/X',
 'clkload7/Y',
 'clkload70/X',
 'clkload71/X',
 'clkload72/X',
 'clkload73/X',
 'clkload74/X',
 'clkload75/X',
 'clkload76/X',
 'clkload77/X',
 'clkload78/X',
 'clkload79/X',
 'clkload8/Y',
 'clkload80/X',
 'clkload81/X',
 'clkload82/X',
 'clkload83/X',
 'clkload84/X',
 'clkload85/X',
 'clkload86/X',
 'clkload87/X',
 'clkload88/Y',
 'clkload89/X',
 'clkload9/Y',
 'clkload90/X',
 'clkload91/X',
 'clkload92/X',
 'clkload93/X',
 'clkload94/X',
 'clkload95/X',
 'clkload96/X',
 'clkload97/X',
 'clkload98/X',
 'clkload99/X',
 'u_sram_in/dout0[10]',
 'u_sram_in/dout0[11]',
 'u_sram_in/dout0[12]',
 'u_sram_in/dout0[13]',
 'u_sram_in/dout0[14]',
 'u_sram_in/dout0[15]',
 'u_sram_in/dout0[16]',
 'u_sram_in/dout0[17]',
 'u_sram_in/dout0[18]',
 'u_sram_in/dout0[19]',
 'u_sram_in/dout0[20]',
 'u_sram_in/dout0[21]',
 'u_sram_in/dout0[22]',
 'u_sram_in/dout0[23]',
 'u_sram_in/dout0[24]',
 'u_sram_in/dout0[25]',
 'u_sram_in/dout0[26]',
 'u_sram_in/dout0[27]',
 'u_sram_in/dout0[28]',
 'u_sram_in/dout0[29]',
 'u_sram_in/dout0[30]',
 'u_sram_in/dout0[31]',
 'u_sram_in/dout0[8]',
 'u_sram_in/dout0[9]',
 'u_sram_in/dout1[0]',
 'u_sram_in/dout1[10]',
 'u_sram_in/dout1[11]',
 'u_sram_in/dout1[12]',
 'u_sram_in/dout1[13]',
 'u_sram_in/dout1[14]',
 'u_sram_in/dout1[15]',
 'u_sram_in/dout1[16]',
 'u_sram_in/dout1[17]',
 'u_sram_in/dout1[18]',
 'u_sram_in/dout1[19]',
 'u_sram_in/dout1[1]',
 'u_sram_in/dout1[20]',
 'u_sram_in/dout1[21]',
 'u_sram_in/dout1[22]',
 'u_sram_in/dout1[23]',
 'u_sram_in/dout1[24]',
 'u_sram_in/dout1[25]',
 'u_sram_in/dout1[26]',
 'u_sram_in/dout1[27]',
 'u_sram_in/dout1[28]',
 'u_sram_in/dout1[29]',
 'u_sram_in/dout1[2]',
 'u_sram_in/dout1[30]',
 'u_sram_in/dout1[31]',
 'u_sram_in/dout1[3]',
 'u_sram_in/dout1[4]',
 'u_sram_in/dout1[5]',
 'u_sram_in/dout1[6]',
 'u_sram_in/dout1[7]',
 'u_sram_in/dout1[8]',
 'u_sram_in/dout1[9]']
Filtered nets:
[]
done
