
===========================================================================
 report_power
============================================================================
======================= min_ff_n40C_1v95 Corner ===================================

Group                    Internal    Switching      Leakage        Total
                            Power        Power        Power        Power (Watts)
------------------------------------------------------------------------
Sequential           4.911799e-03 2.611757e-05 1.420166e-07 4.938058e-03  47.9%
Combinational        1.487532e-04 8.067643e-04 2.962561e-07 9.558138e-04   9.3%
Clock                1.866857e-03 1.953371e-03 6.225505e-07 3.820851e-03  37.0%
Macro                5.901211e-04 0.000000e+00 9.516000e-06 5.996371e-04   5.8%
Pad                  0.000000e+00 0.000000e+00 0.000000e+00 0.000000e+00   0.0%
------------------------------------------------------------------------
Total                7.517430e-03 2.786169e-03 1.057684e-05 1.031418e-02 100.0%
                            72.9%        27.0%         0.1%

