Clock: clk_i
Sources: clk_i 
Generated: no
Virtual: yes
Propagated: no
Period: 65.000000

===========================================================================
report_clock_properties
============================================================================
Clock                   Period          Waveform
----------------------------------------------------
clk_i                65.000000    0.000000 32.500000

===========================================================================
report_clock_latency
============================================================================
Clock clk_i
rise -> rise
    min     max
0.000000 0.000000 source latency
1.432067         network latency u_sram_in/clk1
        2.458654 network latency _33443_/CLK
---------------
1.432067 2.458654 latency
        1.026586 skew

fall -> fall
    min     max
0.000000 0.000000 source latency
1.589669         network latency u_sram_in/clk1
        2.298485 network latency _33443_/CLK
---------------
1.589669 2.298485 latency
        0.708816 skew



===========================================================================
report_clock_min_period
============================================================================
clk_i period_min = 67.12 fmax = 14.90
