Clock: clk_i
Sources: clk_i 
Generated: no
Virtual: yes
Propagated: no
Period: 20.000000

===========================================================================
report_clock_properties
============================================================================
Clock                   Period          Waveform
----------------------------------------------------
clk_i                20.000000    0.000000 10.000000

===========================================================================
report_clock_latency
============================================================================
Clock clk_i
rise -> rise
    min     max
0.000000 0.000000 source latency
0.454472         network latency u_sram/clk1
        0.591600 network latency _48_/CLK
---------------
0.454472 0.591600 latency
        0.137128 skew

fall -> fall
    min     max
0.000000 0.000000 source latency
0.509440         network latency u_sram/clk1
        0.688963 network latency _48_/CLK
---------------
0.509440 0.688963 latency
        0.179522 skew



===========================================================================
report_clock_min_period
============================================================================
clk_i period_min = 3.94 fmax = 254.07
