
===========================================================================
 report_power
============================================================================
======================= min_ss_100C_1v60 Corner ===================================

Group                    Internal    Switching      Leakage        Total
                            Power        Power        Power        Power (Watts)
------------------------------------------------------------------------
Sequential           6.330904e-06 0.000000e+00 7.738301e-08 6.408287e-06   0.3%
Combinational        1.215844e-07 4.131843e-07 1.881504e-07 7.229191e-07   0.0%
Clock                5.094973e-05 1.992693e-05 2.287982e-07 7.110546e-05   3.5%
Macro                1.917893e-03 0.000000e+00 9.516000e-06 1.927409e-03  96.1%
Pad                  0.000000e+00 0.000000e+00 0.000000e+00 0.000000e+00   0.0%
------------------------------------------------------------------------
Total                1.975296e-03 2.034011e-05 1.001033e-05 2.005646e-03 100.0%
                            98.5%         1.0%         0.5%

