
===========================================================================
Violator List
============================================================================
[hold in-reg] axi_wdata_i[24] -> _35282_/D : -0.389085
[hold in-reg] axi_awaddr_i[6] -> _35213_/D : -0.384755
[hold in-reg] axi_awaddr_i[6] -> _35254_/D : -0.384705
[hold in-reg] axi_awaddr_i[7] -> _35214_/D : -0.384315
[hold in-reg] axi_wdata_i[16] -> _35274_/D : -0.383749
[hold in-reg] axi_wdata_i[25] -> _35283_/D : -0.383599
[hold in-reg] axi_wdata_i[22] -> _35280_/D : -0.383428
[hold in-reg] axi_wdata_i[26] -> _35284_/D : -0.383299
[hold in-reg] axi_awaddr_i[7] -> _35255_/D : -0.382271
[hold in-reg] axi_wdata_i[21] -> _35279_/D : -0.381520
[hold in-reg] axi_awaddr_i[5] -> _35253_/D : -0.381403
[hold in-reg] axi_wdata_i[14] -> _35272_/D : -0.381146
[hold in-reg] axi_wdata_i[20] -> _35278_/D : -0.380865
[hold in-reg] axi_wdata_i[19] -> _35277_/D : -0.379834
[hold in-reg] axi_wdata_i[18] -> _35276_/D : -0.378087
[hold in-reg] axi_awaddr_i[5] -> _35212_/D : -0.377701
[hold in-reg] axi_wdata_i[7] -> _35225_/D : -0.376859
[hold in-reg] axi_wdata_i[27] -> _35285_/D : -0.376679
[hold in-reg] axi_wdata_i[17] -> _35275_/D : -0.376602
[hold in-reg] axi_wdata_i[10] -> _35268_/D : -0.376374
[hold in-reg] axi_wdata_i[15] -> _35273_/D : -0.374813
[hold in-reg] axi_awaddr_i[8] -> _35256_/D : -0.374805
[hold in-reg] axi_wdata_i[23] -> _35281_/D : -0.374637
[hold in-reg] axi_wdata_i[12] -> _35270_/D : -0.374222
[hold in-reg] axi_wdata_i[8] -> _35266_/D : -0.373184
[hold in-reg] axi_wdata_i[28] -> _35286_/D : -0.372042
[hold in-reg] axi_wdata_i[30] -> _35288_/D : -0.371761
[hold in-reg] axi_wdata_i[31] -> _35289_/D : -0.367335
[hold in-reg] axi_wdata_i[29] -> _35287_/D : -0.363003
[hold in-reg] axi_awaddr_i[10] -> _35217_/D : -0.359499
[hold in-reg] axi_awaddr_i[3] -> _35251_/D : -0.355942
[hold in-reg] axi_awaddr_i[9] -> _35216_/D : -0.353852
[hold in-reg] axi_awaddr_i[9] -> _35257_/D : -0.351623
[hold in-reg] axi_awaddr_i[3] -> _35210_/D : -0.349691
[hold in-reg] axi_awaddr_i[2] -> _35250_/D : -0.346544
[hold in-reg] axi_awaddr_i[2] -> _35209_/D : -0.345499
[hold in-reg] axi_wdata_i[4] -> _34927_/D : -0.344508
[hold in-reg] axi_wdata_i[6] -> _34961_/D : -0.344094
[hold in-reg] axi_wdata_i[6] -> _35057_/D : -0.343438
[hold in-reg] axi_wdata_i[4] -> _34991_/D : -0.343144
[hold in-reg] axi_wdata_i[4] -> _35023_/D : -0.342871
[hold in-reg] axi_wdata_i[4] -> _34959_/D : -0.342724
[hold in-reg] axi_wdata_i[4] -> _35055_/D : -0.341279
[hold in-reg] axi_wdata_i[6] -> _34897_/D : -0.339079
[hold in-reg] axi_awaddr_i[4] -> _35211_/D : -0.338596
[hold in-reg] axi_wdata_i[6] -> _34993_/D : -0.334060
[hold in-reg] axi_wdata_i[4] -> _34895_/D : -0.332040
[hold in-reg] axi_wdata_i[6] -> _35025_/D : -0.330990
[hold in-reg] axi_wdata_i[6] -> _34929_/D : -0.324321
[hold in-reg] axi_wdata_i[3] -> _35261_/D : -0.312708
[hold in-reg] axi_bready_i -> _35302_/D : -0.292113
[hold in-reg] axi_bready_i -> _35290_/D : -0.287526
[hold in-reg] axi_bready_i -> _35292_/D : -0.271632
[hold in-reg] axi_rready_i -> _35291_/D : -0.266972
[hold in-reg] axi_awaddr_i[20] -> _35206_/D : -0.186156
[hold in-reg] axi_awaddr_i[21] -> _35207_/D : -0.065320
[hold in-reg] axi_awaddr_i[21] -> _35208_/D : -0.025263
[setup reg-reg] _33644_/Q -> _33738_/D : -2.116423
[setup reg-reg] _33644_/Q -> _33736_/D : -1.988980
[setup reg-reg] _33644_/Q -> _33737_/D : -1.698084
[setup reg-reg] _33644_/Q -> _33735_/D : -0.831051
[setup reg-reg] _33644_/Q -> _33734_/D : -0.477407
[setup reg-reg] _33644_/Q -> _33732_/D : -0.369184
