Clock: clk_i
Sources: clk_i 
Generated: no
Virtual: yes
Propagated: no
Period: 65.000000

===========================================================================
report_clock_properties
============================================================================
Clock                   Period          Waveform
----------------------------------------------------
clk_i                65.000000    0.000000 32.500000

===========================================================================
report_clock_latency
============================================================================
Clock clk_i
rise -> rise
    min     max
0.000000 0.000000 source latency
0.845002         network latency u_sram_in/clk1
        1.528664 network latency _33443_/CLK
---------------
0.845002 1.528664 latency
        0.683662 skew

fall -> fall
    min     max
0.000000 0.000000 source latency
0.935234         network latency u_sram_in/clk1
        1.431115 network latency _33443_/CLK
---------------
0.935234 1.431115 latency
        0.495881 skew



===========================================================================
report_clock_min_period
============================================================================
clk_i period_min = 45.11 fmax = 22.17
