
===========================================================================
 report_power
============================================================================
======================= nom_tt_025C_1v80 Corner ===================================

Group                    Internal    Switching      Leakage        Total
                            Power        Power        Power        Power (Watts)
------------------------------------------------------------------------
Sequential           4.224667e-03 2.269261e-05 6.099116e-08 4.247420e-03  47.0%
Combinational        1.406726e-04 7.194793e-04 1.160601e-07 8.602680e-04   9.5%
Clock                1.627566e-03 1.710958e-03 5.052273e-07 3.339029e-03  36.9%
Macro                5.901211e-04 0.000000e+00 9.516000e-06 5.996371e-04   6.6%
Pad                  0.000000e+00 0.000000e+00 0.000000e+00 0.000000e+00   0.0%
------------------------------------------------------------------------
Total                6.582685e-03 2.453016e-03 1.019838e-05 9.045899e-03 100.0%
                            72.8%        27.1%         0.1%

