150. Printing statistics.

=== yz_top_sram ===

        +----------Local Count, excluding submodules.
        |        +-Local Area, excluding submodules.
        |        | 
    21120        - wires
    21253        - wire bits
     6904        - public wires
     7037        - public wire bits
       22        - ports
      155        - port bits
    21109 3.06E+05 cells
      107 1.34E+03   sky130_fd_sc_hd__a2111o_2
        1   15.014   sky130_fd_sc_hd__a2111oi_2
       92  920.883   sky130_fd_sc_hd__a211o_2
       16  200.192   sky130_fd_sc_hd__a211oi_2
       25   250.24   sky130_fd_sc_hd__a21bo_2
       13   146.39   sky130_fd_sc_hd__a21boi_2
      277 2.43E+03   sky130_fd_sc_hd__a21o_2
      214 1.87E+03   sky130_fd_sc_hd__a21oi_2
      154 1.73E+03   sky130_fd_sc_hd__a221o_2
        2   30.029   sky130_fd_sc_hd__a221oi_2
      196 1.96E+03   sky130_fd_sc_hd__a22o_2
       15   187.68   sky130_fd_sc_hd__a22oi_2
       28  315.302   sky130_fd_sc_hd__a2bb2o_2
       17  191.434   sky130_fd_sc_hd__a311o_2
        2   30.029   sky130_fd_sc_hd__a311oi_2
       92  805.773   sky130_fd_sc_hd__a31o_2
        5    62.56   sky130_fd_sc_hd__a31oi_2
      133  1.5E+03   sky130_fd_sc_hd__a32o_2
        3   48.797   sky130_fd_sc_hd__a32oi_2
        4   45.043   sky130_fd_sc_hd__a41o_2
      583 4.38E+03   sky130_fd_sc_hd__and2_2
       61  534.262   sky130_fd_sc_hd__and2b_2
      546  4.1E+03   sky130_fd_sc_hd__and3_2
       24   240.23   sky130_fd_sc_hd__and3b_2
       22  220.211   sky130_fd_sc_hd__and4_2
        9  101.347   sky130_fd_sc_hd__and4b_2
       11  137.632   sky130_fd_sc_hd__and4bb_2
        1    5.005   sky130_fd_sc_hd__buf_2
       13   48.797   sky130_fd_sc_hd__conb_1
      714 1.88E+04   sky130_fd_sc_hd__dfrtp_2
        3   78.826   sky130_fd_sc_hd__dfstp_2
     6096  1.3E+05   sky130_fd_sc_hd__dfxtp_2
       77  289.027   sky130_fd_sc_hd__inv_2
     6580 7.41E+04   sky130_fd_sc_hd__mux2_1
     1117 2.52E+04   sky130_fd_sc_hd__mux4_2
      533 3.33E+03   sky130_fd_sc_hd__nand2_2
       54  472.954   sky130_fd_sc_hd__nand2b_2
       40  400.384   sky130_fd_sc_hd__nand3_2
        2   22.522   sky130_fd_sc_hd__nand3b_2
        3   37.536   sky130_fd_sc_hd__nand4_2
      793 4.96E+03   sky130_fd_sc_hd__nor2_2
       25   250.24   sky130_fd_sc_hd__nor3_2
        5    62.56   sky130_fd_sc_hd__nor3b_2
        6   75.072   sky130_fd_sc_hd__nor4_2
        5   75.072   sky130_fd_sc_hd__nor4b_2
        6   75.072   sky130_fd_sc_hd__o2111a_2
        7  105.101   sky130_fd_sc_hd__o2111ai_2
      106 1.06E+03   sky130_fd_sc_hd__o211a_2
       12  150.144   sky130_fd_sc_hd__o211ai_2
      133 1.16E+03   sky130_fd_sc_hd__o21a_2
       83  726.947   sky130_fd_sc_hd__o21ai_2
       18  180.173   sky130_fd_sc_hd__o21ba_2
        6   67.565   sky130_fd_sc_hd__o21bai_2
      130 1.46E+03   sky130_fd_sc_hd__o221a_2
      504 5.04E+03   sky130_fd_sc_hd__o22a_2
        9  112.608   sky130_fd_sc_hd__o22ai_2
       13   146.39   sky130_fd_sc_hd__o2bb2a_2
        1   15.014   sky130_fd_sc_hd__o2bb2ai_2
        3   33.782   sky130_fd_sc_hd__o311a_2
        1   16.266   sky130_fd_sc_hd__o311ai_2
       31  310.298   sky130_fd_sc_hd__o31a_2
        8  100.096   sky130_fd_sc_hd__o31ai_2
       18  202.694   sky130_fd_sc_hd__o32a_2
        3   48.797   sky130_fd_sc_hd__o32ai_2
        1   12.512   sky130_fd_sc_hd__o41a_2
      428 2.68E+03   sky130_fd_sc_hd__or2_2
      125    938.4   sky130_fd_sc_hd__or3_2
       35  306.544   sky130_fd_sc_hd__or3b_2
      213 1.87E+03   sky130_fd_sc_hd__or4_2
       17  170.163   sky130_fd_sc_hd__or4b_2
        8  100.096   sky130_fd_sc_hd__or4bb_2
      306 4.98E+03   sky130_fd_sc_hd__xnor2_2
      164 2.67E+03   sky130_fd_sc_hd__xor2_2
        1        -   sky130_sram_1kbyte_1rw1r_32x256_8

   Area for cell type \sky130_sram_1kbyte_1rw1r_32x256_8 is unknown!

   Chip area for module '\yz_top_sram': 306323.788800
     of which used for sequential elements: 148503.676800 (48.48%)

