
 /----------------------------------------------------------------------------\
 |  yosys -- Yosys Open SYnthesis Suite                                       |
 |  Copyright (C) 2012 - 2026  Claire Xenia Wolf <claire@yosyshq.com>         |
 |  Distributed under an ISC-like license, type "license" to see terms        |
 \----------------------------------------------------------------------------/
 Yosys 0.62 (git sha1 7326bb7d6641500ecb285c291a54a662cb1e76cf, clang++ 21.1.2 -fPIC -O3)

1. Executing Liberty frontend: /home/ubuntu/.ciel/ciel/sky130/versions/8afc8346a57fe1ab7934ba5a6056ea8b43078e71/sky130A/libs.ref/sky130_fd_sc_hd/lib/sky130_fd_sc_hd__tt_025C_1v80.lib
Imported 428 cell types from liberty file.

2. Executing Verilog-2005 frontend: /home/ubuntu/zuga-final/asic/macros/sky130_sram_1kbyte_1rw1r_32x256_8/verilog/sky130_sram_1kbyte_1rw1r_32x256_8.v
Parsing SystemVerilog input from `/home/ubuntu/zuga-final/asic/macros/sky130_sram_1kbyte_1rw1r_32x256_8/verilog/sky130_sram_1kbyte_1rw1r_32x256_8.v' to AST representation.
Generating RTLIL representation for module `\sky130_sram_1kbyte_1rw1r_32x256_8'.
Successfully finished Verilog frontend.
[INFO] Using SDC file '/home/ubuntu/zuga-final/asic/runs/run1/06-yosys-synthesis/synthesis.abc.sdc' for ABC…wtaf

3. Executing Verilog-2005 frontend: /home/ubuntu/zuga-final/rtl/ram_axi.sv
Parsing SystemVerilog input from `/home/ubuntu/zuga-final/rtl/ram_axi.sv' to AST representation.
Storing AST representation for module `$abstract\ram_axi'.
Successfully finished Verilog frontend.

4. Executing HIERARCHY pass (managing design hierarchy).

5. Executing AST frontend in derive mode using pre-parsed AST for module `\ram_axi'.
Generating RTLIL representation for module `\ram_axi'.

5.1. Analyzing design hierarchy..
Top module:  \ram_axi

5.2. Analyzing design hierarchy..
Top module:  \ram_axi
Removing unused module `$abstract\ram_axi'.
Removed 1 unused modules.
Renaming module ram_axi to ram_axi.

6. Executing ATTRMAP pass (move or copy attributes).

7. Executing TRIBUF pass.

8. Executing HIERARCHY pass (managing design hierarchy).

8.1. Analyzing design hierarchy..
Top module:  \ram_axi

8.2. Analyzing design hierarchy..
Top module:  \ram_axi
Removed 0 unused modules.

9. Executing PROC_CLEAN pass (remove empty switches from decision trees).
Cleaned up 0 empty switches.

10. Executing PROC_RMDEAD pass (remove dead branches from decision trees).
Removed 1 dead cases from process $proc$/home/ubuntu/zuga-final/rtl/ram_axi.sv:126$16 in module ram_axi.
Marked 3 switch rules as full_case in process $proc$/home/ubuntu/zuga-final/rtl/ram_axi.sv:126$16 in module ram_axi.
Marked 2 switch rules as full_case in process $proc$/home/ubuntu/zuga-final/rtl/ram_axi.sv:94$13 in module ram_axi.
Removed a total of 1 dead cases.

11. Executing PROC_PRUNE pass (remove redundant assignments in processes).
Removed 0 redundant assignments.
Promoted 5 assignments to connections.

12. Executing PROC_INIT pass (extract init attributes).

13. Executing PROC_ARST pass (detect async resets in processes).
Found async reset \rst_ni in `\ram_axi.$proc$/home/ubuntu/zuga-final/rtl/ram_axi.sv:126$16'.

14. Executing PROC_ROM pass (convert switches to ROMs).
Converted 0 switches.
<suppressed ~7 debug messages>

15. Executing PROC_MUX pass (convert decision trees to multiplexers).
Creating decoders for process `\ram_axi.$proc$/home/ubuntu/zuga-final/rtl/ram_axi.sv:126$16'.
     1/1: $0\state_q[1:0]
Creating decoders for process `\ram_axi.$proc$/home/ubuntu/zuga-final/rtl/ram_axi.sv:94$13'.
     1/7: $2\sram_addr0[7:0]
     2/7: $2\sram_web0[0:0]
     3/7: $2\sram_csb0[0:0]
     4/7: $1\sram_addr0[7:0]
     5/7: $1\sram_wmask0[3:0]
     6/7: $1\sram_web0[0:0]
     7/7: $1\sram_csb0[0:0]

16. Executing PROC_DLATCH pass (convert process syncs to latches).
No latch inferred for signal `\ram_axi.\sram_csb0' from process `\ram_axi.$proc$/home/ubuntu/zuga-final/rtl/ram_axi.sv:94$13'.
No latch inferred for signal `\ram_axi.\sram_web0' from process `\ram_axi.$proc$/home/ubuntu/zuga-final/rtl/ram_axi.sv:94$13'.
No latch inferred for signal `\ram_axi.\sram_wmask0' from process `\ram_axi.$proc$/home/ubuntu/zuga-final/rtl/ram_axi.sv:94$13'.
No latch inferred for signal `\ram_axi.\sram_addr0' from process `\ram_axi.$proc$/home/ubuntu/zuga-final/rtl/ram_axi.sv:94$13'.
No latch inferred for signal `\ram_axi.\sram_din0' from process `\ram_axi.$proc$/home/ubuntu/zuga-final/rtl/ram_axi.sv:94$13'.

17. Executing PROC_DFF pass (convert process syncs to FFs).
Creating register for signal `\ram_axi.\state_q' using process `\ram_axi.$proc$/home/ubuntu/zuga-final/rtl/ram_axi.sv:126$16'.
  created $adff cell `$procdff$65' with positive edge clock and positive level reset.

18. Executing PROC_MEMWR pass (convert process memory writes to cells).

19. Executing PROC_CLEAN pass (remove empty switches from decision trees).
Found and cleaned up 5 empty switches in `\ram_axi.$proc$/home/ubuntu/zuga-final/rtl/ram_axi.sv:126$16'.
Removing empty process `ram_axi.$proc$/home/ubuntu/zuga-final/rtl/ram_axi.sv:126$16'.
Found and cleaned up 2 empty switches in `\ram_axi.$proc$/home/ubuntu/zuga-final/rtl/ram_axi.sv:94$13'.
Removing empty process `ram_axi.$proc$/home/ubuntu/zuga-final/rtl/ram_axi.sv:94$13'.
Cleaned up 7 empty switches.

20. Executing CHECK pass (checking for obvious problems).
Checking module ram_axi...
Found and reported 0 problems.

21. Executing OPT_EXPR pass (perform const folding).
Optimizing module ram_axi.
<suppressed ~6 debug messages>

22. Executing FLATTEN pass (flatten design).

23. Executing OPT_EXPR pass (perform const folding).
Optimizing module ram_axi.

24. Executing OPT_CLEAN pass (remove unused cells and wires).
Finding unused cells or wires in module \ram_axi..
Removed 2 unused cells and 38 unused wires.
<suppressed ~3 debug messages>

25. Executing OPT_EXPR pass (perform const folding).
Optimizing module ram_axi.

26. Executing OPT_MERGE pass (detect identical cells).
Finding identical cells in module `\ram_axi'.
Computing hashes of 29 cells of `\ram_axi'.
Finding duplicate cells in `\ram_axi'.
Computing hashes of 25 cells of `\ram_axi'.
Finding duplicate cells in `\ram_axi'.
<suppressed ~12 debug messages>
Removed a total of 4 cells.

27. Executing OPT_MUXTREE pass (detect dead branches in mux trees).
Running muxtree optimizer on module \ram_axi..
  Creating internal representation of mux trees.
  Evaluating internal representation of mux trees.
  Analyzing evaluation results.
    dead port 1/2 on $mux $procmux$36.
    dead port 1/2 on $mux $procmux$41.
    dead port 1/2 on $mux $procmux$47.
Removed 3 multiplexer ports.
<suppressed ~19 debug messages>

28. Executing OPT_REDUCE pass (consolidate $*mux and $reduce_* inputs).
  Optimizing cells in module \ram_axi.
Performed a total of 0 changes.

29. Executing OPT_MERGE pass (detect identical cells).
Finding identical cells in module `\ram_axi'.
Computing hashes of 22 cells of `\ram_axi'.
Finding duplicate cells in `\ram_axi'.
Removed a total of 0 cells.

30. Executing OPT_DFF pass (perform DFF optimizations).

31. Executing OPT_CLEAN pass (remove unused cells and wires).
Finding unused cells or wires in module \ram_axi..
Removed 0 unused cells and 7 unused wires.
<suppressed ~1 debug messages>

32. Executing OPT_EXPR pass (perform const folding).
Optimizing module ram_axi.

33. Rerunning OPT passes. (Maybe there is more to do…)

34. Executing OPT_MUXTREE pass (detect dead branches in mux trees).
Running muxtree optimizer on module \ram_axi..
  Creating internal representation of mux trees.
  Evaluating internal representation of mux trees.
  Analyzing evaluation results.
Removed 0 multiplexer ports.
<suppressed ~16 debug messages>

35. Executing OPT_REDUCE pass (consolidate $*mux and $reduce_* inputs).
  Optimizing cells in module \ram_axi.
Performed a total of 0 changes.

36. Executing OPT_MERGE pass (detect identical cells).
Finding identical cells in module `\ram_axi'.
Computing hashes of 22 cells of `\ram_axi'.
Finding duplicate cells in `\ram_axi'.
Removed a total of 0 cells.

37. Executing OPT_DFF pass (perform DFF optimizations).

38. Executing OPT_CLEAN pass (remove unused cells and wires).
Finding unused cells or wires in module \ram_axi..

39. Executing OPT_EXPR pass (perform const folding).
Optimizing module ram_axi.

40. Executing FSM pass (extract and optimize FSM).

40.1. Executing FSM_DETECT pass (finding FSMs in design).
Found FSM state register ram_axi.state_q.

40.2. Executing FSM_EXTRACT pass (extracting FSM from design).
Extracting FSM `\state_q' from module `\ram_axi'.
  found $adff cell for state register: $procdff$65
  root of input selection tree: $0\state_q[1:0]
  found reset state: 2'00 (from async reset)
  found ctrl input: \axi_rvalid_o
  found ctrl input: \axi_bvalid_o
  found ctrl input: $procmux$25_CMP
  found ctrl input: $eq$/home/ubuntu/zuga-final/rtl/ram_axi.sv:90$5_Y
  found ctrl input: \axi_rready_i
  found ctrl input: \axi_bready_i
  found state code: 2'11
  found ctrl input: \do_write
  found ctrl input: \axi_arready_o
  found state code: 2'01
  found state code: 2'10
  found ctrl output: $eq$/home/ubuntu/zuga-final/rtl/ram_axi.sv:90$5_Y
  found ctrl output: \axi_bvalid_o
  found ctrl output: \axi_rvalid_o
  found ctrl output: $procmux$25_CMP
  ctrl inputs: { \do_write \axi_rready_i \axi_arready_o \axi_bready_i }
  ctrl outputs: { $procmux$25_CMP $0\state_q[1:0] $eq$/home/ubuntu/zuga-final/rtl/ram_axi.sv:90$5_Y \axi_rvalid_o \axi_bvalid_o }
  transition:       2'00 4'0-0- ->       2'00 6'000100
  transition:       2'00 4'0-1- ->       2'01 6'001100
  transition:       2'00 4'1--- ->       2'10 6'010100
  transition:       2'10 4'---0 ->       2'10 6'010001
  transition:       2'10 4'---1 ->       2'00 6'000001
  transition:       2'01 4'---- ->       2'11 6'111000
  transition:       2'11 4'-0-- ->       2'11 6'011010
  transition:       2'11 4'-1-- ->       2'00 6'000010

40.3. Executing FSM_OPT pass (simple optimizations of FSMs).
Optimizing FSM `$fsm$\state_q$66' from module `\ram_axi'.

40.4. Executing OPT_CLEAN pass (remove unused cells and wires).
Finding unused cells or wires in module \ram_axi..
Removed 10 unused cells and 10 unused wires.
<suppressed ~11 debug messages>

40.5. Executing FSM_OPT pass (simple optimizations of FSMs).
Optimizing FSM `$fsm$\state_q$66' from module `\ram_axi'.
  Removing unused output signal $0\state_q[1:0] [0].
  Removing unused output signal $0\state_q[1:0] [1].
  Removing unused output signal $procmux$25_CMP.

40.6. Executing FSM_RECODE pass (re-assigning FSM state encoding).
Recoding FSM `$fsm$\state_q$66' from module `\ram_axi' using `auto' encoding:
  mapping auto encoding to `one-hot` for this FSM.
  00 -> ---1
  10 -> --1-
  01 -> -1--
  11 -> 1---

40.7. Executing FSM_INFO pass (dumping all available information on FSM cells).

FSM `$fsm$\state_q$66' from module `ram_axi':
-------------------------------------

  Information on FSM $fsm$\state_q$66 (\state_q):

  Number of input signals:    4
  Number of output signals:   3
  Number of state bits:       4

  Input signals:
    0: \axi_bready_i
    1: \axi_arready_o
    2: \axi_rready_i
    3: \do_write

  Output signals:
    0: \axi_bvalid_o
    1: \axi_rvalid_o
    2: $eq$/home/ubuntu/zuga-final/rtl/ram_axi.sv:90$5_Y

  State encoding:
    0:     4'---1  <RESET STATE>
    1:     4'--1-
    2:     4'-1--
    3:     4'1---

  Transition Table (state_in, ctrl_in, state_out, ctrl_out):
      0:     0 4'0-0-   ->     0 3'100
      1:     0 4'1---   ->     1 3'100
      2:     0 4'0-1-   ->     2 3'100
      3:     1 4'---1   ->     0 3'001
      4:     1 4'---0   ->     1 3'001
      5:     2 4'----   ->     3 3'000
      6:     3 4'-1--   ->     0 3'010
      7:     3 4'-0--   ->     3 3'010

-------------------------------------

40.8. Executing FSM_MAP pass (mapping FSMs to basic logic).
Mapping FSM `$fsm$\state_q$66' from module `\ram_axi'.

41. Executing OPT_EXPR pass (perform const folding).
Optimizing module ram_axi.
<suppressed ~6 debug messages>

42. Executing OPT_MERGE pass (detect identical cells).
Finding identical cells in module `\ram_axi'.
Computing hashes of 27 cells of `\ram_axi'.
Finding duplicate cells in `\ram_axi'.
Removed a total of 0 cells.

43. Executing OPT_MUXTREE pass (detect dead branches in mux trees).
Running muxtree optimizer on module \ram_axi..
  Creating internal representation of mux trees.
  Evaluating internal representation of mux trees.
  Analyzing evaluation results.
Removed 0 multiplexer ports.
<suppressed ~10 debug messages>

44. Executing OPT_REDUCE pass (consolidate $*mux and $reduce_* inputs).
  Optimizing cells in module \ram_axi.
Performed a total of 0 changes.

45. Executing OPT_MERGE pass (detect identical cells).
Finding identical cells in module `\ram_axi'.
Computing hashes of 27 cells of `\ram_axi'.
Finding duplicate cells in `\ram_axi'.
Removed a total of 0 cells.

46. Executing OPT_DFF pass (perform DFF optimizations).

47. Executing OPT_CLEAN pass (remove unused cells and wires).
Finding unused cells or wires in module \ram_axi..
Removed 0 unused cells and 8 unused wires.
<suppressed ~1 debug messages>

48. Executing OPT_EXPR pass (perform const folding).
Optimizing module ram_axi.

49. Rerunning OPT passes. (Maybe there is more to do…)

50. Executing OPT_MUXTREE pass (detect dead branches in mux trees).
Running muxtree optimizer on module \ram_axi..
  Creating internal representation of mux trees.
  Evaluating internal representation of mux trees.
  Analyzing evaluation results.
Removed 0 multiplexer ports.
<suppressed ~10 debug messages>

51. Executing OPT_REDUCE pass (consolidate $*mux and $reduce_* inputs).
  Optimizing cells in module \ram_axi.
Performed a total of 0 changes.

52. Executing OPT_MERGE pass (detect identical cells).
Finding identical cells in module `\ram_axi'.
Computing hashes of 27 cells of `\ram_axi'.
Finding duplicate cells in `\ram_axi'.
Removed a total of 0 cells.

53. Executing OPT_DFF pass (perform DFF optimizations).

54. Executing OPT_CLEAN pass (remove unused cells and wires).
Finding unused cells or wires in module \ram_axi..

55. Executing OPT_EXPR pass (perform const folding).
Optimizing module ram_axi.

56. Executing WREDUCE pass (reducing word size of cells).
Removed top 1 bits (of 2) from port B of cell ram_axi.$auto$fsm_map.cc:77:implement_pattern_cache$99 ($eq).

57. Executing PEEPOPT pass (run peephole optimizers).

58. Executing OPT_CLEAN pass (remove unused cells and wires).
Finding unused cells or wires in module \ram_axi..

59. Executing ALUMACC pass (create $alu and $macc cells).
Extracting $alu and $macc cells in module ram_axi:
  created 0 $alu and 0 $macc cells.

60. Executing SHARE pass (SAT-based resource sharing).

61. Executing OPT_EXPR pass (perform const folding).
Optimizing module ram_axi.

62. Executing OPT_MERGE pass (detect identical cells).
Finding identical cells in module `\ram_axi'.
Computing hashes of 27 cells of `\ram_axi'.
Finding duplicate cells in `\ram_axi'.
Removed a total of 0 cells.

63. Executing OPT_MUXTREE pass (detect dead branches in mux trees).
Running muxtree optimizer on module \ram_axi..
  Creating internal representation of mux trees.
  Evaluating internal representation of mux trees.
  Analyzing evaluation results.
Removed 0 multiplexer ports.
<suppressed ~10 debug messages>

64. Executing OPT_REDUCE pass (consolidate $*mux and $reduce_* inputs).
  Optimizing cells in module \ram_axi.
Performed a total of 0 changes.

65. Executing OPT_MERGE pass (detect identical cells).
Finding identical cells in module `\ram_axi'.
Computing hashes of 27 cells of `\ram_axi'.
Finding duplicate cells in `\ram_axi'.
Removed a total of 0 cells.

66. Executing OPT_DFF pass (perform DFF optimizations).

67. Executing OPT_CLEAN pass (remove unused cells and wires).
Finding unused cells or wires in module \ram_axi..

68. Executing OPT_EXPR pass (perform const folding).
Optimizing module ram_axi.

69. Executing MEMORY pass.

69.1. Executing OPT_MEM pass (optimize memories).
Performed a total of 0 transformations.

69.2. Executing OPT_MEM_PRIORITY pass (removing unnecessary memory write priority relations).
Performed a total of 0 transformations.

69.3. Executing OPT_MEM_FEEDBACK pass (finding memory read-to-write feedback paths).

69.4. Executing MEMORY_BMUX2ROM pass (converting muxes to ROMs).

69.5. Executing MEMORY_DFF pass (merging $dff cells to $memrd).

69.6. Executing OPT_CLEAN pass (remove unused cells and wires).
Finding unused cells or wires in module \ram_axi..

69.7. Executing MEMORY_SHARE pass (consolidating $memrd/$memwr cells).

69.8. Executing OPT_MEM_WIDEN pass (optimize memories where all ports are wide).
Performed a total of 0 transformations.

69.9. Executing OPT_CLEAN pass (remove unused cells and wires).
Finding unused cells or wires in module \ram_axi..

69.10. Executing MEMORY_COLLECT pass (generating $mem cells).

70. Executing OPT_CLEAN pass (remove unused cells and wires).
Finding unused cells or wires in module \ram_axi..

71. Executing OPT_EXPR pass (perform const folding).
Optimizing module ram_axi.
<suppressed ~2 debug messages>

72. Executing OPT_MERGE pass (detect identical cells).
Finding identical cells in module `\ram_axi'.
Computing hashes of 27 cells of `\ram_axi'.
Finding duplicate cells in `\ram_axi'.
Removed a total of 0 cells.

73. Executing OPT_DFF pass (perform DFF optimizations).

74. Executing OPT_CLEAN pass (remove unused cells and wires).
Finding unused cells or wires in module \ram_axi..

75. Executing MEMORY_MAP pass (converting memories to logic and flip-flops).

76. Executing OPT_EXPR pass (perform const folding).
Optimizing module ram_axi.

77. Executing OPT_MERGE pass (detect identical cells).
Finding identical cells in module `\ram_axi'.
Computing hashes of 27 cells of `\ram_axi'.
Finding duplicate cells in `\ram_axi'.
Removed a total of 0 cells.

78. Executing OPT_MUXTREE pass (detect dead branches in mux trees).
Running muxtree optimizer on module \ram_axi..
  Creating internal representation of mux trees.
  Evaluating internal representation of mux trees.
  Analyzing evaluation results.
Removed 0 multiplexer ports.
<suppressed ~7 debug messages>

79. Executing OPT_REDUCE pass (consolidate $*mux and $reduce_* inputs).
  Optimizing cells in module \ram_axi.
Performed a total of 0 changes.

80. Executing OPT_MERGE pass (detect identical cells).
Finding identical cells in module `\ram_axi'.
Computing hashes of 27 cells of `\ram_axi'.
Finding duplicate cells in `\ram_axi'.
Removed a total of 0 cells.

81. Executing OPT_SHARE pass.

82. Executing OPT_DFF pass (perform DFF optimizations).

83. Executing OPT_CLEAN pass (remove unused cells and wires).
Finding unused cells or wires in module \ram_axi..

84. Executing OPT_EXPR pass (perform const folding).
Optimizing module ram_axi.

85. Executing TECHMAP pass (map to technology primitives).

85.1. Executing Verilog-2005 frontend: /nix/store/f1q0w7rd0a4ny4hqvfxlhs4cmariidcy-yosys-0.62/bin/../share/yosys/techmap.v
Parsing Verilog input from `/nix/store/f1q0w7rd0a4ny4hqvfxlhs4cmariidcy-yosys-0.62/bin/../share/yosys/techmap.v' to AST representation.
Generating RTLIL representation for module `\_90_simplemap_bool_ops'.
Generating RTLIL representation for module `\_90_simplemap_reduce_ops'.
Generating RTLIL representation for module `\_90_simplemap_logic_ops'.
Generating RTLIL representation for module `\_90_simplemap_compare_ops'.
Generating RTLIL representation for module `\_90_simplemap_various'.
Generating RTLIL representation for module `\_90_simplemap_registers'.
Generating RTLIL representation for module `\_90_shift_ops_shr_shl_sshl_sshr'.
Generating RTLIL representation for module `\_90_shift_shiftx'.
Generating RTLIL representation for module `\_90_fa'.
Generating RTLIL representation for module `\_90_lcu_brent_kung'.
Generating RTLIL representation for module `\_90_alu'.
Generating RTLIL representation for module `\_90_macc'.
Generating RTLIL representation for module `\_90_alumacc'.
Generating RTLIL representation for module `$__div_mod_u'.
Generating RTLIL representation for module `$__div_mod_trunc'.
Generating RTLIL representation for module `\_90_div'.
Generating RTLIL representation for module `\_90_mod'.
Generating RTLIL representation for module `$__div_mod_floor'.
Generating RTLIL representation for module `\_90_divfloor'.
Generating RTLIL representation for module `\_90_modfloor'.
Generating RTLIL representation for module `\_90_pow'.
Generating RTLIL representation for module `\_90_pmux'.
Generating RTLIL representation for module `\_90_demux'.
Generating RTLIL representation for module `\_90_lut'.
Generating RTLIL representation for module `$connect'.
Generating RTLIL representation for module `$input_port'.
Successfully finished Verilog frontend.

85.2. Continuing TECHMAP pass.
Using extmapper simplemap for cells of type $reduce_or.
Using extmapper simplemap for cells of type $and.
Using extmapper simplemap for cells of type $not.
Using extmapper simplemap for cells of type $eq.
Using extmapper simplemap for cells of type $logic_not.
Using extmapper simplemap for cells of type $adff.
Using extmapper simplemap for cells of type $logic_and.
Using extmapper simplemap for cells of type $mux.
No more expansions possible.
<suppressed ~103 debug messages>

86. Executing OPT_EXPR pass (perform const folding).
Optimizing module ram_axi.
<suppressed ~2 debug messages>

87. Executing OPT_MERGE pass (detect identical cells).
Finding identical cells in module `\ram_axi'.
Computing hashes of 51 cells of `\ram_axi'.
Finding duplicate cells in `\ram_axi'.
Computing hashes of 49 cells of `\ram_axi'.
Finding duplicate cells in `\ram_axi'.
<suppressed ~6 debug messages>
Removed a total of 2 cells.

88. Executing OPT_DFF pass (perform DFF optimizations).

89. Executing OPT_CLEAN pass (remove unused cells and wires).
Finding unused cells or wires in module \ram_axi..
Removed 0 unused cells and 7 unused wires.
<suppressed ~1 debug messages>

90. Executing OPT_EXPR pass (perform const folding).
Optimizing module ram_axi.

91. Executing OPT_MERGE pass (detect identical cells).
Finding identical cells in module `\ram_axi'.
Computing hashes of 49 cells of `\ram_axi'.
Finding duplicate cells in `\ram_axi'.
Removed a total of 0 cells.

92. Executing OPT_DFF pass (perform DFF optimizations).

93. Executing OPT_CLEAN pass (remove unused cells and wires).
Finding unused cells or wires in module \ram_axi..

94. Executing ABC pass (technology mapping using ABC).

94.1. Extracting gate netlist of module `\ram_axi' to `<abc-temp-dir>/input.blif'..

94.1.1. Executed ABC.
Extracted 44 gates and 74 wires to a netlist network with 29 inputs and 20 outputs.
Running ABC script: <abc-temp-dir>/abc.script
ABC: ======== ABC command line "source <abc-temp-dir>/abc.script"
ABC: + read_blif <abc-temp-dir>/input.blif 
ABC: + read_library /tmp/yosys-abc-Y9WFlO/stdcells.genlib 
ABC: + strash 
ABC: + dretime 
ABC: + map 
ABC: + write_blif <abc-temp-dir>/output.blif 

94.1.2. Re-integrating ABC results.
ABC RESULTS:               AND cells:        8
ABC RESULTS:            ANDNOT cells:       13
ABC RESULTS:               MUX cells:        8
ABC RESULTS:              NAND cells:        2
ABC RESULTS:               NOT cells:        2
ABC RESULTS:                OR cells:        6
ABC RESULTS:        internal signals:       25
ABC RESULTS:           input signals:       29
ABC RESULTS:          output signals:       20
Removing temp directory.
Removing global temp directory.

95. Executing OPT pass (performing simple optimizations).

95.1. Executing OPT_EXPR pass (perform const folding).
Optimizing module ram_axi.

95.2. Executing OPT_MERGE pass (detect identical cells).
Finding identical cells in module `\ram_axi'.
Computing hashes of 44 cells of `\ram_axi'.
Finding duplicate cells in `\ram_axi'.
Computing hashes of 43 cells of `\ram_axi'.
Finding duplicate cells in `\ram_axi'.
<suppressed ~3 debug messages>
Removed a total of 1 cells.

95.3. Executing OPT_DFF pass (perform DFF optimizations).

95.4. Executing OPT_CLEAN pass (remove unused cells and wires).
Finding unused cells or wires in module \ram_axi..
Removed 0 unused cells and 65 unused wires.
<suppressed ~1 debug messages>

95.5. Finished fast OPT passes.

96. Executing HIERARCHY pass (managing design hierarchy).

96.1. Analyzing design hierarchy..
Top module:  \ram_axi

96.2. Analyzing design hierarchy..
Top module:  \ram_axi
Removed 0 unused modules.

97. Executing CHECK pass (checking for obvious problems).
Checking module ram_axi...
Found and reported 0 problems.

98. Printing statistics.

=== ram_axi ===

        +----------Local Count, excluding submodules.
        | 
       54 wires
      276 wire bits
       32 public wires
      254 public wire bits
       21 ports
      154 port bits
       43 cells
       13   $_ANDNOT_
        8   $_AND_
        3   $_DFF_PN0_
        1   $_DFF_PN1_
        8   $_MUX_
        2   $_NAND_
        2   $_NOT_
        5   $_OR_
        1   sky130_sram_1kbyte_1rw1r_32x256_8

99. Executing OPT pass (performing simple optimizations).

99.1. Executing OPT_EXPR pass (perform const folding).
Optimizing module ram_axi.

99.2. Executing OPT_MERGE pass (detect identical cells).
Finding identical cells in module `\ram_axi'.
Computing hashes of 43 cells of `\ram_axi'.
Finding duplicate cells in `\ram_axi'.
Removed a total of 0 cells.

99.3. Executing OPT_MUXTREE pass (detect dead branches in mux trees).
Running muxtree optimizer on module \ram_axi..
  Creating internal representation of mux trees.
  No muxes found in this module.
Removed 0 multiplexer ports.

99.4. Executing OPT_REDUCE pass (consolidate $*mux and $reduce_* inputs).
  Optimizing cells in module \ram_axi.
Performed a total of 0 changes.

99.5. Executing OPT_MERGE pass (detect identical cells).
Finding identical cells in module `\ram_axi'.
Computing hashes of 43 cells of `\ram_axi'.
Finding duplicate cells in `\ram_axi'.
Removed a total of 0 cells.

99.6. Executing OPT_DFF pass (perform DFF optimizations).

99.7. Executing OPT_CLEAN pass (remove unused cells and wires).
Finding unused cells or wires in module \ram_axi..

99.8. Executing OPT_EXPR pass (perform const folding).
Optimizing module ram_axi.

99.9. Finished fast OPT passes. (There is nothing left to do.)

100. Executing OPT_CLEAN pass (remove unused cells and wires).
Finding unused cells or wires in module \ram_axi..
Removed 0 unused cells and 6 unused wires.
<suppressed ~6 debug messages>
{
   "creator": "Yosys 0.62 (git sha1 7326bb7d6641500ecb285c291a54a662cb1e76cf, clang++ 21.1.2 -fPIC -O3)",
   "invocation": "stat -json -liberty /home/ubuntu/zuga-final/asic/runs/run1/tmp/3f3fa67359f14036a79b885ec26d06b1.lib ",
   "modules": {
      "\\ram_axi": {
         "num_wires":         48,
         "num_wire_bits":     194,
         "num_pub_wires":     26,
         "num_pub_wire_bits": 172,
         "num_ports":         21,
         "num_port_bits":     154,
         "num_memories":      0,
         "num_memory_bits":   0,
         "num_processes":     0,
         "num_cells":         43,
         "num_submodules":       0,
         "num_cells_by_type": {
            "$_ANDNOT_": 13,
            "$_AND_": 8,
            "$_DFF_PN0_": 3,
            "$_DFF_PN1_": 1,
            "$_MUX_": 8,
            "$_NAND_": 2,
            "$_NOT_": 2,
            "$_OR_": 5,
            "sky130_sram_1kbyte_1rw1r_32x256_8": 1
         }
      }
   },
      "design": {
         "num_wires":         48,
         "num_wire_bits":     194,
         "num_pub_wires":     26,
         "num_pub_wire_bits": 172,
         "num_ports":         21,
         "num_port_bits":     154,
         "num_memories":      0,
         "num_memory_bits":   0,
         "num_processes":     0,
         "num_cells":         43,
         "num_submodules":       0,
         "num_cells_by_type": {
            "$_ANDNOT_": 13,
            "$_AND_": 8,
            "$_DFF_PN0_": 3,
            "$_DFF_PN1_": 1,
            "$_MUX_": 8,
            "$_NAND_": 2,
            "$_NOT_": 2,
            "$_OR_": 5,
            "sky130_sram_1kbyte_1rw1r_32x256_8": 1
         }
      }
}

101. Printing statistics.

=== ram_axi ===

        +----------Local Count, excluding submodules.
        | 
       48 wires
      194 wire bits
       26 public wires
      172 public wire bits
       21 ports
      154 port bits
       43 cells
       13   $_ANDNOT_
        8   $_AND_
        3   $_DFF_PN0_
        1   $_DFF_PN1_
        8   $_MUX_
        2   $_NAND_
        2   $_NOT_
        5   $_OR_
        1   sky130_sram_1kbyte_1rw1r_32x256_8

   Area for cell type $_ANDNOT_ is unknown!
   Area for cell type $_AND_ is unknown!
   Area for cell type $_DFF_PN0_ is unknown!
   Area for cell type $_DFF_PN1_ is unknown!
   Area for cell type $_MUX_ is unknown!
   Area for cell type $_NAND_ is unknown!
   Area for cell type $_NOT_ is unknown!
   Area for cell type $_OR_ is unknown!
   Area for cell type \sky130_sram_1kbyte_1rw1r_32x256_8 is unknown!

[INFO] Applying tri-state buffer mapping from '/home/ubuntu/.ciel/ciel/sky130/versions/8afc8346a57fe1ab7934ba5a6056ea8b43078e71/sky130A/libs.tech/openlane/sky130_fd_sc_hd/tribuff_map.v'…

102. Executing TECHMAP pass (map to technology primitives).

102.1. Executing Verilog-2005 frontend: /home/ubuntu/.ciel/ciel/sky130/versions/8afc8346a57fe1ab7934ba5a6056ea8b43078e71/sky130A/libs.tech/openlane/sky130_fd_sc_hd/tribuff_map.v
Parsing Verilog input from `/home/ubuntu/.ciel/ciel/sky130/versions/8afc8346a57fe1ab7934ba5a6056ea8b43078e71/sky130A/libs.tech/openlane/sky130_fd_sc_hd/tribuff_map.v' to AST representation.
Generating RTLIL representation for module `$_TBUF_'.
Successfully finished Verilog frontend.

102.2. Continuing TECHMAP pass.
No more expansions possible.
<suppressed ~3 debug messages>

103. Executing SIMPLEMAP pass (map simple cells to gate primitives).
[INFO] Applying latch mapping from '/home/ubuntu/.ciel/ciel/sky130/versions/8afc8346a57fe1ab7934ba5a6056ea8b43078e71/sky130A/libs.tech/openlane/sky130_fd_sc_hd/latch_map.v'…

104. Executing TECHMAP pass (map to technology primitives).

104.1. Executing Verilog-2005 frontend: /home/ubuntu/.ciel/ciel/sky130/versions/8afc8346a57fe1ab7934ba5a6056ea8b43078e71/sky130A/libs.tech/openlane/sky130_fd_sc_hd/latch_map.v
Parsing Verilog input from `/home/ubuntu/.ciel/ciel/sky130/versions/8afc8346a57fe1ab7934ba5a6056ea8b43078e71/sky130A/libs.tech/openlane/sky130_fd_sc_hd/latch_map.v' to AST representation.
Generating RTLIL representation for module `$_DLATCH_P_'.
Generating RTLIL representation for module `$_DLATCH_N_'.
Successfully finished Verilog frontend.

104.2. Continuing TECHMAP pass.
No more expansions possible.
<suppressed ~4 debug messages>

105. Executing SIMPLEMAP pass (map simple cells to gate primitives).

106. Executing DFFLIBMAP pass (mapping DFF cells to sequential cells from liberty file).
  cell sky130_fd_sc_hd__dfxtp_2 (noninv, pins=3, area=21.27) is a direct match for cell type $_DFF_P_.
  cell sky130_fd_sc_hd__dfrtp_2 (noninv, pins=4, area=26.28) is a direct match for cell type $_DFF_PN0_.
  cell sky130_fd_sc_hd__dfstp_2 (noninv, pins=4, area=26.28) is a direct match for cell type $_DFF_PN1_.
  cell sky130_fd_sc_hd__dfbbn_2 (noninv, pins=6, area=35.03) is a direct match for cell type $_DFFSR_NNN_.
  final dff cell mappings:
    unmapped dff cell: $_DFF_N_
    \sky130_fd_sc_hd__dfxtp_2 _DFF_P_ (.CLK( C), .D( D), .Q( Q));
    unmapped dff cell: $_DFF_NN0_
    unmapped dff cell: $_DFF_NN1_
    unmapped dff cell: $_DFF_NP0_
    unmapped dff cell: $_DFF_NP1_
    \sky130_fd_sc_hd__dfrtp_2 _DFF_PN0_ (.CLK( C), .D( D), .Q( Q), .RESET_B( R));
    \sky130_fd_sc_hd__dfstp_2 _DFF_PN1_ (.CLK( C), .D( D), .Q( Q), .SET_B( R));
    unmapped dff cell: $_DFF_PP0_
    unmapped dff cell: $_DFF_PP1_
    unmapped dff cell: $_DFFE_NN_
    unmapped dff cell: $_DFFE_NP_
    unmapped dff cell: $_DFFE_PN_
    unmapped dff cell: $_DFFE_PP_
    \sky130_fd_sc_hd__dfbbn_2 _DFFSR_NNN_ (.CLK_N( C), .D( D), .Q( Q), .Q_N(~Q), .RESET_B( R), .SET_B( S));
    unmapped dff cell: $_DFFSR_NNP_
    unmapped dff cell: $_DFFSR_NPN_
    unmapped dff cell: $_DFFSR_NPP_
    unmapped dff cell: $_DFFSR_PNN_
    unmapped dff cell: $_DFFSR_PNP_
    unmapped dff cell: $_DFFSR_PPN_
    unmapped dff cell: $_DFFSR_PPP_

106.1. Executing DFFLEGALIZE pass (convert FFs to types supported by the target).
Mapping DFF cells in module `\ram_axi':
  mapped 3 $_DFF_PN0_ cells to \sky130_fd_sc_hd__dfrtp_2 cells.
  mapped 1 $_DFF_PN1_ cells to \sky130_fd_sc_hd__dfstp_2 cells.
{
   "creator": "Yosys 0.62 (git sha1 7326bb7d6641500ecb285c291a54a662cb1e76cf, clang++ 21.1.2 -fPIC -O3)",
   "invocation": "stat -json -liberty /home/ubuntu/zuga-final/asic/runs/run1/tmp/3f3fa67359f14036a79b885ec26d06b1.lib ",
   "modules": {
      "\\ram_axi": {
         "num_wires":         48,
         "num_wire_bits":     194,
         "num_pub_wires":     26,
         "num_pub_wire_bits": 172,
         "num_ports":         21,
         "num_port_bits":     154,
         "num_memories":      0,
         "num_memory_bits":   0,
         "num_processes":     0,
         "num_cells":         43,
         "num_submodules":       0,
         "area":              105.100800,
         "sequential_area":    105.100800,
         "num_cells_by_type": {
            "$_ANDNOT_": 13,
            "$_AND_": 8,
            "$_MUX_": 8,
            "$_NAND_": 2,
            "$_NOT_": 2,
            "$_OR_": 5,
            "sky130_fd_sc_hd__dfrtp_2": 3,
            "sky130_fd_sc_hd__dfstp_2": 1,
            "sky130_sram_1kbyte_1rw1r_32x256_8": 1
         }
      }
   },
      "design": {
         "num_wires":         48,
         "num_wire_bits":     194,
         "num_pub_wires":     26,
         "num_pub_wire_bits": 172,
         "num_ports":         21,
         "num_port_bits":     154,
         "num_memories":      0,
         "num_memory_bits":   0,
         "num_processes":     0,
         "num_cells":         43,
         "num_submodules":       0,
         "area":              105.100800,
         "sequential_area":    105.100800,
         "num_cells_by_type": {
            "$_ANDNOT_": 13,
            "$_AND_": 8,
            "$_MUX_": 8,
            "$_NAND_": 2,
            "$_NOT_": 2,
            "$_OR_": 5,
            "sky130_fd_sc_hd__dfrtp_2": 3,
            "sky130_fd_sc_hd__dfstp_2": 1,
            "sky130_sram_1kbyte_1rw1r_32x256_8": 1
         }
      }
}

107. Printing statistics.

=== ram_axi ===

        +----------Local Count, excluding submodules.
        |        +-Local Area, excluding submodules.
        |        | 
       48        - wires
      194        - wire bits
       26        - public wires
      172        - public wire bits
       21        - ports
      154        - port bits
       43  105.101 cells
       13        -   $_ANDNOT_
        8        -   $_AND_
        8        -   $_MUX_
        2        -   $_NAND_
        2        -   $_NOT_
        5        -   $_OR_
        3   78.826   sky130_fd_sc_hd__dfrtp_2
        1   26.275   sky130_fd_sc_hd__dfstp_2
        1        -   sky130_sram_1kbyte_1rw1r_32x256_8

   Area for cell type $_ANDNOT_ is unknown!
   Area for cell type $_AND_ is unknown!
   Area for cell type $_MUX_ is unknown!
   Area for cell type $_NAND_ is unknown!
   Area for cell type $_NOT_ is unknown!
   Area for cell type $_OR_ is unknown!
   Area for cell type \sky130_sram_1kbyte_1rw1r_32x256_8 is unknown!

   Chip area for module '\ram_axi': 105.100800
     of which used for sequential elements: 105.100800 (100.00%)

[INFO] Using generated ABC script '/home/ubuntu/zuga-final/asic/runs/run1/06-yosys-synthesis/AREA_0.abc'…

108. Executing ABC pass (technology mapping using ABC).

108.1. Extracting gate netlist of module `\ram_axi' to `/tmp/yosys-abc-mOZqNi/input.blif'..

108.1.1. Executed ABC.
Extracted 38 gates and 67 wires to a netlist network with 29 inputs and 20 outputs.
Running ABC script: /tmp/yosys-abc-mOZqNi/abc.script
ABC: ======== ABC command line "source /tmp/yosys-abc-mOZqNi/abc.script"
ABC: + read_blif /tmp/yosys-abc-mOZqNi/input.blif 
ABC: + read_lib -w /home/ubuntu/zuga-final/asic/runs/run1/tmp/3f3fa67359f14036a79b885ec26d06b1.lib 
ABC: Parsing finished successfully.  Parsing time =     0.03 sec
ABC: Scl_LibertyReadGenlib() skipped sequential cell "sky130_fd_sc_hd__dfbbn_2".
ABC: Scl_LibertyReadGenlib() skipped sequential cell "sky130_fd_sc_hd__dfrbp_2".
ABC: Scl_LibertyReadGenlib() skipped sequential cell "sky130_fd_sc_hd__dfrtp_2".
ABC: Scl_LibertyReadGenlib() skipped sequential cell "sky130_fd_sc_hd__dfrtp_4".
ABC: Scl_LibertyReadGenlib() skipped sequential cell "sky130_fd_sc_hd__dfsbp_2".
ABC: Scl_LibertyReadGenlib() skipped sequential cell "sky130_fd_sc_hd__dfstp_2".
ABC: Scl_LibertyReadGenlib() skipped sequential cell "sky130_fd_sc_hd__dfstp_4".
ABC: Scl_LibertyReadGenlib() skipped sequential cell "sky130_fd_sc_hd__dfxbp_2".
ABC: Scl_LibertyReadGenlib() skipped sequential cell "sky130_fd_sc_hd__dfxtp_2".
ABC: Scl_LibertyReadGenlib() skipped sequential cell "sky130_fd_sc_hd__dfxtp_4".
ABC: Scl_LibertyReadGenlib() skipped sequential cell "sky130_fd_sc_hd__dlxtn_1".
ABC: Scl_LibertyReadGenlib() skipped sequential cell "sky130_fd_sc_hd__dlxtn_2".
ABC: Scl_LibertyReadGenlib() skipped sequential cell "sky130_fd_sc_hd__dlxtn_4".
ABC: Scl_LibertyReadGenlib() skipped sequential cell "sky130_fd_sc_hd__dlxtp_1".
ABC: Scl_LibertyReadGenlib() skipped three-state cell "sky130_fd_sc_hd__ebufn_2".
ABC: Scl_LibertyReadGenlib() skipped three-state cell "sky130_fd_sc_hd__ebufn_4".
ABC: Scl_LibertyReadGenlib() skipped three-state cell "sky130_fd_sc_hd__ebufn_8".
ABC: Library "sky130_fd_sc_hd__tt_025C_1v80" from "/home/ubuntu/zuga-final/asic/runs/run1/tmp/3f3fa67359f14036a79b885ec26d06b1.lib" has 175 cells (17 skipped: 14 seq; 3 tri-state; 0 no func; 0 dont_use; 0 with 2 outputs; 0 with 3+ outputs).  Time =     0.04 sec
ABC: Memory =    9.54 MB. Time =     0.04 sec
ABC: Warning: Detected 2 multi-output cells (for example, "sky130_fd_sc_hd__fa_1").
ABC: + read_constr -v /home/ubuntu/zuga-final/asic/runs/run1/06-yosys-synthesis/synthesis.abc.sdc 
ABC: Setting driving cell to be "sky130_fd_sc_hd__inv_2/Y".
ABC: Setting output load to be 33.442001.
ABC: + source /home/ubuntu/zuga-final/asic/runs/run1/06-yosys-synthesis/AREA_0.abc 
ABC: Error: The network is combinational.
ABC: Cannot find the default PI driving cell (sky130_fd_sc_hd__inv_2/Y) in the library.
ABC: WireLoad = "none"  Gates =     26 ( 15.4 %)   Cap = 15.6 ff (  1.9 %)   Area =      213.96 ( 84.6 %)   Delay =   719.36 ps  ( 53.8 %)               
ABC: Path  0 --       3 : 0    2 pi                      A =   0.00  Df =   0.0   -0.0 ps  S =   0.0 ps  Cin =  0.0 ff  Cout =   6.2 ff  Cmax =   0.0 ff  G =    0  
ABC: Path  1 --      54 : 3   16 sky130_fd_sc_hd__and3_2 A =   7.51  Df = 400.2  -74.7 ps  S = 357.6 ps  Cin =  1.5 ff  Cout =  70.9 ff  Cmax = 309.5 ff  G = 4636  
ABC: Path  2 --      71 : 2    1 sky130_fd_sc_hd__and2_2 A =   7.51  Df = 719.4  -74.0 ps  S = 182.1 ps  Cin =  1.5 ff  Cout =  33.4 ff  Cmax = 303.0 ff  G = 2288  
ABC: Start-point = pi2 (\axi_wvalid_i).  End-point = po16 (\sram_wmask0 [0]).
ABC: netlist                       : i/o =   29/   20  lat =    0  nd =    26  edge =     79  area =213.97  delay = 2.00  lev = 2
ABC: + write_blif /tmp/yosys-abc-mOZqNi/output.blif 

108.1.2. Re-integrating ABC results.
ABC RESULTS:   sky130_fd_sc_hd__a21o_2 cells:        2
ABC RESULTS:   sky130_fd_sc_hd__a22o_2 cells:        1
ABC RESULTS:   sky130_fd_sc_hd__a31o_2 cells:        1
ABC RESULTS:   sky130_fd_sc_hd__a32o_2 cells:        8
ABC RESULTS:   sky130_fd_sc_hd__and2_2 cells:        7
ABC RESULTS:   sky130_fd_sc_hd__and3_2 cells:        1
ABC RESULTS:   sky130_fd_sc_hd__inv_2 cells:        4
ABC RESULTS:   sky130_fd_sc_hd__nand2_2 cells:        1
ABC RESULTS:   sky130_fd_sc_hd__nor2_2 cells:        1
ABC RESULTS:        internal signals:       18
ABC RESULTS:           input signals:       29
ABC RESULTS:          output signals:       20
Removing temp directory.
Removing global temp directory.

109. Executing SETUNDEF pass (replace undef values with defined constants).

110. Executing HILOMAP pass (mapping to constant drivers).

111. Executing SPLITNETS pass (splitting up multi-bit signals).

112. Executing OPT_CLEAN pass (remove unused cells and wires).
Finding unused cells or wires in module \ram_axi..
Removed 0 unused cells and 73 unused wires.
<suppressed ~3 debug messages>

113. Executing INSBUF pass (insert buffer cells for connected wires).
Add ram_axi/$auto$insbuf.cc:97:execute$340: \axi_awready_o -> \axi_wready_o

114. Executing CHECK pass (checking for obvious problems).
Checking module ram_axi...
Found and reported 0 problems.
{
   "creator": "Yosys 0.62 (git sha1 7326bb7d6641500ecb285c291a54a662cb1e76cf, clang++ 21.1.2 -fPIC -O3)",
   "invocation": "stat -json -liberty /home/ubuntu/zuga-final/asic/runs/run1/tmp/3f3fa67359f14036a79b885ec26d06b1.lib ",
   "modules": {
      "\\ram_axi": {
         "num_wires":         56,
         "num_wire_bits":     189,
         "num_pub_wires":     37,
         "num_pub_wire_bits": 170,
         "num_ports":         21,
         "num_port_bits":     154,
         "num_memories":      0,
         "num_memory_bits":   0,
         "num_processes":     0,
         "num_cells":         45,
         "num_submodules":       0,
         "area":              372.857600,
         "sequential_area":    105.100800,
         "num_cells_by_type": {
            "sky130_fd_sc_hd__a21o_2": 2,
            "sky130_fd_sc_hd__a22o_2": 1,
            "sky130_fd_sc_hd__a31o_2": 1,
            "sky130_fd_sc_hd__a32o_2": 8,
            "sky130_fd_sc_hd__and2_2": 7,
            "sky130_fd_sc_hd__and3_2": 1,
            "sky130_fd_sc_hd__buf_2": 1,
            "sky130_fd_sc_hd__conb_1": 13,
            "sky130_fd_sc_hd__dfrtp_2": 3,
            "sky130_fd_sc_hd__dfstp_2": 1,
            "sky130_fd_sc_hd__inv_2": 4,
            "sky130_fd_sc_hd__nand2_2": 1,
            "sky130_fd_sc_hd__nor2_2": 1,
            "sky130_sram_1kbyte_1rw1r_32x256_8": 1
         }
      }
   },
      "design": {
         "num_wires":         56,
         "num_wire_bits":     189,
         "num_pub_wires":     37,
         "num_pub_wire_bits": 170,
         "num_ports":         21,
         "num_port_bits":     154,
         "num_memories":      0,
         "num_memory_bits":   0,
         "num_processes":     0,
         "num_cells":         45,
         "num_submodules":       0,
         "area":              372.857600,
         "sequential_area":    105.100800,
         "num_cells_by_type": {
            "sky130_fd_sc_hd__a21o_2": 2,
            "sky130_fd_sc_hd__a22o_2": 1,
            "sky130_fd_sc_hd__a31o_2": 1,
            "sky130_fd_sc_hd__a32o_2": 8,
            "sky130_fd_sc_hd__and2_2": 7,
            "sky130_fd_sc_hd__and3_2": 1,
            "sky130_fd_sc_hd__buf_2": 1,
            "sky130_fd_sc_hd__conb_1": 13,
            "sky130_fd_sc_hd__dfrtp_2": 3,
            "sky130_fd_sc_hd__dfstp_2": 1,
            "sky130_fd_sc_hd__inv_2": 4,
            "sky130_fd_sc_hd__nand2_2": 1,
            "sky130_fd_sc_hd__nor2_2": 1,
            "sky130_sram_1kbyte_1rw1r_32x256_8": 1
         }
      }
}

115. Printing statistics.

=== ram_axi ===

        +----------Local Count, excluding submodules.
        |        +-Local Area, excluding submodules.
        |        | 
       56        - wires
      189        - wire bits
       37        - public wires
      170        - public wire bits
       21        - ports
      154        - port bits
       45  372.858 cells
        2   17.517   sky130_fd_sc_hd__a21o_2
        1    10.01   sky130_fd_sc_hd__a22o_2
        1    8.758   sky130_fd_sc_hd__a31o_2
        8   90.086   sky130_fd_sc_hd__a32o_2
        7    52.55   sky130_fd_sc_hd__and2_2
        1    7.507   sky130_fd_sc_hd__and3_2
        1    5.005   sky130_fd_sc_hd__buf_2
       13   48.797   sky130_fd_sc_hd__conb_1
        3   78.826   sky130_fd_sc_hd__dfrtp_2
        1   26.275   sky130_fd_sc_hd__dfstp_2
        4   15.014   sky130_fd_sc_hd__inv_2
        1    6.256   sky130_fd_sc_hd__nand2_2
        1    6.256   sky130_fd_sc_hd__nor2_2
        1        -   sky130_sram_1kbyte_1rw1r_32x256_8

   Area for cell type \sky130_sram_1kbyte_1rw1r_32x256_8 is unknown!

   Chip area for module '\ram_axi': 372.857600
     of which used for sequential elements: 105.100800 (28.19%)

116. Executing Verilog backend.
Dumping module `\ram_axi'.

117. Executing JSON backend.
