
===========================================================================
report_checks -unconstrained
===========================================================================
======================= max_ff_n40C_1v95 Corner ===================================

Startpoint: rst_ni (input port clocked by clk_i)
Endpoint: _45_ (recovery check against rising-edge clock clk_i)
Path Group: asynchronous
Path Type: max

Fanout         Cap        Slew       Delay        Time   Description
---------------------------------------------------------------------------------------------
                                  0.000000    0.000000   clock clk_i (rise edge)
                                  0.000000    0.000000   clock network delay (propagated)
                                  2.000000    2.000000 ^ input external delay
     4    0.020156    0.000000    0.000000    2.000000 ^ rst_ni (in)
                                                         rst_ni (net)
                      0.001219    0.000610    2.000610 ^ _45_/SET_B (sky130_fd_sc_hd__dfstp_2)
                                              2.000610   data arrival time

                                 20.000000   20.000000   clock clk_i (rise edge)
                                  0.000000   20.000000   clock source latency
     2    0.082968    0.000000    0.000000   20.000000 ^ clk_i (in)
                                                         clk_i (net)
                      0.009513    0.004757   20.004757 ^ clkbuf_regs_0_clk_i/A (sky130_fd_sc_hd__clkbuf_16)
     1    0.008543    0.023545    0.070603   20.075361 ^ clkbuf_regs_0_clk_i/X (sky130_fd_sc_hd__clkbuf_16)
                                                         clk_i_regs (net)
                      0.023550    0.000671   20.076033 ^ clkbuf_0_clk_i_regs/A (sky130_fd_sc_hd__clkbuf_16)
     2    0.019396    0.030738    0.081661   20.157694 ^ clkbuf_0_clk_i_regs/X (sky130_fd_sc_hd__clkbuf_16)
                                                         clknet_0_clk_i_regs (net)
                      0.030749    0.001014   20.158707 ^ clkbuf_1_0__f_clk_i_regs/A (sky130_fd_sc_hd__clkbuf_16)
     2    0.005471    0.021323    0.074031   20.232738 ^ clkbuf_1_0__f_clk_i_regs/X (sky130_fd_sc_hd__clkbuf_16)
                                                         clknet_1_0__leaf_clk_i_regs (net)
                      0.021325    0.000318   20.233057 ^ _45_/CLK (sky130_fd_sc_hd__dfstp_2)
                                 -0.250000   19.983057   clock uncertainty
                                  0.000000   19.983057   clock reconvergence pessimism
                                  0.082375   20.065434   library recovery time
                                             20.065434   data required time
---------------------------------------------------------------------------------------------
                                             20.065434   data required time
                                             -2.000610   data arrival time
---------------------------------------------------------------------------------------------
                                             18.064823   slack (MET)


Startpoint: u_sram (falling edge-triggered flip-flop clocked by clk_i)
Endpoint: axi_rdata_o[18] (output port clocked by clk_i)
Path Group: clk_i
Path Type: max

Fanout         Cap        Slew       Delay        Time   Description
---------------------------------------------------------------------------------------------
                                 10.000000   10.000000   clock clk_i (fall edge)
                                  0.000000   10.000000   clock source latency
     2    0.081042    0.000000    0.000000   10.000000 v clk_i (in)
                                                         clk_i (net)
                      0.015997    0.007999   10.007999 v clkbuf_0_clk_i/A (sky130_fd_sc_hd__clkbuf_16)
     2    0.039728    0.035058    0.102103   10.110103 v clkbuf_0_clk_i/X (sky130_fd_sc_hd__clkbuf_16)
                                                         clknet_0_clk_i (net)
                      0.035232    0.002228   10.112329 v clkbuf_1_0__f_clk_i/A (sky130_fd_sc_hd__clkbuf_16)
     1    0.066718    0.044914    0.113185   10.225515 v clkbuf_1_0__f_clk_i/X (sky130_fd_sc_hd__clkbuf_16)
                                                         clknet_1_0__leaf_clk_i (net)
                      0.083967    0.021893   10.247408 v u_sram/clk0 (sky130_sram_1kbyte_1rw1r_32x256_8)
     1    0.010521    0.006932    0.388375   10.635782 ^ u_sram/dout0[18] (sky130_sram_1kbyte_1rw1r_32x256_8)
                                                         axi_rdata_o[18] (net)
                      0.005199    0.000234   10.636017 ^ axi_rdata_o[18] (out)
                                             10.636017   data arrival time

                                 20.000000   20.000000   clock clk_i (rise edge)
                                  0.000000   20.000000   clock network delay (propagated)
                                 -0.250000   19.750002   clock uncertainty
                                  0.000000   19.750002   clock reconvergence pessimism
                                 -2.000000   17.750002   output external delay
                                             17.750002   data required time
---------------------------------------------------------------------------------------------
                                             17.750002   data required time
                                            -10.636017   data arrival time
---------------------------------------------------------------------------------------------
                                              7.113984   slack (MET)




===========================================================================
report_checks --slack_max -0.01
============================================================================
======================= max_ff_n40C_1v95 Corner ===================================

No paths found.


===========================================================================
 report_check_types -max_slew -max_cap -max_fanout -violators
============================================================================
======================= max_ff_n40C_1v95 Corner ===================================

max slew

Pin                                        Limit        Slew       Slack
------------------------------------------------------------------------
u_sram/addr0[0]                         0.040000    0.115094   -0.075094 (VIOLATED)
u_sram/addr0[5]                         0.040000    0.112231   -0.072231 (VIOLATED)
u_sram/addr0[7]                         0.040000    0.105908   -0.065908 (VIOLATED)
u_sram/addr0[6]                         0.040000    0.104804   -0.064804 (VIOLATED)
u_sram/addr0[3]                         0.040000    0.102416   -0.062416 (VIOLATED)
u_sram/addr0[4]                         0.040000    0.101343   -0.061343 (VIOLATED)
u_sram/addr0[2]                         0.040000    0.096197   -0.056197 (VIOLATED)
u_sram/addr0[1]                         0.040000    0.092970   -0.052970 (VIOLATED)
u_sram/wmask0[2]                        0.040000    0.091013   -0.051013 (VIOLATED)
u_sram/wmask0[3]                        0.040000    0.088983   -0.048983 (VIOLATED)
u_sram/wmask0[0]                        0.040000    0.086524   -0.046524 (VIOLATED)
u_sram/wmask0[1]                        0.040000    0.085112   -0.045112 (VIOLATED)



===========================================================================
report_parasitic_annotation -report_unannotated
============================================================================
Found 100 unannotated drivers.
 axi_araddr_i[0]
 axi_araddr_i[10]
 axi_araddr_i[11]
 axi_araddr_i[12]
 axi_araddr_i[13]
 axi_araddr_i[14]
 axi_araddr_i[15]
 axi_araddr_i[16]
 axi_araddr_i[17]
 axi_araddr_i[18]
 axi_araddr_i[19]
 axi_araddr_i[1]
 axi_araddr_i[20]
 axi_araddr_i[21]
 axi_araddr_i[22]
 axi_araddr_i[23]
 axi_araddr_i[24]
 axi_araddr_i[25]
 axi_araddr_i[26]
 axi_araddr_i[27]
 axi_araddr_i[28]
 axi_araddr_i[29]
 axi_araddr_i[30]
 axi_araddr_i[31]
 axi_arprot_i[0]
 axi_arprot_i[1]
 axi_arprot_i[2]
 axi_awaddr_i[0]
 axi_awaddr_i[10]
 axi_awaddr_i[11]
 axi_awaddr_i[12]
 axi_awaddr_i[13]
 axi_awaddr_i[14]
 axi_awaddr_i[15]
 axi_awaddr_i[16]
 axi_awaddr_i[17]
 axi_awaddr_i[18]
 axi_awaddr_i[19]
 axi_awaddr_i[1]
 axi_awaddr_i[20]
 axi_awaddr_i[21]
 axi_awaddr_i[22]
 axi_awaddr_i[23]
 axi_awaddr_i[24]
 axi_awaddr_i[25]
 axi_awaddr_i[26]
 axi_awaddr_i[27]
 axi_awaddr_i[28]
 axi_awaddr_i[29]
 axi_awaddr_i[30]
 axi_awaddr_i[31]
 axi_awprot_i[0]
 axi_awprot_i[1]
 axi_awprot_i[2]
 _49_/LO
 _50_/HI
 _51_/HI
 _52_/HI
 _53_/HI
 _54_/HI
 _55_/HI
 _56_/HI
 _57_/HI
 _58_/HI
 _59_/HI
 _60_/HI
 _61_/HI
 clkload0/X
 u_sram/dout1[0]
 u_sram/dout1[10]
 u_sram/dout1[11]
 u_sram/dout1[12]
 u_sram/dout1[13]
 u_sram/dout1[14]
 u_sram/dout1[15]
 u_sram/dout1[16]
 u_sram/dout1[17]
 u_sram/dout1[18]
 u_sram/dout1[19]
 u_sram/dout1[1]
 u_sram/dout1[20]
 u_sram/dout1[21]
 u_sram/dout1[22]
 u_sram/dout1[23]
 u_sram/dout1[24]
 u_sram/dout1[25]
 u_sram/dout1[26]
 u_sram/dout1[27]
 u_sram/dout1[28]
 u_sram/dout1[29]
 u_sram/dout1[2]
 u_sram/dout1[30]
 u_sram/dout1[31]
 u_sram/dout1[3]
 u_sram/dout1[4]
 u_sram/dout1[5]
 u_sram/dout1[6]
 u_sram/dout1[7]
 u_sram/dout1[8]
 u_sram/dout1[9]
Found 0 partially unannotated drivers.

===========================================================================
max slew violation count 12
max fanout violation count 0
max cap violation count 0
============================================================================

===========================================================================
check_setup -verbose -unconstrained_endpoints -multiple_clock -no_clock -no_input_delay -loops -generated_clocks
===========================================================================
