Clock: clk_i
Sources: clk_i 
Generated: no
Virtual: yes
Propagated: no
Period: 20.000000

===========================================================================
report_clock_properties
============================================================================
Clock                   Period          Waveform
----------------------------------------------------
clk_i                20.000000    0.000000 10.000000

===========================================================================
report_clock_latency
============================================================================
Clock clk_i
rise -> rise
    min     max
0.000000 0.000000 source latency
0.192102         network latency u_sram/clk1
        0.235204 network latency _48_/CLK
---------------
0.192102 0.235204 latency
        0.043102 skew

fall -> fall
    min     max
0.000000 0.000000 source latency
0.212355         network latency u_sram/clk1
        0.271167 network latency _48_/CLK
---------------
0.212355 0.271167 latency
        0.058812 skew



===========================================================================
report_clock_min_period
============================================================================
clk_i period_min = 1.37 fmax = 729.11
