
===========================================================================
 report_power
============================================================================
======================= max_ff_n40C_1v95 Corner ===================================

Group                    Internal    Switching      Leakage        Total
                            Power        Power        Power        Power (Watts)
------------------------------------------------------------------------
Sequential           9.489922e-06 0.000000e+00 8.885880e-11 9.490012e-06   0.5%
Combinational        1.871518e-07 6.735809e-07 4.203806e-10 8.611531e-07   0.0%
Clock                7.171010e-05 3.185079e-05 1.122876e-07 1.036732e-04   5.1%
Macro                1.917893e-03 0.000000e+00 9.516000e-06 1.927409e-03  94.4%
Pad                  0.000000e+00 0.000000e+00 0.000000e+00 0.000000e+00   0.0%
------------------------------------------------------------------------
Total                1.999280e-03 3.252437e-05 9.628797e-06 2.041433e-03 100.0%
                            97.9%         1.6%         0.5%

