
===========================================================================
 report_power
============================================================================
======================= max_ff_n40C_1v95 Corner ===================================

Group                    Internal    Switching      Leakage        Total
                            Power        Power        Power        Power (Watts)
------------------------------------------------------------------------
Sequential           4.911765e-03 2.829212e-05 1.420166e-07 4.940199e-03  46.6%
Combinational        1.530117e-04 9.039727e-04 2.962561e-07 1.057281e-03  10.0%
Clock                1.868108e-03 2.127738e-03 6.225505e-07 3.996469e-03  37.7%
Macro                5.901211e-04 0.000000e+00 9.516000e-06 5.996371e-04   5.7%
Pad                  0.000000e+00 0.000000e+00 0.000000e+00 0.000000e+00   0.0%
------------------------------------------------------------------------
Total                7.522915e-03 3.059938e-03 1.057684e-05 1.059343e-02 100.0%
                            71.0%        28.9%         0.1%

