
===========================================================================
 report_power
============================================================================
======================= nom_ff_n40C_1v95 Corner ===================================

Group                    Internal    Switching      Leakage        Total
                            Power        Power        Power        Power (Watts)
------------------------------------------------------------------------
Sequential           9.490346e-06 0.000000e+00 8.885880e-11 9.490435e-06   0.5%
Combinational        1.871794e-07 6.492893e-07 4.203806e-10 8.368891e-07   0.0%
Clock                7.171807e-05 3.105472e-05 1.122876e-07 1.028851e-04   5.0%
Macro                1.917893e-03 0.000000e+00 9.516000e-06 1.927409e-03  94.5%
Pad                  0.000000e+00 0.000000e+00 0.000000e+00 0.000000e+00   0.0%
------------------------------------------------------------------------
Total                1.999289e-03 3.170401e-05 9.628797e-06 2.040622e-03 100.0%
                            98.0%         1.6%         0.5%

