
===========================================================================
 report_power
============================================================================
======================= nom_ff_n40C_1v95 Corner ===================================

Group                    Internal    Switching      Leakage        Total
                            Power        Power        Power        Power (Watts)
------------------------------------------------------------------------
Sequential           4.911556e-03 2.735542e-05 1.420166e-07 4.939054e-03  47.2%
Combinational        1.505770e-04 8.585360e-04 2.962561e-07 1.009409e-03   9.7%
Clock                1.867592e-03 2.040192e-03 6.225505e-07 3.908406e-03  37.4%
Macro                5.901211e-04 0.000000e+00 9.516000e-06 5.996371e-04   5.7%
Pad                  0.000000e+00 0.000000e+00 0.000000e+00 0.000000e+00   0.0%
------------------------------------------------------------------------
Total                7.519756e-03 2.926013e-03 1.057684e-05 1.045635e-02 100.0%
                            71.9%        28.0%         0.1%

