
===========================================================================
report_checks -unconstrained
===========================================================================
======================= min_tt_025C_1v80 Corner ===================================

Startpoint: rst_ni (input port clocked by clk_i)
Endpoint: _45_ (recovery check against rising-edge clock clk_i)
Path Group: asynchronous
Path Type: max

Fanout         Cap        Slew       Delay        Time   Description
---------------------------------------------------------------------------------------------
                                  0.000000    0.000000   clock clk_i (rise edge)
                                  0.000000    0.000000   clock network delay (propagated)
                                  2.000000    2.000000 ^ input external delay
     4    0.019151    0.000000    0.000000    2.000000 ^ rst_ni (in)
                                                         rst_ni (net)
                      0.000308    0.000154    2.000154 ^ _45_/SET_B (sky130_fd_sc_hd__dfstp_2)
                                              2.000154   data arrival time

                                 20.000000   20.000000   clock clk_i (rise edge)
                                  0.000000   20.000000   clock source latency
     2    0.073694    0.000000    0.000000   20.000000 ^ clk_i (in)
                                                         clk_i (net)
                      0.005402    0.002702   20.002703 ^ clkbuf_regs_0_clk_i/A (sky130_fd_sc_hd__clkbuf_16)
     1    0.008368    0.031952    0.100389   20.103092 ^ clkbuf_regs_0_clk_i/X (sky130_fd_sc_hd__clkbuf_16)
                                                         clk_i_regs (net)
                      0.031953    0.000089   20.103180 ^ clkbuf_0_clk_i_regs/A (sky130_fd_sc_hd__clkbuf_16)
     2    0.018710    0.040748    0.119464   20.222643 ^ clkbuf_0_clk_i_regs/X (sky130_fd_sc_hd__clkbuf_16)
                                                         clknet_0_clk_i_regs (net)
                      0.040748    0.000158   20.222801 ^ clkbuf_1_0__f_clk_i_regs/A (sky130_fd_sc_hd__clkbuf_16)
     2    0.005038    0.028799    0.109029   20.331831 ^ clkbuf_1_0__f_clk_i_regs/X (sky130_fd_sc_hd__clkbuf_16)
                                                         clknet_1_0__leaf_clk_i_regs (net)
                      0.028799    0.000055   20.331886 ^ _45_/CLK (sky130_fd_sc_hd__dfstp_2)
                                 -0.250000   20.081886   clock uncertainty
                                  0.000000   20.081886   clock reconvergence pessimism
                                  0.136107   20.217993   library recovery time
                                             20.217993   data required time
---------------------------------------------------------------------------------------------
                                             20.217993   data required time
                                             -2.000154   data arrival time
---------------------------------------------------------------------------------------------
                                             18.217840   slack (MET)


Startpoint: u_sram (falling edge-triggered flip-flop clocked by clk_i)
Endpoint: axi_rdata_o[18] (output port clocked by clk_i)
Path Group: clk_i
Path Type: max

Fanout         Cap        Slew       Delay        Time   Description
---------------------------------------------------------------------------------------------
                                 10.000000   10.000000   clock clk_i (fall edge)
                                  0.000000   10.000000   clock source latency
     2    0.071706    0.000000    0.000000   10.000000 v clk_i (in)
                                                         clk_i (net)
                      0.008270    0.004135   10.004135 v clkbuf_0_clk_i/A (sky130_fd_sc_hd__clkbuf_16)
     2    0.036563    0.044347    0.141905   10.146041 v clkbuf_0_clk_i/X (sky130_fd_sc_hd__clkbuf_16)
                                                         clknet_0_clk_i (net)
                      0.044359    0.001123   10.147163 v clkbuf_1_0__f_clk_i/A (sky130_fd_sc_hd__clkbuf_16)
     1    0.060543    0.058593    0.166360   10.313523 v clkbuf_1_0__f_clk_i/X (sky130_fd_sc_hd__clkbuf_16)
                                                         clknet_1_0__leaf_clk_i (net)
                      0.085353    0.013671   10.327194 v u_sram/clk0 (sky130_sram_1kbyte_1rw1r_32x256_8)
     1    0.009656    0.006472    0.383520   10.710714 ^ u_sram/dout0[18] (sky130_sram_1kbyte_1rw1r_32x256_8)
                                                         axi_rdata_o[18] (net)
                      0.004854    0.000091   10.710805 ^ axi_rdata_o[18] (out)
                                             10.710805   data arrival time

                                 20.000000   20.000000   clock clk_i (rise edge)
                                  0.000000   20.000000   clock network delay (propagated)
                                 -0.250000   19.750002   clock uncertainty
                                  0.000000   19.750002   clock reconvergence pessimism
                                 -2.000000   17.750002   output external delay
                                             17.750002   data required time
---------------------------------------------------------------------------------------------
                                             17.750002   data required time
                                            -10.710805   data arrival time
---------------------------------------------------------------------------------------------
                                              7.039196   slack (MET)




===========================================================================
report_checks --slack_max -0.01
============================================================================
======================= min_tt_025C_1v80 Corner ===================================

No paths found.


===========================================================================
 report_check_types -max_slew -max_cap -max_fanout -violators
============================================================================
======================= min_tt_025C_1v80 Corner ===================================

max slew

Pin                                        Limit        Slew       Slack
------------------------------------------------------------------------
u_sram/addr0[0]                         0.040000    0.148333   -0.108333 (VIOLATED)
u_sram/addr0[5]                         0.040000    0.142664   -0.102664 (VIOLATED)
u_sram/addr0[7]                         0.040000    0.138168   -0.098168 (VIOLATED)
u_sram/addr0[6]                         0.040000    0.135690   -0.095690 (VIOLATED)
u_sram/addr0[3]                         0.040000    0.133673   -0.093673 (VIOLATED)
u_sram/addr0[4]                         0.040000    0.132748   -0.092748 (VIOLATED)
u_sram/addr0[2]                         0.040000    0.127741   -0.087741 (VIOLATED)
u_sram/addr0[1]                         0.040000    0.124047   -0.084047 (VIOLATED)
u_sram/wmask0[2]                        0.040000    0.117754   -0.077754 (VIOLATED)
u_sram/wmask0[3]                        0.040000    0.115179   -0.075179 (VIOLATED)
u_sram/wmask0[0]                        0.040000    0.112077   -0.072077 (VIOLATED)
u_sram/wmask0[1]                        0.040000    0.109988   -0.069988 (VIOLATED)



===========================================================================
report_parasitic_annotation -report_unannotated
============================================================================
Found 100 unannotated drivers.
 axi_araddr_i[0]
 axi_araddr_i[10]
 axi_araddr_i[11]
 axi_araddr_i[12]
 axi_araddr_i[13]
 axi_araddr_i[14]
 axi_araddr_i[15]
 axi_araddr_i[16]
 axi_araddr_i[17]
 axi_araddr_i[18]
 axi_araddr_i[19]
 axi_araddr_i[1]
 axi_araddr_i[20]
 axi_araddr_i[21]
 axi_araddr_i[22]
 axi_araddr_i[23]
 axi_araddr_i[24]
 axi_araddr_i[25]
 axi_araddr_i[26]
 axi_araddr_i[27]
 axi_araddr_i[28]
 axi_araddr_i[29]
 axi_araddr_i[30]
 axi_araddr_i[31]
 axi_arprot_i[0]
 axi_arprot_i[1]
 axi_arprot_i[2]
 axi_awaddr_i[0]
 axi_awaddr_i[10]
 axi_awaddr_i[11]
 axi_awaddr_i[12]
 axi_awaddr_i[13]
 axi_awaddr_i[14]
 axi_awaddr_i[15]
 axi_awaddr_i[16]
 axi_awaddr_i[17]
 axi_awaddr_i[18]
 axi_awaddr_i[19]
 axi_awaddr_i[1]
 axi_awaddr_i[20]
 axi_awaddr_i[21]
 axi_awaddr_i[22]
 axi_awaddr_i[23]
 axi_awaddr_i[24]
 axi_awaddr_i[25]
 axi_awaddr_i[26]
 axi_awaddr_i[27]
 axi_awaddr_i[28]
 axi_awaddr_i[29]
 axi_awaddr_i[30]
 axi_awaddr_i[31]
 axi_awprot_i[0]
 axi_awprot_i[1]
 axi_awprot_i[2]
 _49_/LO
 _50_/HI
 _51_/HI
 _52_/HI
 _53_/HI
 _54_/HI
 _55_/HI
 _56_/HI
 _57_/HI
 _58_/HI
 _59_/HI
 _60_/HI
 _61_/HI
 clkload0/X
 u_sram/dout1[0]
 u_sram/dout1[10]
 u_sram/dout1[11]
 u_sram/dout1[12]
 u_sram/dout1[13]
 u_sram/dout1[14]
 u_sram/dout1[15]
 u_sram/dout1[16]
 u_sram/dout1[17]
 u_sram/dout1[18]
 u_sram/dout1[19]
 u_sram/dout1[1]
 u_sram/dout1[20]
 u_sram/dout1[21]
 u_sram/dout1[22]
 u_sram/dout1[23]
 u_sram/dout1[24]
 u_sram/dout1[25]
 u_sram/dout1[26]
 u_sram/dout1[27]
 u_sram/dout1[28]
 u_sram/dout1[29]
 u_sram/dout1[2]
 u_sram/dout1[30]
 u_sram/dout1[31]
 u_sram/dout1[3]
 u_sram/dout1[4]
 u_sram/dout1[5]
 u_sram/dout1[6]
 u_sram/dout1[7]
 u_sram/dout1[8]
 u_sram/dout1[9]
Found 0 partially unannotated drivers.

===========================================================================
max slew violation count 12
max fanout violation count 0
max cap violation count 0
============================================================================

===========================================================================
check_setup -verbose -unconstrained_endpoints -multiple_clock -no_clock -no_input_delay -loops -generated_clocks
===========================================================================
