Clock: clk_i
Sources: clk_i 
Generated: no
Virtual: yes
Propagated: no
Period: 65.000000

===========================================================================
report_clock_properties
============================================================================
Clock                   Period          Waveform
----------------------------------------------------
clk_i                65.000000    0.000000 32.500000

===========================================================================
report_clock_latency
============================================================================
Clock clk_i
rise -> rise
    min     max
0.000000 0.000000 source latency
0.824243         network latency u_sram_in/clk1
        1.442136 network latency _33443_/CLK
---------------
0.824243 1.442136 latency
        0.617894 skew

fall -> fall
    min     max
0.000000 0.000000 source latency
0.916231         network latency u_sram_in/clk1
        1.349491 network latency _33443_/CLK
---------------
0.916231 1.349491 latency
        0.433261 skew



===========================================================================
report_clock_min_period
============================================================================
clk_i period_min = 42.27 fmax = 23.66
