Clock: clk_i
Sources: clk_i 
Generated: no
Virtual: yes
Propagated: no
Period: 20.000000

===========================================================================
report_clock_properties
============================================================================
Clock                   Period          Waveform
----------------------------------------------------
clk_i                20.000000    0.000000 10.000000

===========================================================================
report_clock_latency
============================================================================
Clock clk_i
rise -> rise
    min     max
0.000000 0.000000 source latency
0.261300         network latency u_sram/clk1
        0.334715 network latency _48_/CLK
---------------
0.261300 0.334715 latency
        0.073415 skew

fall -> fall
    min     max
0.000000 0.000000 source latency
0.292022         network latency u_sram/clk1
        0.390187 network latency _48_/CLK
---------------
0.292022 0.390187 latency
        0.098166 skew



===========================================================================
report_clock_min_period
============================================================================
clk_i period_min = 2.03 fmax = 493.80
