
===========================================================================
 report_power
============================================================================
======================= min_tt_025C_1v80 Corner ===================================

Group                    Internal    Switching      Leakage        Total
                            Power        Power        Power        Power (Watts)
------------------------------------------------------------------------
Sequential           8.158579e-06 0.000000e+00 4.721571e-11 8.158626e-06   0.4%
Combinational        1.599948e-07 5.234790e-07 2.095290e-10 6.836834e-07   0.0%
Clock                6.250380e-05 2.527882e-05 9.539439e-08 8.787802e-05   4.3%
Macro                1.917893e-03 0.000000e+00 9.516000e-06 1.927409e-03  95.2%
Pad                  0.000000e+00 0.000000e+00 0.000000e+00 0.000000e+00   0.0%
------------------------------------------------------------------------
Total                1.988716e-03 2.580230e-05 9.611652e-06 2.024130e-03 100.0%
                            98.3%         1.3%         0.5%

