
===========================================================================
 report_power
============================================================================
======================= min_tt_025C_1v80 Corner ===================================

Group                    Internal    Switching      Leakage        Total
                            Power        Power        Power        Power (Watts)
------------------------------------------------------------------------
Sequential           4.225424e-03 2.163790e-05 6.099116e-08 4.247122e-03  47.6%
Combinational        1.384828e-04 6.753661e-04 1.160601e-07 8.139649e-04   9.1%
Clock                1.627697e-03 1.636980e-03 5.052273e-07 3.265182e-03  36.6%
Macro                5.901211e-04 0.000000e+00 9.516000e-06 5.996371e-04   6.7%
Pad                  0.000000e+00 0.000000e+00 0.000000e+00 0.000000e+00   0.0%
------------------------------------------------------------------------
Total                6.581383e-03 2.333871e-03 1.019838e-05 8.925453e-03 100.0%
                            73.7%        26.1%         0.1%

