Reading timing models for corner nom_tt_025C_1v80…
Reading timing library for the 'nom_tt_025C_1v80' corner at '/home/ubuntu/.ciel/ciel/sky130/versions/8afc8346a57fe1ab7934ba5a6056ea8b43078e71/sky130A/libs.ref/sky130_fd_sc_hd/lib/sky130_fd_sc_hd__tt_025C_1v80.lib'…
Reading timing library for the 'nom_tt_025C_1v80' corner at '/home/ubuntu/zuga-final/asic/macros/sky130_sram_1kbyte_1rw1r_32x256_8/lib/sky130_sram_1kbyte_1rw1r_32x256_8_TT_1p8V_25C.lib'…
Reading OpenROAD database at '/home/ubuntu/zuga-final/asic/runs/run1/52-odb-cellfrequencytables/ram_axi.odb'…
Reading design constraints file at '/home/ubuntu/zuga-final/asic/constraints/design.sdc'…
[INFO] No information on clock propagation in input SDC file-- propagating all clocks.
[INFO] Using voltage extracted from lib (1.8000000000V) for power nets and 0V for ground nets…
%OL_CREATE_REPORT irdrop.rpt
+ analyze_power_grid -net VPWR -voltage_file /home/ubuntu/zuga-final/asic/runs/run1/55-openroad-irdropreport/net-VPWR.csv
[INFO PSM-0040] All shapes on net VPWR are connected.
########## IR report #################
Net              : VPWR
Corner           : nom_tt_025C_1v80
Total power      : 2.03e-03 W
Supply voltage   : 1.80e+00 V
Worstcase voltage: 1.80e+00 V
Average voltage  : 1.80e+00 V
Average IR drop  : 1.60e-06 V
Worstcase IR drop: 6.14e-04 V
Percentage drop  : 0.03 %
######################################
+ analyze_power_grid -net VGND -voltage_file /home/ubuntu/zuga-final/asic/runs/run1/55-openroad-irdropreport/net-VGND.csv
[INFO PSM-0040] All shapes on net VGND are connected.
########## IR report #################
Net              : VGND
Corner           : nom_tt_025C_1v80
Total power      : 2.03e-03 W
Supply voltage   : 0.00e+00 V
Worstcase voltage: 6.25e-04 V
Average voltage  : 1.37e-06 V
Average IR drop  : 1.37e-06 V
Worstcase IR drop: 6.25e-04 V
Percentage drop  : 0.03 %
######################################
%OL_END_REPORT
