Starting…
Running 'Verilator.Lint' at 'runs/run1/01-verilator-lint'…
Logging subprocess to [repr.filename]'runs/run1/01-verilator-lint/verilator-lint.log'[/repr.filename]…
Running 'Checker.LintTimingConstructs' at 'runs/run1/02-checker-linttimingconstructs'…
Check for Lint Timing Errors clear.
Running 'Checker.LintErrors' at 'runs/run1/03-checker-linterrors'…
Check for Lint errors clear.
Running 'Checker.LintWarnings' at 'runs/run1/04-checker-lintwarnings'…
24 Lint warnings found.
Running 'Yosys.JsonHeader' at 'runs/run1/05-yosys-jsonheader'…
Logging subprocess to [repr.filename]'runs/run1/05-yosys-jsonheader/yosys-jsonheader.log'[/repr.filename]…
Running 'Yosys.Synthesis' at 'runs/run1/06-yosys-synthesis'…
Logging subprocess to [repr.filename]'runs/run1/06-yosys-synthesis/yosys-synthesis.log'[/repr.filename]…
Parsing synthesis checks…
Running 'Checker.YosysUnmappedCells' at 'runs/run1/07-checker-yosysunmappedcells'…
Check for Unmapped Yosys instances clear.
Running 'Checker.YosysSynthChecks' at 'runs/run1/08-checker-yosyssynthchecks'…
Check for Yosys check errors clear.
Running 'Checker.NetlistAssignStatements' at 'runs/run1/09-checker-netlistassignstatements'…
Running 'OpenROAD.CheckSDCFiles' at 'runs/run1/10-openroad-checksdcfiles'…
Running 'OpenROAD.CheckMacroInstances' at 'runs/run1/11-openroad-checkmacroinstances'…
Netlists found for macro sky130_sram_1kbyte_1rw1r_32x256_8, but no parasitics extraction found at corner nom_tt_025C_1v80. The netlist cannot be used for timing on this module.
Logging subprocess to [repr.filename]'runs/run1/11-openroad-checkmacroinstances/openroad-checkmacroinstances.log'[/repr.filename]…
Running 'OpenROAD.STAPrePNR' at 'runs/run1/12-openroad-staprepnr'…
Netlists found for macro sky130_sram_1kbyte_1rw1r_32x256_8, but no parasitics extraction found at corner nom_tt_025C_1v80. The netlist cannot be used for timing on this module.
Starting STA for the nom_tt_025C_1v80 timing corner…
Netlists found for macro sky130_sram_1kbyte_1rw1r_32x256_8, but no parasitics extraction found at corner nom_ss_100C_1v60. The netlist cannot be used for timing on this module.
Starting STA for the nom_ss_100C_1v60 timing corner…
Netlists found for macro sky130_sram_1kbyte_1rw1r_32x256_8, but no parasitics extraction found at corner nom_ff_n40C_1v95. The netlist cannot be used for timing on this module.
Logging subprocess to [repr.filename]'runs/run1/12-openroad-staprepnr/nom_tt_025C_1v80/sta.log'[/repr.filename]…
Starting STA for the nom_ff_n40C_1v95 timing corner…
Netlists found for macro sky130_sram_1kbyte_1rw1r_32x256_8, but no parasitics extraction found at corner min_tt_025C_1v80. The netlist cannot be used for timing on this module.
Skipping corner min_tt_025C_1v80 for STA (identical to nom_tt_025C_1v80 at this stage)…
Netlists found for macro sky130_sram_1kbyte_1rw1r_32x256_8, but no parasitics extraction found at corner min_ss_100C_1v60. The netlist cannot be used for timing on this module.
Skipping corner min_ss_100C_1v60 for STA (identical to nom_ss_100C_1v60 at this stage)…
Netlists found for macro sky130_sram_1kbyte_1rw1r_32x256_8, but no parasitics extraction found at corner min_ff_n40C_1v95. The netlist cannot be used for timing on this module.
Logging subprocess to [repr.filename]'runs/run1/12-openroad-staprepnr/nom_ss_100C_1v60/sta.log'[/repr.filename]…
Skipping corner min_ff_n40C_1v95 for STA (identical to nom_ff_n40C_1v95 at this stage)…
Netlists found for macro sky130_sram_1kbyte_1rw1r_32x256_8, but no parasitics extraction found at corner max_tt_025C_1v80. The netlist cannot be used for timing on this module.
Skipping corner max_tt_025C_1v80 for STA (identical to nom_tt_025C_1v80 at this stage)…
Netlists found for macro sky130_sram_1kbyte_1rw1r_32x256_8, but no parasitics extraction found at corner max_ss_100C_1v60. The netlist cannot be used for timing on this module.
Skipping corner max_ss_100C_1v60 for STA (identical to nom_ss_100C_1v60 at this stage)…
Netlists found for macro sky130_sram_1kbyte_1rw1r_32x256_8, but no parasitics extraction found at corner max_ff_n40C_1v95. The netlist cannot be used for timing on this module.
Skipping corner max_ff_n40C_1v95 for STA (identical to nom_ff_n40C_1v95 at this stage)…
Logging subprocess to [repr.filename]'runs/run1/12-openroad-staprepnr/nom_ff_n40C_1v95/sta.log'[/repr.filename]…
Finished STA for the nom_tt_025C_1v80 timing corner.
Finished STA for the nom_ss_100C_1v60 timing corner.
Finished STA for the nom_ff_n40C_1v95 timing corner.
Running 'OpenROAD.Floorplan' at 'runs/run1/13-openroad-floorplan'…
Logging subprocess to [repr.filename]'runs/run1/13-openroad-floorplan/openroad-floorplan.log'[/repr.filename]…
Running 'OpenROAD.DumpRCValues' at 'runs/run1/14-openroad-dumprcvalues'…
Logging subprocess to [repr.filename]'runs/run1/14-openroad-dumprcvalues/openroad-dumprcvalues.log'[/repr.filename]…
Running 'Odb.CheckMacroAntennaProperties' at 'runs/run1/15-odb-checkmacroantennaproperties'…
Logging subprocess to [repr.filename]'runs/run1/15-odb-checkmacroantennaproperties/odb-checkmacroantennaproperties.log'[/repr.filename]…
Cell 'sky130_sram_1kbyte_1rw1r_32x256_8' has (57) input pin(s) without antenna gate information. They might not be connected to a gate.
Cell 'sky130_sram_1kbyte_1rw1r_32x256_8' has (64) output pin(s) without antenna diffusion information. They might not be driven.
Running 'Odb.SetPowerConnections' at 'runs/run1/16-odb-setpowerconnections'…
Logging subprocess to [repr.filename]'runs/run1/16-odb-setpowerconnections/odb-setpowerconnections.log'[/repr.filename]…
Running 'Odb.ManualMacroPlacement' at 'runs/run1/17-odb-manualmacroplacement'…
Logging subprocess to [repr.filename]'runs/run1/17-odb-manualmacroplacement/odb-manualmacroplacement.log'[/repr.filename]…
Running 'OpenROAD.CutRows' at 'runs/run1/18-openroad-cutrows'…
Logging subprocess to [repr.filename]'runs/run1/18-openroad-cutrows/openroad-cutrows.log'[/repr.filename]…
Running 'OpenROAD.TapEndcapInsertion' at 'runs/run1/19-openroad-tapendcapinsertion'…
Logging subprocess to [repr.filename]'runs/run1/19-openroad-tapendcapinsertion/openroad-tapendcapinsertion.log'[/repr.filename]…
Running 'Odb.AddPDNObstructions' at 'runs/run1/20-odb-addpdnobstructions'…
'PDN_OBSTRUCTIONS' is not defined. Skipping 'Odb.AddPDNObstructions'…
Running 'OpenROAD.GeneratePDN' at 'runs/run1/21-openroad-generatepdn'…
'PDN_CFG' not explicitly set, setting it to /nix/store/n0rdaqcanncznj1mwb8g93y7z5lcg2fw-python3-3.13.9-env/lib/python3.13/site-packages/librelane/scripts/openroad/common/pdn_cfg.tcl…
Logging subprocess to [repr.filename]'runs/run1/21-openroad-generatepdn/openroad-generatepdn.log'[/repr.filename]…
[PDN-0231] u_sram_in is not connected to any power/ground nets.
[PDN-0189] Supply pin u_sram_in/vccd1 is not connected to any net.
[PDN-0189] Supply pin u_sram_in/vssd1 is not connected to any net.
Running 'Odb.RemovePDNObstructions' at 'runs/run1/22-odb-removepdnobstructions'…
'PDN_OBSTRUCTIONS' is not defined. Skipping 'Odb.RemovePDNObstructions'…
Running 'Odb.AddRoutingObstructions' at 'runs/run1/23-odb-addroutingobstructions'…
'ROUTING_OBSTRUCTIONS' is not defined. Skipping 'Odb.AddRoutingObstructions'…
Running 'OpenROAD.GlobalPlacementSkipIO' at 'runs/run1/24-openroad-globalplacementskipio'…
Logging subprocess to [repr.filename]'runs/run1/24-openroad-globalplacementskipio/openroad-globalplacementskipio.log'[/repr.filename]…
Running 'OpenROAD.IOPlacement' at 'runs/run1/25-openroad-ioplacement'…
Logging subprocess to [repr.filename]'runs/run1/25-openroad-ioplacement/openroad-ioplacement.log'[/repr.filename]…
Running 'Odb.CustomIOPlacement' at 'runs/run1/26-odb-customioplacement'…
No custom I/O placement file configured, skipping 'Odb.CustomIOPlacement'…
Running 'Odb.ApplyDEFTemplate' at 'runs/run1/27-odb-applydeftemplate'…
No DEF template provided, skipping 'Odb.ApplyDEFTemplate'…
Running 'OpenROAD.GlobalPlacement' at 'runs/run1/28-openroad-globalplacement'…
Logging subprocess to [repr.filename]'runs/run1/28-openroad-globalplacement/openroad-globalplacement.log'[/repr.filename]…
[GRT-0281] Net clk_i has a large fanout of 6816 terminals.
[GRT-0281] Net u_accel.ii\[0\] has a large fanout of 1046 terminals.
[GRT-0281] Net u_accel.ii\[1\] has a large fanout of 1046 terminals.
Running 'Odb.WriteVerilogHeader' at 'runs/run1/29-odb-writeverilogheader'…
Logging subprocess to [repr.filename]'runs/run1/29-odb-writeverilogheader/odb-writeverilogheader.log'[/repr.filename]…
Running 'Checker.PowerGridViolations' at 'runs/run1/30-checker-powergridviolations'…
Check for power grid violations (as reported by OpenROAD PSM- you may ignore these if LVS passes) clear.
Running 'OpenROAD.STAMidPNR' at 'runs/run1/31-openroad-stamidpnr'…
Logging subprocess to [repr.filename]'runs/run1/31-openroad-stamidpnr/openroad-stamidpnr.log'[/repr.filename]…
Gating variable for step 'OpenROAD.RepairDesignPostGPL' set to 'False'- the step will be skipped.
Skipping step 'Repair Design (Post-Global Placement)'…
Running 'Odb.ManualGlobalPlacement' at 'runs/run1/32-odb-manualglobalplacement'…
'MANUAL_GLOBAL_PLACEMENTS' not set. Skipping 'Odb.ManualGlobalPlacement'…
Running 'OpenROAD.DetailedPlacement' at 'runs/run1/33-openroad-detailedplacement'…
Logging subprocess to [repr.filename]'runs/run1/33-openroad-detailedplacement/openroad-detailedplacement.log'[/repr.filename]…
Running 'OpenROAD.CTS' at 'runs/run1/34-openroad-cts'…
Logging subprocess to [repr.filename]'runs/run1/34-openroad-cts/openroad-cts.log'[/repr.filename]…
[STA-1140] /home/ubuntu/zuga-final/asic/macros/sky130_sram_1kbyte_1rw1r_32x256_8/lib/sky130_sram_1kbyte_1rw1r_32x256_8_TT_1p8V_25C.lib line 1, library sky130_sram_1kbyte_1rw1r_32x256_8_TT_1p8V_25C_lib already exists.
[STA-1140] /home/ubuntu/.ciel/ciel/sky130/versions/8afc8346a57fe1ab7934ba5a6056ea8b43078e71/sky130A/libs.ref/sky130_fd_sc_hd/lib/sky130_fd_sc_hd__tt_025C_1v80.lib line 1, library sky130_fd_sc_hd__tt_025C_1v80 already exists.
[STA-1140] /home/ubuntu/zuga-final/asic/macros/sky130_sram_1kbyte_1rw1r_32x256_8/lib/sky130_sram_1kbyte_1rw1r_32x256_8_TT_1p8V_25C.lib line 1, library sky130_sram_1kbyte_1rw1r_32x256_8_TT_1p8V_25C_lib already exists.
[STA-1140] /home/ubuntu/zuga-final/asic/macros/sky130_sram_1kbyte_1rw1r_32x256_8/lib/sky130_sram_1kbyte_1rw1r_32x256_8_TT_1p8V_25C.lib line 1, library sky130_sram_1kbyte_1rw1r_32x256_8_TT_1p8V_25C_lib already exists.
[STA-1140] /home/ubuntu/.ciel/ciel/sky130/versions/8afc8346a57fe1ab7934ba5a6056ea8b43078e71/sky130A/libs.ref/sky130_fd_sc_hd/lib/sky130_fd_sc_hd__ff_n40C_1v95.lib line 1, library sky130_fd_sc_hd__ff_n40C_1v95 already exists.
[STA-1140] /home/ubuntu/zuga-final/asic/macros/sky130_sram_1kbyte_1rw1r_32x256_8/lib/sky130_sram_1kbyte_1rw1r_32x256_8_TT_1p8V_25C.lib line 1, library sky130_sram_1kbyte_1rw1r_32x256_8_TT_1p8V_25C_lib already exists.
[STA-1140] /home/ubuntu/.ciel/ciel/sky130/versions/8afc8346a57fe1ab7934ba5a6056ea8b43078e71/sky130A/libs.ref/sky130_fd_sc_hd/lib/sky130_fd_sc_hd__ss_100C_1v60.lib line 1, library sky130_fd_sc_hd__ss_100C_1v60 already exists.
[STA-1140] /home/ubuntu/zuga-final/asic/macros/sky130_sram_1kbyte_1rw1r_32x256_8/lib/sky130_sram_1kbyte_1rw1r_32x256_8_TT_1p8V_25C.lib line 1, library sky130_sram_1kbyte_1rw1r_32x256_8_TT_1p8V_25C_lib already exists.
[STA-1140] /home/ubuntu/.ciel/ciel/sky130/versions/8afc8346a57fe1ab7934ba5a6056ea8b43078e71/sky130A/libs.ref/sky130_fd_sc_hd/lib/sky130_fd_sc_hd__tt_025C_1v80.lib line 1, library sky130_fd_sc_hd__tt_025C_1v80 already exists.
[STA-1140] /home/ubuntu/zuga-final/asic/macros/sky130_sram_1kbyte_1rw1r_32x256_8/lib/sky130_sram_1kbyte_1rw1r_32x256_8_TT_1p8V_25C.lib line 1, library sky130_sram_1kbyte_1rw1r_32x256_8_TT_1p8V_25C_lib already exists.
[STA-1140] /home/ubuntu/.ciel/ciel/sky130/versions/8afc8346a57fe1ab7934ba5a6056ea8b43078e71/sky130A/libs.ref/sky130_fd_sc_hd/lib/sky130_fd_sc_hd__ss_100C_1v60.lib line 1, library sky130_fd_sc_hd__ss_100C_1v60 already exists.
[STA-1140] /home/ubuntu/zuga-final/asic/macros/sky130_sram_1kbyte_1rw1r_32x256_8/lib/sky130_sram_1kbyte_1rw1r_32x256_8_TT_1p8V_25C.lib line 1, library sky130_sram_1kbyte_1rw1r_32x256_8_TT_1p8V_25C_lib already exists.
[STA-1140] /home/ubuntu/.ciel/ciel/sky130/versions/8afc8346a57fe1ab7934ba5a6056ea8b43078e71/sky130A/libs.ref/sky130_fd_sc_hd/lib/sky130_fd_sc_hd__ff_n40C_1v95.lib line 1, library sky130_fd_sc_hd__ff_n40C_1v95 already exists.
[STA-1140] /home/ubuntu/zuga-final/asic/macros/sky130_sram_1kbyte_1rw1r_32x256_8/lib/sky130_sram_1kbyte_1rw1r_32x256_8_TT_1p8V_25C.lib line 1, library sky130_sram_1kbyte_1rw1r_32x256_8_TT_1p8V_25C_lib already exists.
Running 'OpenROAD.STAMidPNR-1' at 'runs/run1/35-openroad-stamidpnr-1'…
Logging subprocess to [repr.filename]'runs/run1/35-openroad-stamidpnr-1/openroad-stamidpnr-1.log'[/repr.filename]…
Running 'OpenROAD.ResizerTimingPostCTS' at 'runs/run1/36-openroad-resizertimingpostcts'…
Logging subprocess to [repr.filename]'runs/run1/36-openroad-resizertimingpostcts/openroad-resizertimingpostcts.log'[/repr.filename]…
[STA-1140] /home/ubuntu/zuga-final/asic/macros/sky130_sram_1kbyte_1rw1r_32x256_8/lib/sky130_sram_1kbyte_1rw1r_32x256_8_TT_1p8V_25C.lib line 1, library sky130_sram_1kbyte_1rw1r_32x256_8_TT_1p8V_25C_lib already exists.
[STA-1140] /home/ubuntu/.ciel/ciel/sky130/versions/8afc8346a57fe1ab7934ba5a6056ea8b43078e71/sky130A/libs.ref/sky130_fd_sc_hd/lib/sky130_fd_sc_hd__tt_025C_1v80.lib line 1, library sky130_fd_sc_hd__tt_025C_1v80 already exists.
[STA-1140] /home/ubuntu/zuga-final/asic/macros/sky130_sram_1kbyte_1rw1r_32x256_8/lib/sky130_sram_1kbyte_1rw1r_32x256_8_TT_1p8V_25C.lib line 1, library sky130_sram_1kbyte_1rw1r_32x256_8_TT_1p8V_25C_lib already exists.
[STA-1140] /home/ubuntu/zuga-final/asic/macros/sky130_sram_1kbyte_1rw1r_32x256_8/lib/sky130_sram_1kbyte_1rw1r_32x256_8_TT_1p8V_25C.lib line 1, library sky130_sram_1kbyte_1rw1r_32x256_8_TT_1p8V_25C_lib already exists.
[STA-1140] /home/ubuntu/.ciel/ciel/sky130/versions/8afc8346a57fe1ab7934ba5a6056ea8b43078e71/sky130A/libs.ref/sky130_fd_sc_hd/lib/sky130_fd_sc_hd__ff_n40C_1v95.lib line 1, library sky130_fd_sc_hd__ff_n40C_1v95 already exists.
[STA-1140] /home/ubuntu/zuga-final/asic/macros/sky130_sram_1kbyte_1rw1r_32x256_8/lib/sky130_sram_1kbyte_1rw1r_32x256_8_TT_1p8V_25C.lib line 1, library sky130_sram_1kbyte_1rw1r_32x256_8_TT_1p8V_25C_lib already exists.
[STA-1140] /home/ubuntu/.ciel/ciel/sky130/versions/8afc8346a57fe1ab7934ba5a6056ea8b43078e71/sky130A/libs.ref/sky130_fd_sc_hd/lib/sky130_fd_sc_hd__ss_100C_1v60.lib line 1, library sky130_fd_sc_hd__ss_100C_1v60 already exists.
[STA-1140] /home/ubuntu/zuga-final/asic/macros/sky130_sram_1kbyte_1rw1r_32x256_8/lib/sky130_sram_1kbyte_1rw1r_32x256_8_TT_1p8V_25C.lib line 1, library sky130_sram_1kbyte_1rw1r_32x256_8_TT_1p8V_25C_lib already exists.
[STA-1140] /home/ubuntu/.ciel/ciel/sky130/versions/8afc8346a57fe1ab7934ba5a6056ea8b43078e71/sky130A/libs.ref/sky130_fd_sc_hd/lib/sky130_fd_sc_hd__tt_025C_1v80.lib line 1, library sky130_fd_sc_hd__tt_025C_1v80 already exists.
[STA-1140] /home/ubuntu/zuga-final/asic/macros/sky130_sram_1kbyte_1rw1r_32x256_8/lib/sky130_sram_1kbyte_1rw1r_32x256_8_TT_1p8V_25C.lib line 1, library sky130_sram_1kbyte_1rw1r_32x256_8_TT_1p8V_25C_lib already exists.
[STA-1140] /home/ubuntu/.ciel/ciel/sky130/versions/8afc8346a57fe1ab7934ba5a6056ea8b43078e71/sky130A/libs.ref/sky130_fd_sc_hd/lib/sky130_fd_sc_hd__ss_100C_1v60.lib line 1, library sky130_fd_sc_hd__ss_100C_1v60 already exists.
[STA-1140] /home/ubuntu/zuga-final/asic/macros/sky130_sram_1kbyte_1rw1r_32x256_8/lib/sky130_sram_1kbyte_1rw1r_32x256_8_TT_1p8V_25C.lib line 1, library sky130_sram_1kbyte_1rw1r_32x256_8_TT_1p8V_25C_lib already exists.
[STA-1140] /home/ubuntu/.ciel/ciel/sky130/versions/8afc8346a57fe1ab7934ba5a6056ea8b43078e71/sky130A/libs.ref/sky130_fd_sc_hd/lib/sky130_fd_sc_hd__ff_n40C_1v95.lib line 1, library sky130_fd_sc_hd__ff_n40C_1v95 already exists.
[STA-1140] /home/ubuntu/zuga-final/asic/macros/sky130_sram_1kbyte_1rw1r_32x256_8/lib/sky130_sram_1kbyte_1rw1r_32x256_8_TT_1p8V_25C.lib line 1, library sky130_sram_1kbyte_1rw1r_32x256_8_TT_1p8V_25C_lib already exists.
Running 'OpenROAD.STAMidPNR-2' at 'runs/run1/37-openroad-stamidpnr-2'…
Logging subprocess to [repr.filename]'runs/run1/37-openroad-stamidpnr-2/openroad-stamidpnr-2.log'[/repr.filename]…
Running 'OpenROAD.GlobalRouting' at 'runs/run1/38-openroad-globalrouting'…
Logging subprocess to [repr.filename]'runs/run1/38-openroad-globalrouting/openroad-globalrouting.log'[/repr.filename]…
[GRT-0281] Net u_accel.ii\[1\] has a large fanout of 1046 terminals.
Running 'OpenROAD.CheckAntennas' at 'runs/run1/39-openroad-checkantennas'…
Logging subprocess to [repr.filename]'runs/run1/39-openroad-checkantennas/openroad-checkantennas.log'[/repr.filename]…
Gating variable for step 'OpenROAD.RepairDesignPostGRT' set to 'False'- the step will be skipped.
Skipping step 'Repair Design (Post-Global Routing)'…
Running 'Odb.DiodesOnPorts' at 'runs/run1/40-odb-diodesonports'…
'DIODE_ON_PORTS' is set to 'none': skipping 'Odb.DiodesOnPorts'…
Gating variable for step 'Odb.HeuristicDiodeInsertion' set to 'False'- the step will be skipped.
Skipping step 'Heuristic Diode Insertion'…
Running 'OpenROAD.RepairAntennas' at 'runs/run1/41-openroad-repairantennas'…
Running 'OpenROAD.DiodeInsertion' at 'runs/run1/41-openroad-repairantennas/1-openroad-diodeinsertion'…
Logging subprocess to [repr.filename]'runs/run1/41-openroad-repairantennas/1-openroad-diodeinsertion/openroad-diodeinsertion.log'[/repr.filename]…
[GRT-0281] Net u_accel.ii\[1\] has a large fanout of 1046 terminals.
[GRT-0281] Net u_accel.ii\[1\] has a large fanout of 1046 terminals.
Running 'OpenROAD.CheckAntennas' at 'runs/run1/41-openroad-repairantennas/2-openroad-checkantennas'…
Logging subprocess to [repr.filename]'runs/run1/41-openroad-repairantennas/2-openroad-checkantennas/openroad-checkantennas.log'[/repr.filename]…
Gating variable for step 'OpenROAD.ResizerTimingPostGRT' set to 'False'- the step will be skipped.
Skipping step 'Resizer Timing Optimizations (Post-Global Routing)'…
Running 'OpenROAD.STAMidPNR-3' at 'runs/run1/42-openroad-stamidpnr-3'…
Logging subprocess to [repr.filename]'runs/run1/42-openroad-stamidpnr-3/openroad-stamidpnr-3.log'[/repr.filename]…
[GRT-0281] Net u_accel.ii\[1\] has a large fanout of 1046 terminals.
Running 'OpenROAD.DetailedRouting' at 'runs/run1/43-openroad-detailedrouting'…
Running TritonRoute with 16 threads…
Logging subprocess to [repr.filename]'runs/run1/43-openroad-detailedrouting/openroad-detailedrouting.log'[/repr.filename]…
[DRT-0349] LEF58_ENCLOSURE with no CUTCLASS is not supported. Skipping for layer mcon
[DRT-0349] LEF58_ENCLOSURE with no CUTCLASS is not supported. Skipping for layer mcon
[DRT-0349] LEF58_ENCLOSURE with no CUTCLASS is not supported. Skipping for layer via
[DRT-0349] LEF58_ENCLOSURE with no CUTCLASS is not supported. Skipping for layer via
[DRT-0349] LEF58_ENCLOSURE with no CUTCLASS is not supported. Skipping for layer via2
[DRT-0349] LEF58_ENCLOSURE with no CUTCLASS is not supported. Skipping for layer via2
[DRT-0349] LEF58_ENCLOSURE with no CUTCLASS is not supported. Skipping for layer via3
[DRT-0349] LEF58_ENCLOSURE with no CUTCLASS is not supported. Skipping for layer via3
[DRT-0349] LEF58_ENCLOSURE with no CUTCLASS is not supported. Skipping for layer via4
[DRT-0349] LEF58_ENCLOSURE with no CUTCLASS is not supported. Skipping for layer via4
[DRT-0120] Large net _06863_ has 257 pins which may impact routing performance. Consider optimization.
[DRT-0120] Large net _06989_ has 601 pins which may impact routing performance. Consider optimization.
[DRT-0120] Large net _06990_ has 601 pins which may impact routing performance. Consider optimization.
[DRT-0120] Large net _06991_ has 601 pins which may impact routing performance. Consider optimization.
[DRT-0120] Large net _06992_ has 601 pins which may impact routing performance. Consider optimization.
[DRT-0120] Large net _06993_ has 601 pins which may impact routing performance. Consider optimization.
[DRT-0120] Large net _06994_ has 601 pins which may impact routing performance. Consider optimization.
[DRT-0120] Large net _06995_ has 601 pins which may impact routing performance. Consider optimization.
[DRT-0120] Large net _06996_ has 601 pins which may impact routing performance. Consider optimization.
[DRT-0120] Large net _07937_ has 200 pins which may impact routing performance. Consider optimization.
[DRT-0120] Large net _08478_ has 257 pins which may impact routing performance. Consider optimization.
[DRT-0120] Large net _08483_ has 257 pins which may impact routing performance. Consider optimization.
[DRT-0120] Large net _08486_ has 257 pins which may impact routing performance. Consider optimization.
[DRT-0120] Large net _08495_ has 109 pins which may impact routing performance. Consider optimization.
[DRT-0120] Large net _13699_ has 129 pins which may impact routing performance. Consider optimization.
[DRT-0120] Large net _13700_ has 129 pins which may impact routing performance. Consider optimization.
[DRT-0120] Large net _13701_ has 129 pins which may impact routing performance. Consider optimization.
[DRT-0120] Large net _13702_ has 129 pins which may impact routing performance. Consider optimization.
[DRT-0120] Large net _13703_ has 129 pins which may impact routing performance. Consider optimization.
[DRT-0120] Large net _13704_ has 129 pins which may impact routing performance. Consider optimization.
[DRT-0120] Large net _13705_ has 129 pins which may impact routing performance. Consider optimization.
[DRT-0120] Large net rst_ni has 727 pins which may impact routing performance. Consider optimization.
[DRT-0120] Large net u_accel.ii\[0\] has 525 pins which may impact routing performance. Consider optimization.
[DRT-0120] Large net u_accel.ii\[1\] has 1046 pins which may impact routing performance. Consider optimization.
[DRT-0120] Large net net has 523 pins which may impact routing performance. Consider optimization.
[GRT-0281] Net u_accel.ii\[1\] has a large fanout of 1046 terminals.
[GRT-0281] Net u_accel.ii\[1\] has a large fanout of 1046 terminals.
[GRT-0243] Unable to repair antennas on net with diodes.
[DRT-0120] Large net _06863_ has 257 pins which may impact routing performance. Consider optimization.
[DRT-0120] Large net _06989_ has 606 pins which may impact routing performance. Consider optimization.
[DRT-0120] Large net _06990_ has 605 pins which may impact routing performance. Consider optimization.
[DRT-0120] Large net _06991_ has 604 pins which may impact routing performance. Consider optimization.
[DRT-0120] Large net _06992_ has 605 pins which may impact routing performance. Consider optimization.
[DRT-0120] Large net _06993_ has 605 pins which may impact routing performance. Consider optimization.
[DRT-0120] Large net _06994_ has 602 pins which may impact routing performance. Consider optimization.
[DRT-0120] Large net _06995_ has 603 pins which may impact routing performance. Consider optimization.
[DRT-0120] Large net _06996_ has 602 pins which may impact routing performance. Consider optimization.
[DRT-0120] Large net _07937_ has 200 pins which may impact routing performance. Consider optimization.
[DRT-0120] Large net _08478_ has 257 pins which may impact routing performance. Consider optimization.
[DRT-0120] Large net _08483_ has 257 pins which may impact routing performance. Consider optimization.
[DRT-0120] Large net _08486_ has 257 pins which may impact routing performance. Consider optimization.
[DRT-0120] Large net _08495_ has 109 pins which may impact routing performance. Consider optimization.
[DRT-0120] Large net _13699_ has 131 pins which may impact routing performance. Consider optimization.
[DRT-0120] Large net _13700_ has 131 pins which may impact routing performance. Consider optimization.
[DRT-0120] Large net _13701_ has 130 pins which may impact routing performance. Consider optimization.
[DRT-0120] Large net _13702_ has 130 pins which may impact routing performance. Consider optimization.
[DRT-0120] Large net _13703_ has 130 pins which may impact routing performance. Consider optimization.
[DRT-0120] Large net _13704_ has 129 pins which may impact routing performance. Consider optimization.
[DRT-0120] Large net _13705_ has 129 pins which may impact routing performance. Consider optimization.
[DRT-0120] Large net rst_ni has 727 pins which may impact routing performance. Consider optimization.
[DRT-0120] Large net u_accel.ii\[0\] has 525 pins which may impact routing performance. Consider optimization.
[DRT-0120] Large net u_accel.ii\[1\] has 1046 pins which may impact routing performance. Consider optimization.
[DRT-0120] Large net net has 523 pins which may impact routing performance. Consider optimization.
[GRT-0281] Net u_accel.ii\[1\] has a large fanout of 1046 terminals.
[DRT-0120] Large net _06863_ has 258 pins which may impact routing performance. Consider optimization.
[DRT-0120] Large net _06989_ has 608 pins which may impact routing performance. Consider optimization.
[DRT-0120] Large net _06990_ has 606 pins which may impact routing performance. Consider optimization.
[DRT-0120] Large net _06991_ has 606 pins which may impact routing performance. Consider optimization.
[DRT-0120] Large net _06992_ has 606 pins which may impact routing performance. Consider optimization.
[DRT-0120] Large net _06993_ has 607 pins which may impact routing performance. Consider optimization.
[DRT-0120] Large net _06994_ has 603 pins which may impact routing performance. Consider optimization.
[DRT-0120] Large net _06995_ has 605 pins which may impact routing performance. Consider optimization.
[DRT-0120] Large net _06996_ has 603 pins which may impact routing performance. Consider optimization.
[DRT-0120] Large net _07937_ has 200 pins which may impact routing performance. Consider optimization.
[DRT-0120] Large net _08478_ has 257 pins which may impact routing performance. Consider optimization.
[DRT-0120] Large net _08483_ has 257 pins which may impact routing performance. Consider optimization.
[DRT-0120] Large net _08486_ has 257 pins which may impact routing performance. Consider optimization.
[DRT-0120] Large net _08495_ has 109 pins which may impact routing performance. Consider optimization.
[DRT-0120] Large net _13699_ has 131 pins which may impact routing performance. Consider optimization.
[DRT-0120] Large net _13700_ has 132 pins which may impact routing performance. Consider optimization.
[DRT-0120] Large net _13701_ has 131 pins which may impact routing performance. Consider optimization.
[DRT-0120] Large net _13702_ has 130 pins which may impact routing performance. Consider optimization.
[DRT-0120] Large net _13703_ has 130 pins which may impact routing performance. Consider optimization.
[DRT-0120] Large net _13704_ has 129 pins which may impact routing performance. Consider optimization.
[DRT-0120] Large net _13705_ has 129 pins which may impact routing performance. Consider optimization.
[DRT-0120] Large net rst_ni has 727 pins which may impact routing performance. Consider optimization.
[DRT-0120] Large net u_accel.ii\[0\] has 525 pins which may impact routing performance. Consider optimization.
[DRT-0120] Large net u_accel.ii\[1\] has 1046 pins which may impact routing performance. Consider optimization.
[DRT-0120] Large net net has 523 pins which may impact routing performance. Consider optimization.
[GRT-0281] Net u_accel.ii\[1\] has a large fanout of 1046 terminals.
[DRT-0120] Large net _06863_ has 258 pins which may impact routing performance. Consider optimization.
[DRT-0120] Large net _06989_ has 608 pins which may impact routing performance. Consider optimization.
[DRT-0120] Large net _06990_ has 608 pins which may impact routing performance. Consider optimization.
[DRT-0120] Large net _06991_ has 606 pins which may impact routing performance. Consider optimization.
[DRT-0120] Large net _06992_ has 607 pins which may impact routing performance. Consider optimization.
[DRT-0120] Large net _06993_ has 610 pins which may impact routing performance. Consider optimization.
[DRT-0120] Large net _06994_ has 604 pins which may impact routing performance. Consider optimization.
[DRT-0120] Large net _06995_ has 606 pins which may impact routing performance. Consider optimization.
[DRT-0120] Large net _06996_ has 603 pins which may impact routing performance. Consider optimization.
[DRT-0120] Large net _07937_ has 200 pins which may impact routing performance. Consider optimization.
[DRT-0120] Large net _08478_ has 257 pins which may impact routing performance. Consider optimization.
[DRT-0120] Large net _08483_ has 257 pins which may impact routing performance. Consider optimization.
[DRT-0120] Large net _08486_ has 257 pins which may impact routing performance. Consider optimization.
[DRT-0120] Large net _08495_ has 109 pins which may impact routing performance. Consider optimization.
[DRT-0120] Large net _13699_ has 131 pins which may impact routing performance. Consider optimization.
[DRT-0120] Large net _13700_ has 132 pins which may impact routing performance. Consider optimization.
[DRT-0120] Large net _13701_ has 131 pins which may impact routing performance. Consider optimization.
[DRT-0120] Large net _13702_ has 130 pins which may impact routing performance. Consider optimization.
[DRT-0120] Large net _13703_ has 130 pins which may impact routing performance. Consider optimization.
[DRT-0120] Large net _13704_ has 129 pins which may impact routing performance. Consider optimization.
[DRT-0120] Large net _13705_ has 129 pins which may impact routing performance. Consider optimization.
[DRT-0120] Large net rst_ni has 727 pins which may impact routing performance. Consider optimization.
[DRT-0120] Large net u_accel.ii\[0\] has 525 pins which may impact routing performance. Consider optimization.
[DRT-0120] Large net u_accel.ii\[1\] has 1046 pins which may impact routing performance. Consider optimization.
[DRT-0120] Large net net has 523 pins which may impact routing performance. Consider optimization.
Running 'Odb.RemoveRoutingObstructions' at 'runs/run1/44-odb-removeroutingobstructions'…
'ROUTING_OBSTRUCTIONS' is not defined. Skipping 'Odb.RemoveRoutingObstructions'…
Running 'OpenROAD.CheckAntennas-1' at 'runs/run1/45-openroad-checkantennas-1'…
Logging subprocess to [repr.filename]'runs/run1/45-openroad-checkantennas-1/openroad-checkantennas-1.log'[/repr.filename]…
Running 'Checker.TrDRC' at 'runs/run1/46-checker-trdrc'…
41 Routing DRC errors found.
Running 'Odb.ReportDisconnectedPins' at 'runs/run1/47-odb-reportdisconnectedpins'…
Logging subprocess to [repr.filename]'runs/run1/47-odb-reportdisconnectedpins/odb-reportdisconnectedpins.log'[/repr.filename]…
Running 'Checker.DisconnectedPins' at 'runs/run1/48-checker-disconnectedpins'…
1 critical disconnected pins found.
Running 'Odb.ReportWireLength' at 'runs/run1/49-odb-reportwirelength'…
Logging subprocess to [repr.filename]'runs/run1/49-odb-reportwirelength/odb-reportwirelength.log'[/repr.filename]…
Running 'Checker.WireLength' at 'runs/run1/50-checker-wirelength'…
Threshold for Threshold-surpassing long wires is not set. The checker will be skipped.
Running 'OpenROAD.FillInsertion' at 'runs/run1/51-openroad-fillinsertion'…
Logging subprocess to [repr.filename]'runs/run1/51-openroad-fillinsertion/openroad-fillinsertion.log'[/repr.filename]…
Running 'Odb.CellFrequencyTables' at 'runs/run1/52-odb-cellfrequencytables'…
Logging subprocess to [repr.filename]'runs/run1/52-odb-cellfrequencytables/buffer_list.txt'[/repr.filename]…
Logging subprocess to [repr.filename]'runs/run1/52-odb-cellfrequencytables/odb-cellfrequencytables.log'[/repr.filename]…
Running 'OpenROAD.RCX' at 'runs/run1/53-openroad-rcx'…
Running RCX for corners matching nom_* (/home/ubuntu/zuga-final/asic/runs/run1/53-openroad-rcx/nom/rcx.log)…
Running RCX for corners matching min_* (/home/ubuntu/zuga-final/asic/runs/run1/53-openroad-rcx/min/rcx.log)…
Logging subprocess to [repr.filename]'runs/run1/53-openroad-rcx/min/rcx.log'[/repr.filename]…
Logging subprocess to [repr.filename]'runs/run1/53-openroad-rcx/nom/rcx.log'[/repr.filename]…
Running RCX for corners matching max_* (/home/ubuntu/zuga-final/asic/runs/run1/53-openroad-rcx/max/rcx.log)…
Logging subprocess to [repr.filename]'runs/run1/53-openroad-rcx/max/rcx.log'[/repr.filename]…
Finished RCX for corners matching nom_*.
Finished RCX for corners matching min_*.
Finished RCX for corners matching max_*.
Running 'OpenROAD.STAPostPNR' at 'runs/run1/54-openroad-stapostpnr'…
Netlists found for macro sky130_sram_1kbyte_1rw1r_32x256_8, but no parasitics extraction found at corner nom_tt_025C_1v80. The netlist cannot be used for timing on this module.
Starting STA for the nom_tt_025C_1v80 timing corner…
Netlists found for macro sky130_sram_1kbyte_1rw1r_32x256_8, but no parasitics extraction found at corner nom_ss_100C_1v60. The netlist cannot be used for timing on this module.
Starting STA for the nom_ss_100C_1v60 timing corner…
Logging subprocess to [repr.filename]'runs/run1/54-openroad-stapostpnr/nom_ss_100C_1v60/sta.log'[/repr.filename]…
Logging subprocess to [repr.filename]'runs/run1/54-openroad-stapostpnr/nom_tt_025C_1v80/sta.log'[/repr.filename]…
Netlists found for macro sky130_sram_1kbyte_1rw1r_32x256_8, but no parasitics extraction found at corner nom_ff_n40C_1v95. The netlist cannot be used for timing on this module.
Starting STA for the nom_ff_n40C_1v95 timing corner…
Netlists found for macro sky130_sram_1kbyte_1rw1r_32x256_8, but no parasitics extraction found at corner min_tt_025C_1v80. The netlist cannot be used for timing on this module.
Starting STA for the min_tt_025C_1v80 timing corner…
Netlists found for macro sky130_sram_1kbyte_1rw1r_32x256_8, but no parasitics extraction found at corner min_ss_100C_1v60. The netlist cannot be used for timing on this module.
Starting STA for the min_ss_100C_1v60 timing corner…
Netlists found for macro sky130_sram_1kbyte_1rw1r_32x256_8, but no parasitics extraction found at corner min_ff_n40C_1v95. The netlist cannot be used for timing on this module.
Starting STA for the min_ff_n40C_1v95 timing corner…
Logging subprocess to [repr.filename]'runs/run1/54-openroad-stapostpnr/min_ss_100C_1v60/sta.log'[/repr.filename]…
Netlists found for macro sky130_sram_1kbyte_1rw1r_32x256_8, but no parasitics extraction found at corner max_tt_025C_1v80. The netlist cannot be used for timing on this module.
Logging subprocess to [repr.filename]'runs/run1/54-openroad-stapostpnr/nom_ff_n40C_1v95/sta.log'[/repr.filename]…
Starting STA for the max_tt_025C_1v80 timing corner…
Netlists found for macro sky130_sram_1kbyte_1rw1r_32x256_8, but no parasitics extraction found at corner max_ss_100C_1v60. The netlist cannot be used for timing on this module.
Starting STA for the max_ss_100C_1v60 timing corner…
Logging subprocess to [repr.filename]'runs/run1/54-openroad-stapostpnr/min_ff_n40C_1v95/sta.log'[/repr.filename]…
Logging subprocess to [repr.filename]'runs/run1/54-openroad-stapostpnr/min_tt_025C_1v80/sta.log'[/repr.filename]…
Netlists found for macro sky130_sram_1kbyte_1rw1r_32x256_8, but no parasitics extraction found at corner max_ff_n40C_1v95. The netlist cannot be used for timing on this module.
Starting STA for the max_ff_n40C_1v95 timing corner…
Logging subprocess to [repr.filename]'runs/run1/54-openroad-stapostpnr/max_tt_025C_1v80/sta.log'[/repr.filename]…
Logging subprocess to [repr.filename]'runs/run1/54-openroad-stapostpnr/max_ss_100C_1v60/sta.log'[/repr.filename]…
Logging subprocess to [repr.filename]'runs/run1/54-openroad-stapostpnr/max_ff_n40C_1v95/sta.log'[/repr.filename]…
Finished STA for the min_tt_025C_1v80 timing corner.
Logging subprocess to [repr.filename]'runs/run1/54-openroad-stapostpnr/min_tt_025C_1v80/filter_unannotated.log'[/repr.filename]…
Finished STA for the max_ss_100C_1v60 timing corner.
Logging subprocess to [repr.filename]'runs/run1/54-openroad-stapostpnr/max_ss_100C_1v60/filter_unannotated.log'[/repr.filename]…
Finished STA for the nom_ss_100C_1v60 timing corner.
Logging subprocess to [repr.filename]'runs/run1/54-openroad-stapostpnr/nom_ss_100C_1v60/filter_unannotated.log'[/repr.filename]…
Finished STA for the max_tt_025C_1v80 timing corner.
Logging subprocess to [repr.filename]'runs/run1/54-openroad-stapostpnr/max_tt_025C_1v80/filter_unannotated.log'[/repr.filename]…
Finished STA for the max_ff_n40C_1v95 timing corner.
Logging subprocess to [repr.filename]'runs/run1/54-openroad-stapostpnr/max_ff_n40C_1v95/filter_unannotated.log'[/repr.filename]…
Finished STA for the nom_ff_n40C_1v95 timing corner.
Logging subprocess to [repr.filename]'runs/run1/54-openroad-stapostpnr/nom_ff_n40C_1v95/filter_unannotated.log'[/repr.filename]…
Finished STA for the min_ff_n40C_1v95 timing corner.
Logging subprocess to [repr.filename]'runs/run1/54-openroad-stapostpnr/min_ff_n40C_1v95/filter_unannotated.log'[/repr.filename]…
Finished STA for the min_ss_100C_1v60 timing corner.
Logging subprocess to [repr.filename]'runs/run1/54-openroad-stapostpnr/min_ss_100C_1v60/filter_unannotated.log'[/repr.filename]…
Finished STA for the nom_tt_025C_1v80 timing corner.
Logging subprocess to [repr.filename]'runs/run1/54-openroad-stapostpnr/nom_tt_025C_1v80/filter_unannotated.log'[/repr.filename]…
Running 'OpenROAD.IRDropReport' at 'runs/run1/55-openroad-irdropreport'…
'VSRC_LOC_FILES' was not given a value, which may make the results of IR drop analysis inaccurate. If you are not integrating a top-level chip for manufacture, you may ignore this warning, otherwise, see the documentation for 'VSRC_LOC_FILES'.
Logging subprocess to [repr.filename]'runs/run1/55-openroad-irdropreport/openroad-irdropreport.log'[/repr.filename]…
+ analyze_power_grid -net VPWR -voltage_file /home/ubuntu/zuga-final/asic/runs/run1/55-openroad-irdropreport/net-VPWR.csv
[INFO PSM-0040] All shapes on net VPWR are connected.
########## IR report #################
Net              : VPWR
Corner           : nom_tt_025C_1v80
Total power      : 8.45e-03 W
Supply voltage   : 1.80e+00 V
Worstcase voltage: 1.80e+00 V
Average voltage  : 1.80e+00 V
Average IR drop  : 2.10e-05 V
Worstcase IR drop: 7.01e-04 V
Percentage drop  : 0.04 %
######################################
+ analyze_power_grid -net VGND -voltage_file /home/ubuntu/zuga-final/asic/runs/run1/55-openroad-irdropreport/net-VGND.csv
[INFO PSM-0040] All shapes on net VGND are connected.
########## IR report #################
Net              : VGND
Corner           : nom_tt_025C_1v80
Total power      : 8.45e-03 W
Supply voltage   : 0.00e+00 V
Worstcase voltage: 7.43e-04 V
Average voltage  : 2.08e-05 V
Average IR drop  : 2.08e-05 V
Worstcase IR drop: 7.43e-04 V
Percentage drop  : 0.04 %
######################################

Running 'Magic.StreamOut' at 'runs/run1/56-magic-streamout'…
Logging subprocess to [repr.filename]'runs/run1/56-magic-streamout/sky130_sram_1kbyte_1rw1r_32x256_8.get_bbox.log'[/repr.filename]…
Error while reading cell "sky130_fd_bd_sram__openram_dp_cell_cap_row" (byte position 251578): Unknown layer/datatype in boundary, layer=33 type=42

Error while reading cell "sky130_fd_bd_sram__openram_dp_cell_cap_row" (byte position 252282): Unknown layer/datatype in boundary, layer=33 type=43

Error while reading cell "sky130_fd_bd_sram__openram_dp_cell_cap_row" (byte position 253242): Unknown layer/datatype in boundary, layer=22 type=21

Error while reading cell "sky130_fd_bd_sram__openram_dp_cell_dummy" (byte position 268166): Unknown layer/datatype in boundary, layer=33 type=42

Error while reading cell "sky130_fd_bd_sram__openram_dp_cell_dummy" (byte position 271942): Unknown layer/datatype in boundary, layer=33 type=43

Error while reading cell "sky130_fd_bd_sram__openram_dp_cell_dummy" (byte position 276134): Unknown layer/datatype in boundary, layer=22 type=21

Error while reading cell "sky130_fd_bd_sram__openram_dp_cell_dummy" (byte position 276998): Unknown layer/datatype in boundary, layer=22 type=22

Error while reading cell "sky130_fd_bd_sram__openram_dp_cell_dummy" (byte position 277254): Unknown layer/datatype in boundary, layer=235 type=0

Error while reading cell "sky130_fd_bd_sram__openram_dp_cell_replica" (byte position 295218): Unknown layer/datatype in boundary, layer=33 type=42

Error while reading cell "sky130_fd_bd_sram__openram_dp_cell_replica" (byte position 298994): Unknown layer/datatype in boundary, layer=33 type=43

Error while reading cell "sky130_fd_bd_sram__openram_dp_cell_replica" (byte position 303186): Unknown layer/datatype in boundary, layer=22 type=21

Error while reading cell "sky130_fd_bd_sram__openram_dp_cell_replica" (byte position 304562): Unknown layer/datatype in boundary, layer=22 type=22

Error while reading cell "sky130_fd_bd_sram__openram_dp_cell_replica" (byte position 304818): Unknown layer/datatype in boundary, layer=235 type=0

Error while reading cell "sky130_fd_bd_sram__openram_dp_cell" (byte position 325460): Unknown layer/datatype in boundary, layer=33 type=42

Error while reading cell "sky130_fd_bd_sram__openram_dp_cell" (byte position 329236): Unknown layer/datatype in boundary, layer=33 type=43

Error while reading cell "sky130_fd_bd_sram__openram_dp_cell" (byte position 333428): Unknown layer/datatype in boundary, layer=22 type=21

Error while reading cell "sky130_fd_bd_sram__openram_dp_cell" (byte position 334804): Unknown layer/datatype in boundary, layer=22 type=22

Error while reading cell "sky130_fd_bd_sram__openram_dp_cell" (byte position 335060): Unknown layer/datatype in boundary, layer=235 type=0

Logging subprocess to [repr.filename]'runs/run1/56-magic-streamout/magic-streamout.log'[/repr.filename]…
Running 'KLayout.StreamOut' at 'runs/run1/57-klayout-streamout'…
Logging subprocess to [repr.filename]'runs/run1/57-klayout-streamout/klayout-streamout.log'[/repr.filename]…
Skipping step 'Render Image (w/ KLayout)'…
Running 'Magic.WriteLEF' at 'runs/run1/58-magic-writelef'…
Logging subprocess to [repr.filename]'runs/run1/58-magic-writelef/magic-writelef.log'[/repr.filename]…
Running 'Odb.CheckDesignAntennaProperties' at 'runs/run1/59-odb-checkdesignantennaproperties'…
Logging subprocess to [repr.filename]'runs/run1/59-odb-checkdesignantennaproperties/odb-checkdesignantennaproperties.log'[/repr.filename]…
Cell 'yz_top_sram' has (50) input pin(s) without antenna gate information. They might not be connected to a gate.
Cell 'yz_top_sram' has (4) output pin(s) without antenna diffusion information. They might not be driven.
Running 'KLayout.XOR' at 'runs/run1/60-klayout-xor'…
Running XOR with 16 threads…
Logging subprocess to [repr.filename]'runs/run1/60-klayout-xor/klayout-xor.log'[/repr.filename]…
Running 'Checker.XOR' at 'runs/run1/61-checker-xor'…
Check for XOR differences clear.
Running 'Magic.DRC' at 'runs/run1/62-magic-drc'…
Logging subprocess to [repr.filename]'runs/run1/62-magic-drc/magic-drc.log'[/repr.filename]…
Skipping step 'Design Rule Check (KLayout)'…
Running 'Checker.MagicDRC' at 'runs/run1/63-checker-magicdrc'…
960 Magic DRC errors found.
Running 'Checker.KLayoutDRC' at 'runs/run1/64-checker-klayoutdrc'…
The KLayout DRC errors metric was not found. Are you sure the relevant step was run?
Running 'Magic.SpiceExtraction' at 'runs/run1/65-magic-spiceextraction'…
Logging subprocess to [repr.filename]'runs/run1/65-magic-spiceextraction/magic-spiceextraction.log'[/repr.filename]…
Running 'Checker.IllegalOverlap' at 'runs/run1/66-checker-illegaloverlap'…
Check for Magic Illegal Overlap errors clear.
Running 'Netgen.LVS' at 'runs/run1/67-netgen-lvs'…
Logging subprocess to [repr.filename]'runs/run1/67-netgen-lvs/netgen-lvs.log'[/repr.filename]…
Running 'Checker.LVS' at 'runs/run1/68-checker-lvs'…
Check for LVS errors clear.
Gating variable for step 'Yosys.EQY' set to 'False'- the step will be skipped.
Skipping step 'Equivalence Check'…
Running 'Checker.SetupViolations' at 'runs/run1/69-checker-setupviolations'…
Setup violations found in the following corners:
* max_ss_100C_1v60
* min_ss_100C_1v60
* nom_ss_100C_1v60
No setup violations found
Running 'Checker.HoldViolations' at 'runs/run1/70-checker-holdviolations'…
Hold violations found in the following corners:
* max_ss_100C_1v60
* min_ss_100C_1v60
* nom_ss_100C_1v60
No hold violations found
Running 'Checker.MaxSlewViolations' at 'runs/run1/71-checker-maxslewviolations'…
Max Slew violations found in the following corners:
* max_ff_n40C_1v95
* max_ss_100C_1v60
* max_tt_025C_1v80
* min_ff_n40C_1v95
* min_ss_100C_1v60
* min_tt_025C_1v80
* nom_ff_n40C_1v95
* nom_ss_100C_1v60
* nom_tt_025C_1v80
No max slew violations found
Running 'Checker.MaxCapViolations' at 'runs/run1/72-checker-maxcapviolations'…
Max Cap violations found in the following corners:
* max_ff_n40C_1v95
* max_ss_100C_1v60
* max_tt_025C_1v80
* min_ff_n40C_1v95
* min_ss_100C_1v60
* min_tt_025C_1v80
* nom_ff_n40C_1v95
* nom_ss_100C_1v60
* nom_tt_025C_1v80
No max cap violations found
Running 'Misc.ReportManufacturability' at 'runs/run1/73-misc-reportmanufacturability'…
klayout__drc_error__count not reported. KLayout.DRC may have been skipped.
Saving views to '/home/ubuntu/zuga-final/asic/runs/run1/final'…
Flow complete.
