24 Lint warnings found.
Netlists found for macro sky130_sram_1kbyte_1rw1r_32x256_8, but no parasitics extraction found at corner nom_tt_025C_1v80. The netlist cannot be used for timing on this module.
Netlists found for macro sky130_sram_1kbyte_1rw1r_32x256_8, but no parasitics extraction found at corner nom_tt_025C_1v80. The netlist cannot be used for timing on this module.
Netlists found for macro sky130_sram_1kbyte_1rw1r_32x256_8, but no parasitics extraction found at corner nom_ss_100C_1v60. The netlist cannot be used for timing on this module.
Netlists found for macro sky130_sram_1kbyte_1rw1r_32x256_8, but no parasitics extraction found at corner nom_ff_n40C_1v95. The netlist cannot be used for timing on this module.
Netlists found for macro sky130_sram_1kbyte_1rw1r_32x256_8, but no parasitics extraction found at corner min_tt_025C_1v80. The netlist cannot be used for timing on this module.
Netlists found for macro sky130_sram_1kbyte_1rw1r_32x256_8, but no parasitics extraction found at corner min_ss_100C_1v60. The netlist cannot be used for timing on this module.
Netlists found for macro sky130_sram_1kbyte_1rw1r_32x256_8, but no parasitics extraction found at corner min_ff_n40C_1v95. The netlist cannot be used for timing on this module.
Netlists found for macro sky130_sram_1kbyte_1rw1r_32x256_8, but no parasitics extraction found at corner max_tt_025C_1v80. The netlist cannot be used for timing on this module.
Netlists found for macro sky130_sram_1kbyte_1rw1r_32x256_8, but no parasitics extraction found at corner max_ss_100C_1v60. The netlist cannot be used for timing on this module.
Netlists found for macro sky130_sram_1kbyte_1rw1r_32x256_8, but no parasitics extraction found at corner max_ff_n40C_1v95. The netlist cannot be used for timing on this module.
Cell 'sky130_sram_1kbyte_1rw1r_32x256_8' has (57) input pin(s) without antenna gate information. They might not be connected to a gate.
Cell 'sky130_sram_1kbyte_1rw1r_32x256_8' has (64) output pin(s) without antenna diffusion information. They might not be driven.
[PDN-0231] u_sram_in is not connected to any power/ground nets.
[PDN-0189] Supply pin u_sram_in/vccd1 is not connected to any net.
[PDN-0189] Supply pin u_sram_in/vssd1 is not connected to any net.
[GRT-0281] Net clk_i has a large fanout of 6816 terminals.
[GRT-0281] Net u_accel.ii\[0\] has a large fanout of 1046 terminals.
[GRT-0281] Net u_accel.ii\[1\] has a large fanout of 1046 terminals.
[STA-1140] /home/ubuntu/zuga-final/asic/macros/sky130_sram_1kbyte_1rw1r_32x256_8/lib/sky130_sram_1kbyte_1rw1r_32x256_8_TT_1p8V_25C.lib line 1, library sky130_sram_1kbyte_1rw1r_32x256_8_TT_1p8V_25C_lib already exists.
[STA-1140] /home/ubuntu/.ciel/ciel/sky130/versions/8afc8346a57fe1ab7934ba5a6056ea8b43078e71/sky130A/libs.ref/sky130_fd_sc_hd/lib/sky130_fd_sc_hd__tt_025C_1v80.lib line 1, library sky130_fd_sc_hd__tt_025C_1v80 already exists.
[STA-1140] /home/ubuntu/zuga-final/asic/macros/sky130_sram_1kbyte_1rw1r_32x256_8/lib/sky130_sram_1kbyte_1rw1r_32x256_8_TT_1p8V_25C.lib line 1, library sky130_sram_1kbyte_1rw1r_32x256_8_TT_1p8V_25C_lib already exists.
[STA-1140] /home/ubuntu/zuga-final/asic/macros/sky130_sram_1kbyte_1rw1r_32x256_8/lib/sky130_sram_1kbyte_1rw1r_32x256_8_TT_1p8V_25C.lib line 1, library sky130_sram_1kbyte_1rw1r_32x256_8_TT_1p8V_25C_lib already exists.
[STA-1140] /home/ubuntu/.ciel/ciel/sky130/versions/8afc8346a57fe1ab7934ba5a6056ea8b43078e71/sky130A/libs.ref/sky130_fd_sc_hd/lib/sky130_fd_sc_hd__ff_n40C_1v95.lib line 1, library sky130_fd_sc_hd__ff_n40C_1v95 already exists.
[STA-1140] /home/ubuntu/zuga-final/asic/macros/sky130_sram_1kbyte_1rw1r_32x256_8/lib/sky130_sram_1kbyte_1rw1r_32x256_8_TT_1p8V_25C.lib line 1, library sky130_sram_1kbyte_1rw1r_32x256_8_TT_1p8V_25C_lib already exists.
[STA-1140] /home/ubuntu/.ciel/ciel/sky130/versions/8afc8346a57fe1ab7934ba5a6056ea8b43078e71/sky130A/libs.ref/sky130_fd_sc_hd/lib/sky130_fd_sc_hd__ss_100C_1v60.lib line 1, library sky130_fd_sc_hd__ss_100C_1v60 already exists.
[STA-1140] /home/ubuntu/zuga-final/asic/macros/sky130_sram_1kbyte_1rw1r_32x256_8/lib/sky130_sram_1kbyte_1rw1r_32x256_8_TT_1p8V_25C.lib line 1, library sky130_sram_1kbyte_1rw1r_32x256_8_TT_1p8V_25C_lib already exists.
[STA-1140] /home/ubuntu/.ciel/ciel/sky130/versions/8afc8346a57fe1ab7934ba5a6056ea8b43078e71/sky130A/libs.ref/sky130_fd_sc_hd/lib/sky130_fd_sc_hd__tt_025C_1v80.lib line 1, library sky130_fd_sc_hd__tt_025C_1v80 already exists.
[STA-1140] /home/ubuntu/zuga-final/asic/macros/sky130_sram_1kbyte_1rw1r_32x256_8/lib/sky130_sram_1kbyte_1rw1r_32x256_8_TT_1p8V_25C.lib line 1, library sky130_sram_1kbyte_1rw1r_32x256_8_TT_1p8V_25C_lib already exists.
[STA-1140] /home/ubuntu/.ciel/ciel/sky130/versions/8afc8346a57fe1ab7934ba5a6056ea8b43078e71/sky130A/libs.ref/sky130_fd_sc_hd/lib/sky130_fd_sc_hd__ss_100C_1v60.lib line 1, library sky130_fd_sc_hd__ss_100C_1v60 already exists.
[STA-1140] /home/ubuntu/zuga-final/asic/macros/sky130_sram_1kbyte_1rw1r_32x256_8/lib/sky130_sram_1kbyte_1rw1r_32x256_8_TT_1p8V_25C.lib line 1, library sky130_sram_1kbyte_1rw1r_32x256_8_TT_1p8V_25C_lib already exists.
[STA-1140] /home/ubuntu/.ciel/ciel/sky130/versions/8afc8346a57fe1ab7934ba5a6056ea8b43078e71/sky130A/libs.ref/sky130_fd_sc_hd/lib/sky130_fd_sc_hd__ff_n40C_1v95.lib line 1, library sky130_fd_sc_hd__ff_n40C_1v95 already exists.
[STA-1140] /home/ubuntu/zuga-final/asic/macros/sky130_sram_1kbyte_1rw1r_32x256_8/lib/sky130_sram_1kbyte_1rw1r_32x256_8_TT_1p8V_25C.lib line 1, library sky130_sram_1kbyte_1rw1r_32x256_8_TT_1p8V_25C_lib already exists.
[STA-1140] /home/ubuntu/zuga-final/asic/macros/sky130_sram_1kbyte_1rw1r_32x256_8/lib/sky130_sram_1kbyte_1rw1r_32x256_8_TT_1p8V_25C.lib line 1, library sky130_sram_1kbyte_1rw1r_32x256_8_TT_1p8V_25C_lib already exists.
[STA-1140] /home/ubuntu/.ciel/ciel/sky130/versions/8afc8346a57fe1ab7934ba5a6056ea8b43078e71/sky130A/libs.ref/sky130_fd_sc_hd/lib/sky130_fd_sc_hd__tt_025C_1v80.lib line 1, library sky130_fd_sc_hd__tt_025C_1v80 already exists.
[STA-1140] /home/ubuntu/zuga-final/asic/macros/sky130_sram_1kbyte_1rw1r_32x256_8/lib/sky130_sram_1kbyte_1rw1r_32x256_8_TT_1p8V_25C.lib line 1, library sky130_sram_1kbyte_1rw1r_32x256_8_TT_1p8V_25C_lib already exists.
[STA-1140] /home/ubuntu/zuga-final/asic/macros/sky130_sram_1kbyte_1rw1r_32x256_8/lib/sky130_sram_1kbyte_1rw1r_32x256_8_TT_1p8V_25C.lib line 1, library sky130_sram_1kbyte_1rw1r_32x256_8_TT_1p8V_25C_lib already exists.
[STA-1140] /home/ubuntu/.ciel/ciel/sky130/versions/8afc8346a57fe1ab7934ba5a6056ea8b43078e71/sky130A/libs.ref/sky130_fd_sc_hd/lib/sky130_fd_sc_hd__ff_n40C_1v95.lib line 1, library sky130_fd_sc_hd__ff_n40C_1v95 already exists.
[STA-1140] /home/ubuntu/zuga-final/asic/macros/sky130_sram_1kbyte_1rw1r_32x256_8/lib/sky130_sram_1kbyte_1rw1r_32x256_8_TT_1p8V_25C.lib line 1, library sky130_sram_1kbyte_1rw1r_32x256_8_TT_1p8V_25C_lib already exists.
[STA-1140] /home/ubuntu/.ciel/ciel/sky130/versions/8afc8346a57fe1ab7934ba5a6056ea8b43078e71/sky130A/libs.ref/sky130_fd_sc_hd/lib/sky130_fd_sc_hd__ss_100C_1v60.lib line 1, library sky130_fd_sc_hd__ss_100C_1v60 already exists.
[STA-1140] /home/ubuntu/zuga-final/asic/macros/sky130_sram_1kbyte_1rw1r_32x256_8/lib/sky130_sram_1kbyte_1rw1r_32x256_8_TT_1p8V_25C.lib line 1, library sky130_sram_1kbyte_1rw1r_32x256_8_TT_1p8V_25C_lib already exists.
[STA-1140] /home/ubuntu/.ciel/ciel/sky130/versions/8afc8346a57fe1ab7934ba5a6056ea8b43078e71/sky130A/libs.ref/sky130_fd_sc_hd/lib/sky130_fd_sc_hd__tt_025C_1v80.lib line 1, library sky130_fd_sc_hd__tt_025C_1v80 already exists.
[STA-1140] /home/ubuntu/zuga-final/asic/macros/sky130_sram_1kbyte_1rw1r_32x256_8/lib/sky130_sram_1kbyte_1rw1r_32x256_8_TT_1p8V_25C.lib line 1, library sky130_sram_1kbyte_1rw1r_32x256_8_TT_1p8V_25C_lib already exists.
[STA-1140] /home/ubuntu/.ciel/ciel/sky130/versions/8afc8346a57fe1ab7934ba5a6056ea8b43078e71/sky130A/libs.ref/sky130_fd_sc_hd/lib/sky130_fd_sc_hd__ss_100C_1v60.lib line 1, library sky130_fd_sc_hd__ss_100C_1v60 already exists.
[STA-1140] /home/ubuntu/zuga-final/asic/macros/sky130_sram_1kbyte_1rw1r_32x256_8/lib/sky130_sram_1kbyte_1rw1r_32x256_8_TT_1p8V_25C.lib line 1, library sky130_sram_1kbyte_1rw1r_32x256_8_TT_1p8V_25C_lib already exists.
[STA-1140] /home/ubuntu/.ciel/ciel/sky130/versions/8afc8346a57fe1ab7934ba5a6056ea8b43078e71/sky130A/libs.ref/sky130_fd_sc_hd/lib/sky130_fd_sc_hd__ff_n40C_1v95.lib line 1, library sky130_fd_sc_hd__ff_n40C_1v95 already exists.
[STA-1140] /home/ubuntu/zuga-final/asic/macros/sky130_sram_1kbyte_1rw1r_32x256_8/lib/sky130_sram_1kbyte_1rw1r_32x256_8_TT_1p8V_25C.lib line 1, library sky130_sram_1kbyte_1rw1r_32x256_8_TT_1p8V_25C_lib already exists.
[GRT-0281] Net u_accel.ii\[1\] has a large fanout of 1046 terminals.
[GRT-0281] Net u_accel.ii\[1\] has a large fanout of 1046 terminals.
[GRT-0281] Net u_accel.ii\[1\] has a large fanout of 1046 terminals.
[GRT-0281] Net u_accel.ii\[1\] has a large fanout of 1046 terminals.
[DRT-0349] LEF58_ENCLOSURE with no CUTCLASS is not supported. Skipping for layer mcon
[DRT-0349] LEF58_ENCLOSURE with no CUTCLASS is not supported. Skipping for layer mcon
[DRT-0349] LEF58_ENCLOSURE with no CUTCLASS is not supported. Skipping for layer via
[DRT-0349] LEF58_ENCLOSURE with no CUTCLASS is not supported. Skipping for layer via
[DRT-0349] LEF58_ENCLOSURE with no CUTCLASS is not supported. Skipping for layer via2
[DRT-0349] LEF58_ENCLOSURE with no CUTCLASS is not supported. Skipping for layer via2
[DRT-0349] LEF58_ENCLOSURE with no CUTCLASS is not supported. Skipping for layer via3
[DRT-0349] LEF58_ENCLOSURE with no CUTCLASS is not supported. Skipping for layer via3
[DRT-0349] LEF58_ENCLOSURE with no CUTCLASS is not supported. Skipping for layer via4
[DRT-0349] LEF58_ENCLOSURE with no CUTCLASS is not supported. Skipping for layer via4
[DRT-0120] Large net _06863_ has 257 pins which may impact routing performance. Consider optimization.
[DRT-0120] Large net _06989_ has 601 pins which may impact routing performance. Consider optimization.
[DRT-0120] Large net _06990_ has 601 pins which may impact routing performance. Consider optimization.
[DRT-0120] Large net _06991_ has 601 pins which may impact routing performance. Consider optimization.
[DRT-0120] Large net _06992_ has 601 pins which may impact routing performance. Consider optimization.
[DRT-0120] Large net _06993_ has 601 pins which may impact routing performance. Consider optimization.
[DRT-0120] Large net _06994_ has 601 pins which may impact routing performance. Consider optimization.
[DRT-0120] Large net _06995_ has 601 pins which may impact routing performance. Consider optimization.
[DRT-0120] Large net _06996_ has 601 pins which may impact routing performance. Consider optimization.
[DRT-0120] Large net _07937_ has 200 pins which may impact routing performance. Consider optimization.
[DRT-0120] Large net _08478_ has 257 pins which may impact routing performance. Consider optimization.
[DRT-0120] Large net _08483_ has 257 pins which may impact routing performance. Consider optimization.
[DRT-0120] Large net _08486_ has 257 pins which may impact routing performance. Consider optimization.
[DRT-0120] Large net _08495_ has 109 pins which may impact routing performance. Consider optimization.
[DRT-0120] Large net _13699_ has 129 pins which may impact routing performance. Consider optimization.
[DRT-0120] Large net _13700_ has 129 pins which may impact routing performance. Consider optimization.
[DRT-0120] Large net _13701_ has 129 pins which may impact routing performance. Consider optimization.
[DRT-0120] Large net _13702_ has 129 pins which may impact routing performance. Consider optimization.
[DRT-0120] Large net _13703_ has 129 pins which may impact routing performance. Consider optimization.
[DRT-0120] Large net _13704_ has 129 pins which may impact routing performance. Consider optimization.
[DRT-0120] Large net _13705_ has 129 pins which may impact routing performance. Consider optimization.
[DRT-0120] Large net rst_ni has 727 pins which may impact routing performance. Consider optimization.
[DRT-0120] Large net u_accel.ii\[0\] has 525 pins which may impact routing performance. Consider optimization.
[DRT-0120] Large net u_accel.ii\[1\] has 1046 pins which may impact routing performance. Consider optimization.
[DRT-0120] Large net net has 523 pins which may impact routing performance. Consider optimization.
[GRT-0281] Net u_accel.ii\[1\] has a large fanout of 1046 terminals.
[GRT-0281] Net u_accel.ii\[1\] has a large fanout of 1046 terminals.
[GRT-0243] Unable to repair antennas on net with diodes.
[DRT-0120] Large net _06863_ has 257 pins which may impact routing performance. Consider optimization.
[DRT-0120] Large net _06989_ has 606 pins which may impact routing performance. Consider optimization.
[DRT-0120] Large net _06990_ has 605 pins which may impact routing performance. Consider optimization.
[DRT-0120] Large net _06991_ has 604 pins which may impact routing performance. Consider optimization.
[DRT-0120] Large net _06992_ has 605 pins which may impact routing performance. Consider optimization.
[DRT-0120] Large net _06993_ has 605 pins which may impact routing performance. Consider optimization.
[DRT-0120] Large net _06994_ has 602 pins which may impact routing performance. Consider optimization.
[DRT-0120] Large net _06995_ has 603 pins which may impact routing performance. Consider optimization.
[DRT-0120] Large net _06996_ has 602 pins which may impact routing performance. Consider optimization.
[DRT-0120] Large net _07937_ has 200 pins which may impact routing performance. Consider optimization.
[DRT-0120] Large net _08478_ has 257 pins which may impact routing performance. Consider optimization.
[DRT-0120] Large net _08483_ has 257 pins which may impact routing performance. Consider optimization.
[DRT-0120] Large net _08486_ has 257 pins which may impact routing performance. Consider optimization.
[DRT-0120] Large net _08495_ has 109 pins which may impact routing performance. Consider optimization.
[DRT-0120] Large net _13699_ has 131 pins which may impact routing performance. Consider optimization.
[DRT-0120] Large net _13700_ has 131 pins which may impact routing performance. Consider optimization.
[DRT-0120] Large net _13701_ has 130 pins which may impact routing performance. Consider optimization.
[DRT-0120] Large net _13702_ has 130 pins which may impact routing performance. Consider optimization.
[DRT-0120] Large net _13703_ has 130 pins which may impact routing performance. Consider optimization.
[DRT-0120] Large net _13704_ has 129 pins which may impact routing performance. Consider optimization.
[DRT-0120] Large net _13705_ has 129 pins which may impact routing performance. Consider optimization.
[DRT-0120] Large net rst_ni has 727 pins which may impact routing performance. Consider optimization.
[DRT-0120] Large net u_accel.ii\[0\] has 525 pins which may impact routing performance. Consider optimization.
[DRT-0120] Large net u_accel.ii\[1\] has 1046 pins which may impact routing performance. Consider optimization.
[DRT-0120] Large net net has 523 pins which may impact routing performance. Consider optimization.
[GRT-0281] Net u_accel.ii\[1\] has a large fanout of 1046 terminals.
[DRT-0120] Large net _06863_ has 258 pins which may impact routing performance. Consider optimization.
[DRT-0120] Large net _06989_ has 608 pins which may impact routing performance. Consider optimization.
[DRT-0120] Large net _06990_ has 606 pins which may impact routing performance. Consider optimization.
[DRT-0120] Large net _06991_ has 606 pins which may impact routing performance. Consider optimization.
[DRT-0120] Large net _06992_ has 606 pins which may impact routing performance. Consider optimization.
[DRT-0120] Large net _06993_ has 607 pins which may impact routing performance. Consider optimization.
[DRT-0120] Large net _06994_ has 603 pins which may impact routing performance. Consider optimization.
[DRT-0120] Large net _06995_ has 605 pins which may impact routing performance. Consider optimization.
[DRT-0120] Large net _06996_ has 603 pins which may impact routing performance. Consider optimization.
[DRT-0120] Large net _07937_ has 200 pins which may impact routing performance. Consider optimization.
[DRT-0120] Large net _08478_ has 257 pins which may impact routing performance. Consider optimization.
[DRT-0120] Large net _08483_ has 257 pins which may impact routing performance. Consider optimization.
[DRT-0120] Large net _08486_ has 257 pins which may impact routing performance. Consider optimization.
[DRT-0120] Large net _08495_ has 109 pins which may impact routing performance. Consider optimization.
[DRT-0120] Large net _13699_ has 131 pins which may impact routing performance. Consider optimization.
[DRT-0120] Large net _13700_ has 132 pins which may impact routing performance. Consider optimization.
[DRT-0120] Large net _13701_ has 131 pins which may impact routing performance. Consider optimization.
[DRT-0120] Large net _13702_ has 130 pins which may impact routing performance. Consider optimization.
[DRT-0120] Large net _13703_ has 130 pins which may impact routing performance. Consider optimization.
[DRT-0120] Large net _13704_ has 129 pins which may impact routing performance. Consider optimization.
[DRT-0120] Large net _13705_ has 129 pins which may impact routing performance. Consider optimization.
[DRT-0120] Large net rst_ni has 727 pins which may impact routing performance. Consider optimization.
[DRT-0120] Large net u_accel.ii\[0\] has 525 pins which may impact routing performance. Consider optimization.
[DRT-0120] Large net u_accel.ii\[1\] has 1046 pins which may impact routing performance. Consider optimization.
[DRT-0120] Large net net has 523 pins which may impact routing performance. Consider optimization.
[GRT-0281] Net u_accel.ii\[1\] has a large fanout of 1046 terminals.
[DRT-0120] Large net _06863_ has 258 pins which may impact routing performance. Consider optimization.
[DRT-0120] Large net _06989_ has 608 pins which may impact routing performance. Consider optimization.
[DRT-0120] Large net _06990_ has 608 pins which may impact routing performance. Consider optimization.
[DRT-0120] Large net _06991_ has 606 pins which may impact routing performance. Consider optimization.
[DRT-0120] Large net _06992_ has 607 pins which may impact routing performance. Consider optimization.
[DRT-0120] Large net _06993_ has 610 pins which may impact routing performance. Consider optimization.
[DRT-0120] Large net _06994_ has 604 pins which may impact routing performance. Consider optimization.
[DRT-0120] Large net _06995_ has 606 pins which may impact routing performance. Consider optimization.
[DRT-0120] Large net _06996_ has 603 pins which may impact routing performance. Consider optimization.
[DRT-0120] Large net _07937_ has 200 pins which may impact routing performance. Consider optimization.
[DRT-0120] Large net _08478_ has 257 pins which may impact routing performance. Consider optimization.
[DRT-0120] Large net _08483_ has 257 pins which may impact routing performance. Consider optimization.
[DRT-0120] Large net _08486_ has 257 pins which may impact routing performance. Consider optimization.
[DRT-0120] Large net _08495_ has 109 pins which may impact routing performance. Consider optimization.
[DRT-0120] Large net _13699_ has 131 pins which may impact routing performance. Consider optimization.
[DRT-0120] Large net _13700_ has 132 pins which may impact routing performance. Consider optimization.
[DRT-0120] Large net _13701_ has 131 pins which may impact routing performance. Consider optimization.
[DRT-0120] Large net _13702_ has 130 pins which may impact routing performance. Consider optimization.
[DRT-0120] Large net _13703_ has 130 pins which may impact routing performance. Consider optimization.
[DRT-0120] Large net _13704_ has 129 pins which may impact routing performance. Consider optimization.
[DRT-0120] Large net _13705_ has 129 pins which may impact routing performance. Consider optimization.
[DRT-0120] Large net rst_ni has 727 pins which may impact routing performance. Consider optimization.
[DRT-0120] Large net u_accel.ii\[0\] has 525 pins which may impact routing performance. Consider optimization.
[DRT-0120] Large net u_accel.ii\[1\] has 1046 pins which may impact routing performance. Consider optimization.
[DRT-0120] Large net net has 523 pins which may impact routing performance. Consider optimization.
41 Routing DRC errors found.
1 critical disconnected pins found.
Threshold for Threshold-surpassing long wires is not set. The checker will be skipped.
Netlists found for macro sky130_sram_1kbyte_1rw1r_32x256_8, but no parasitics extraction found at corner nom_tt_025C_1v80. The netlist cannot be used for timing on this module.
Netlists found for macro sky130_sram_1kbyte_1rw1r_32x256_8, but no parasitics extraction found at corner nom_ss_100C_1v60. The netlist cannot be used for timing on this module.
Netlists found for macro sky130_sram_1kbyte_1rw1r_32x256_8, but no parasitics extraction found at corner nom_ff_n40C_1v95. The netlist cannot be used for timing on this module.
Netlists found for macro sky130_sram_1kbyte_1rw1r_32x256_8, but no parasitics extraction found at corner min_tt_025C_1v80. The netlist cannot be used for timing on this module.
Netlists found for macro sky130_sram_1kbyte_1rw1r_32x256_8, but no parasitics extraction found at corner min_ss_100C_1v60. The netlist cannot be used for timing on this module.
Netlists found for macro sky130_sram_1kbyte_1rw1r_32x256_8, but no parasitics extraction found at corner min_ff_n40C_1v95. The netlist cannot be used for timing on this module.
Netlists found for macro sky130_sram_1kbyte_1rw1r_32x256_8, but no parasitics extraction found at corner max_tt_025C_1v80. The netlist cannot be used for timing on this module.
Netlists found for macro sky130_sram_1kbyte_1rw1r_32x256_8, but no parasitics extraction found at corner max_ss_100C_1v60. The netlist cannot be used for timing on this module.
Netlists found for macro sky130_sram_1kbyte_1rw1r_32x256_8, but no parasitics extraction found at corner max_ff_n40C_1v95. The netlist cannot be used for timing on this module.
'VSRC_LOC_FILES' was not given a value, which may make the results of IR drop analysis inaccurate. If you are not integrating a top-level chip for manufacture, you may ignore this warning, otherwise, see the documentation for 'VSRC_LOC_FILES'.
Cell 'yz_top_sram' has (50) input pin(s) without antenna gate information. They might not be connected to a gate.
Cell 'yz_top_sram' has (4) output pin(s) without antenna diffusion information. They might not be driven.
960 Magic DRC errors found.
The KLayout DRC errors metric was not found. Are you sure the relevant step was run?
Setup violations found in the following corners:
* max_ss_100C_1v60
* min_ss_100C_1v60
* nom_ss_100C_1v60
Hold violations found in the following corners:
* max_ss_100C_1v60
* min_ss_100C_1v60
* nom_ss_100C_1v60
Max Slew violations found in the following corners:
* max_ff_n40C_1v95
* max_ss_100C_1v60
* max_tt_025C_1v80
* min_ff_n40C_1v95
* min_ss_100C_1v60
* min_tt_025C_1v80
* nom_ff_n40C_1v95
* nom_ss_100C_1v60
* nom_tt_025C_1v80
Max Cap violations found in the following corners:
* max_ff_n40C_1v95
* max_ss_100C_1v60
* max_tt_025C_1v80
* min_ff_n40C_1v95
* min_ss_100C_1v60
* min_tt_025C_1v80
* nom_ff_n40C_1v95
* nom_ss_100C_1v60
* nom_tt_025C_1v80
klayout__drc_error__count not reported. KLayout.DRC may have been skipped.
