Clock: clk_i
Sources: clk_i 
Generated: no
Virtual: yes
Propagated: no
Period: 20.000000

===========================================================================
report_clock_properties
============================================================================
Clock                   Period          Waveform
----------------------------------------------------
clk_i                20.000000    0.000000 10.000000

===========================================================================
report_clock_latency
============================================================================
Clock clk_i
rise -> rise
    min     max
0.000000 0.000000 source latency
0.469301         network latency u_sram/clk1
        0.598520 network latency _48_/CLK
---------------
0.469301 0.598520 latency
        0.129219 skew

fall -> fall
    min     max
0.000000 0.000000 source latency
0.523642         network latency u_sram/clk1
        0.695509 network latency _48_/CLK
---------------
0.523642 0.695509 latency
        0.171866 skew



===========================================================================
report_clock_min_period
============================================================================
clk_i period_min = 3.95 fmax = 253.24
