Clock: clk_i
Sources: clk_i 
Generated: no
Virtual: yes
Propagated: no
Period: 65.000000

===========================================================================
report_clock_properties
============================================================================
Clock                   Period          Waveform
----------------------------------------------------
clk_i                65.000000    0.000000 32.500000

===========================================================================
report_clock_latency
============================================================================
Clock clk_i
rise -> rise
    min     max
0.000000 0.000000 source latency
1.498957         network latency u_sram_in/clk1
        2.753565 network latency _33443_/CLK
---------------
1.498957 2.753565 latency
        1.254608 skew

fall -> fall
    min     max
0.000000 0.000000 source latency
1.648832         network latency u_sram_in/clk1
        2.549051 network latency _33443_/CLK
---------------
1.648832 2.549051 latency
        0.900219 skew



===========================================================================
report_clock_min_period
============================================================================
clk_i period_min = 73.61 fmax = 13.58
