
===========================================================================
 report_power
============================================================================
======================= max_ss_100C_1v60 Corner ===================================

Group                    Internal    Switching      Leakage        Total
                            Power        Power        Power        Power (Watts)
------------------------------------------------------------------------
Sequential           6.329386e-06 0.000000e+00 7.738301e-08 6.406769e-06   0.3%
Combinational        1.211521e-07 4.507048e-07 1.881504e-07 7.600074e-07   0.0%
Clock                5.100565e-05 2.130733e-05 2.287982e-07 7.254178e-05   3.6%
Macro                1.917893e-03 0.000000e+00 9.516000e-06 1.927409e-03  96.0%
Pad                  0.000000e+00 0.000000e+00 0.000000e+00 0.000000e+00   0.0%
------------------------------------------------------------------------
Total                1.975349e-03 2.175803e-05 1.001033e-05 2.007118e-03 100.0%
                            98.4%         1.1%         0.5%

