
===========================================================================
Violator List
============================================================================
[hold in-reg] axi_wdata_i[24] -> _35282_/D : -0.636537
[hold in-reg] axi_awaddr_i[6] -> _35254_/D : -0.633820
[hold in-reg] axi_awaddr_i[7] -> _35214_/D : -0.633607
[hold in-reg] axi_awaddr_i[6] -> _35213_/D : -0.633601
[hold in-reg] axi_awaddr_i[7] -> _35255_/D : -0.630991
[hold in-reg] axi_wdata_i[16] -> _35274_/D : -0.629554
[hold in-reg] axi_wdata_i[26] -> _35284_/D : -0.628322
[hold in-reg] axi_wdata_i[22] -> _35280_/D : -0.628200
[hold in-reg] axi_wdata_i[25] -> _35283_/D : -0.628098
[hold in-reg] axi_awaddr_i[5] -> _35253_/D : -0.626417
[hold in-reg] axi_wdata_i[20] -> _35278_/D : -0.626125
[hold in-reg] axi_wdata_i[21] -> _35279_/D : -0.626041
[hold in-reg] axi_wdata_i[19] -> _35277_/D : -0.626037
[hold in-reg] axi_wdata_i[7] -> _35225_/D : -0.625711
[hold in-reg] axi_awaddr_i[10] -> _35217_/D : -0.625358
[hold in-reg] axi_wdata_i[14] -> _35272_/D : -0.623776
[hold in-reg] axi_awaddr_i[5] -> _35212_/D : -0.623064
[hold in-reg] axi_wdata_i[17] -> _35275_/D : -0.623010
[hold in-reg] axi_wdata_i[27] -> _35285_/D : -0.622931
[hold in-reg] axi_wdata_i[15] -> _35273_/D : -0.622137
[hold in-reg] axi_wdata_i[8] -> _35266_/D : -0.620764
[hold in-reg] axi_wdata_i[18] -> _35276_/D : -0.620564
[hold in-reg] axi_wdata_i[10] -> _35268_/D : -0.620073
[hold in-reg] axi_wdata_i[23] -> _35281_/D : -0.619685
[hold in-reg] axi_awaddr_i[9] -> _35216_/D : -0.617990
[hold in-reg] axi_awaddr_i[8] -> _35256_/D : -0.616974
[hold in-reg] axi_wdata_i[12] -> _35270_/D : -0.616175
[hold in-reg] axi_awaddr_i[3] -> _35251_/D : -0.616001
[hold in-reg] axi_awaddr_i[9] -> _35257_/D : -0.614003
[hold in-reg] axi_wdata_i[30] -> _35288_/D : -0.613736
[hold in-reg] axi_wdata_i[28] -> _35286_/D : -0.613194
[hold in-reg] axi_wdata_i[31] -> _35289_/D : -0.609137
[hold in-reg] axi_awaddr_i[3] -> _35210_/D : -0.608783
[hold in-reg] axi_wdata_i[29] -> _35287_/D : -0.604189
[hold in-reg] axi_awaddr_i[2] -> _35250_/D : -0.603125
[hold in-reg] axi_awaddr_i[2] -> _35209_/D : -0.602894
[hold in-reg] axi_wdata_i[4] -> _34927_/D : -0.600331
[hold in-reg] axi_wdata_i[4] -> _35023_/D : -0.599350
[hold in-reg] axi_wdata_i[4] -> _34991_/D : -0.599296
[hold in-reg] axi_wdata_i[4] -> _34959_/D : -0.599094
[hold in-reg] axi_wdata_i[6] -> _34961_/D : -0.597419
[hold in-reg] axi_awaddr_i[4] -> _35211_/D : -0.597202
[hold in-reg] axi_wdata_i[6] -> _35057_/D : -0.596601
[hold in-reg] axi_wdata_i[4] -> _35055_/D : -0.595815
[hold in-reg] axi_wdata_i[6] -> _34897_/D : -0.591791
[hold in-reg] axi_wdata_i[6] -> _34993_/D : -0.585285
[hold in-reg] axi_wdata_i[4] -> _34895_/D : -0.585043
[hold in-reg] axi_wdata_i[6] -> _35025_/D : -0.584051
[hold in-reg] axi_wdata_i[6] -> _34929_/D : -0.576004
[hold in-reg] axi_wdata_i[3] -> _35261_/D : -0.569913
[hold in-reg] axi_bready_i -> _35302_/D : -0.552213
[hold in-reg] axi_bready_i -> _35290_/D : -0.550069
[hold in-reg] axi_bready_i -> _35292_/D : -0.530780
[hold in-reg] axi_rready_i -> _35291_/D : -0.525265
[hold in-reg] axi_awaddr_i[20] -> _35206_/D : -0.416209
[hold in-reg] axi_awaddr_i[21] -> _35207_/D : -0.300254
[hold in-reg] axi_awaddr_i[21] -> _35208_/D : -0.247181
[hold in-reg] axi_araddr_i[3] -> _35179_/D : -0.042164
[hold in-reg] axi_araddr_i[3] -> _35177_/D : -0.009280
[setup reg-reg] _33644_/Q -> _33738_/D : -8.611039
[setup reg-reg] _33644_/Q -> _33736_/D : -8.479226
[setup reg-reg] _33644_/Q -> _33737_/D : -8.189382
[setup reg-reg] _33644_/Q -> _33735_/D : -7.313361
[setup reg-reg] _33644_/Q -> _33734_/D : -6.945911
[setup reg-reg] _33644_/Q -> _33732_/D : -6.864440
[setup reg-reg] _33644_/Q -> _33730_/D : -6.433325
[setup reg-reg] _33644_/Q -> _33733_/D : -6.346405
[setup reg-reg] _33644_/Q -> _33728_/D : -5.905953
[setup reg-reg] _33644_/Q -> _33729_/D : -5.575934
[setup reg-reg] _33644_/Q -> _33727_/D : -5.326072
[setup reg-reg] _33644_/Q -> _33731_/D : -5.296023
[setup reg-reg] _33644_/Q -> _33725_/D : -4.977537
[setup reg-reg] _33644_/Q -> _33724_/D : -4.918796
[setup reg-reg] _33644_/Q -> _33726_/D : -4.403553
[setup reg-reg] _33644_/Q -> _33723_/D : -4.131039
[setup reg-reg] _33644_/Q -> _33721_/D : -3.412943
[setup reg-reg] _33644_/Q -> _33722_/D : -3.155741
[setup reg-reg] _33644_/Q -> _33720_/D : -2.592600
[setup reg-reg] _33644_/Q -> _33719_/D : -1.954582
[setup reg-reg] _33644_/Q -> _33718_/D : -1.550795
[setup reg-reg] _33644_/Q -> _33717_/D : -1.389132
[setup reg-reg] _33644_/Q -> _33716_/D : -0.951459
[setup reg-reg] _33644_/Q -> _33715_/D : -0.071573
