ram_axi
----------------------------------------
All nwells must contain metal-connected N+ taps (nwell.4)
----------------------------------------
 5.330um 153.625um 59.990um 156.455um
 5.330um 148.185um 59.990um 151.015um
 5.330um 142.745um 59.990um 145.575um
 5.330um 137.305um 59.990um 140.135um
 5.330um 131.865um 59.990um 134.695um
 5.330um 126.425um 59.990um 129.255um
 5.330um 120.985um 59.990um 123.815um
 5.330um 115.545um 59.990um 118.375um
 5.330um 110.105um 59.990um 112.935um
 5.330um 104.665um 59.990um 107.495um
 5.330um 99.225um 59.990um 102.055um
 5.330um 93.785um 59.990um 96.615um
 5.330um 88.345um 59.990um 91.175um
 5.330um 82.905um 59.990um 85.735um
 5.330um 77.465um 59.990um 80.295um
 5.330um 72.025um 59.990um 74.855um
 5.330um 66.585um 59.990um 69.415um
 5.330um 61.145um 59.990um 63.975um
 5.330um 55.705um 157.280um 58.535um
 5.330um 50.265um 157.280um 53.095um
 5.330um 44.825um 157.280um 47.655um
 5.330um 39.385um 157.280um 42.215um
 5.330um 33.945um 157.280um 36.775um
 5.330um 28.505um 157.280um 31.335um
 5.330um 23.065um 157.280um 25.895um
 5.330um 17.625um 157.280um 20.455um
 5.330um 12.185um 157.280um 15.015um
 5.330um 469.145um 59.990um 471.840um
 5.330um 463.705um 59.990um 466.535um
 5.330um 458.265um 59.990um 461.095um
 5.330um 452.825um 59.990um 455.655um
 5.330um 447.385um 59.990um 450.215um
 5.330um 441.945um 59.990um 444.775um
 5.330um 436.505um 59.990um 439.335um
 5.330um 431.065um 59.990um 433.895um
 5.330um 425.625um 59.990um 428.455um
 5.330um 420.185um 59.990um 423.015um
 5.330um 414.745um 59.990um 417.575um
 5.330um 409.305um 59.990um 412.135um
 5.330um 403.865um 59.990um 406.695um
 5.330um 398.425um 59.990um 401.255um
 5.330um 392.985um 59.990um 395.815um
 5.330um 387.545um 59.990um 390.375um
 5.330um 382.105um 59.990um 384.935um
 5.330um 376.665um 59.990um 379.495um
 5.330um 371.225um 59.990um 374.055um
 5.330um 365.785um 59.990um 368.615um
 5.330um 360.345um 59.990um 363.175um
 5.330um 354.905um 59.990um 357.735um
 5.330um 349.465um 59.990um 352.295um
 5.330um 344.025um 59.990um 346.855um
 5.330um 338.585um 59.990um 341.415um
 5.330um 333.145um 59.990um 335.975um
 5.330um 327.705um 59.990um 330.535um
 5.330um 322.265um 59.990um 325.095um
 5.330um 316.825um 59.990um 319.655um
 5.330um 311.385um 59.990um 314.215um
 5.330um 305.945um 59.990um 308.775um
 5.330um 300.505um 59.990um 303.335um
 5.330um 295.065um 59.990um 297.895um
 5.330um 289.625um 59.990um 292.455um
 5.330um 284.185um 59.990um 287.015um
 5.330um 278.745um 59.990um 281.575um
 5.330um 273.305um 59.990um 276.135um
 5.330um 267.865um 59.990um 270.695um
 5.330um 262.425um 59.990um 265.255um
 5.330um 256.985um 59.990um 259.815um
 5.330um 251.545um 59.990um 254.375um
 5.330um 246.105um 59.990um 248.935um
 5.330um 240.665um 59.990um 243.495um
 5.330um 235.225um 59.990um 238.055um
 5.330um 229.785um 59.990um 232.615um
 5.330um 224.345um 59.990um 227.175um
 5.330um 218.905um 59.990um 221.735um
 5.330um 213.465um 59.990um 216.295um
 5.330um 208.025um 59.990um 210.855um
 5.330um 202.585um 59.990um 205.415um
 5.330um 197.145um 59.990um 199.975um
 5.330um 191.705um 59.990um 194.535um
 5.330um 186.265um 59.990um 189.095um
 5.330um 180.825um 59.990um 183.655um
 5.330um 175.385um 59.990um 178.215um
 5.330um 169.945um 59.990um 172.775um
 5.330um 164.505um 59.990um 167.335um
 5.330um 159.065um 59.990um 161.895um
 5.330um 523.545um 157.280um 526.375um
 5.330um 518.105um 157.280um 520.935um
 5.330um 512.665um 157.280um 515.495um
 5.330um 507.225um 157.280um 510.055um
 5.330um 501.785um 157.280um 504.615um
 5.330um 496.345um 157.280um 499.175um
 5.330um 490.905um 157.280um 493.735um
 5.330um 485.465um 157.280um 488.295um
 5.330um 480.025um 157.280um 482.855um
 5.330um 474.585um 59.990um 477.415um
 5.330um 471.840um 59.990um 471.975um
 157.280um 55.705um 471.840um 58.535um
 157.280um 50.265um 471.840um 53.095um
 157.280um 44.825um 471.840um 47.655um
 157.280um 39.385um 471.840um 42.215um
 157.280um 33.945um 471.840um 36.775um
 157.280um 28.505um 471.840um 31.335um
 157.280um 23.065um 471.840um 25.895um
 157.280um 17.625um 471.840um 20.455um
 157.280um 12.185um 471.840um 15.015um
 157.280um 523.545um 471.840um 526.375um
 157.280um 518.105um 471.840um 520.935um
 157.280um 512.665um 471.840um 515.495um
 157.280um 507.225um 471.840um 510.055um
 157.280um 501.785um 471.840um 504.615um
 157.280um 496.345um 471.840um 499.175um
 157.280um 490.905um 471.840um 493.735um
 157.280um 485.465um 471.840um 488.295um
 157.280um 480.025um 471.840um 482.855um
 559.630um 153.625um 634.530um 156.455um
 559.630um 148.185um 634.530um 151.015um
 559.630um 142.745um 634.530um 145.575um
 559.630um 137.305um 634.530um 140.135um
 559.630um 131.865um 634.530um 134.695um
 559.630um 126.425um 634.530um 129.255um
 559.630um 120.985um 634.530um 123.815um
 559.630um 115.545um 634.530um 118.375um
 559.630um 110.105um 634.530um 112.935um
 559.630um 104.665um 634.530um 107.495um
 559.630um 99.225um 634.530um 102.055um
 559.630um 93.785um 634.530um 96.615um
 559.630um 88.345um 634.530um 91.175um
 559.630um 82.905um 634.530um 85.735um
 559.630um 77.465um 634.530um 80.295um
 559.630um 72.025um 634.530um 74.855um
 559.630um 66.585um 634.530um 69.415um
 559.630um 61.145um 634.530um 63.975um
 471.840um 55.705um 634.530um 58.535um
 471.840um 50.265um 634.530um 53.095um
 471.840um 44.825um 634.530um 47.655um
 471.840um 39.385um 634.530um 42.215um
 471.840um 33.945um 634.530um 36.775um
 471.840um 28.505um 634.530um 31.335um
 471.840um 23.065um 634.530um 25.895um
 471.840um 17.625um 634.530um 20.455um
 471.840um 12.185um 634.530um 15.015um
 559.630um 469.145um 634.530um 471.840um
 559.630um 463.705um 634.530um 466.535um
 559.630um 458.265um 634.530um 461.095um
 559.630um 452.825um 634.530um 455.655um
 559.630um 447.385um 634.530um 450.215um
 559.630um 441.945um 634.530um 444.775um
 559.630um 436.505um 634.530um 439.335um
 559.630um 431.065um 634.530um 433.895um
 559.630um 425.625um 634.530um 428.455um
 559.630um 420.185um 634.530um 423.015um
 559.630um 414.745um 634.530um 417.575um
 559.630um 409.305um 634.530um 412.135um
 559.630um 403.865um 634.530um 406.695um
 559.630um 398.425um 634.530um 401.255um
 559.630um 392.985um 634.530um 395.815um
 559.630um 387.545um 634.530um 390.375um
 559.630um 382.105um 634.530um 384.935um
 559.630um 376.665um 634.530um 379.495um
 559.630um 371.225um 634.530um 374.055um
 559.630um 365.785um 634.530um 368.615um
 559.630um 360.345um 634.530um 363.175um
 559.630um 354.905um 634.530um 357.735um
 559.630um 349.465um 634.530um 352.295um
 559.630um 344.025um 634.530um 346.855um
 559.630um 338.585um 634.530um 341.415um
 559.630um 333.145um 634.530um 335.975um
 559.630um 327.705um 634.530um 330.535um
 559.630um 322.265um 634.530um 325.095um
 559.630um 316.825um 634.530um 319.655um
 559.630um 311.385um 634.530um 314.215um
 559.630um 305.945um 634.530um 308.775um
 559.630um 300.505um 634.530um 303.335um
 559.630um 295.065um 634.530um 297.895um
 559.630um 289.625um 634.530um 292.455um
 559.630um 284.185um 634.530um 287.015um
 559.630um 278.745um 634.530um 281.575um
 559.630um 273.305um 634.530um 276.135um
 559.630um 267.865um 634.530um 270.695um
 559.630um 262.425um 634.530um 265.255um
 559.630um 256.985um 634.530um 259.815um
 559.630um 251.545um 634.530um 254.375um
 559.630um 246.105um 634.530um 248.935um
 559.630um 240.665um 634.530um 243.495um
 559.630um 235.225um 634.530um 238.055um
 559.630um 229.785um 634.530um 232.615um
 559.630um 224.345um 634.530um 227.175um
 559.630um 218.905um 634.530um 221.735um
 559.630um 213.465um 634.530um 216.295um
 559.630um 208.025um 634.530um 210.855um
 559.630um 202.585um 634.530um 205.415um
 559.630um 197.145um 634.530um 199.975um
 559.630um 191.705um 634.530um 194.535um
 559.630um 186.265um 634.530um 189.095um
 559.630um 180.825um 634.530um 183.655um
 559.630um 175.385um 634.530um 178.215um
 559.630um 169.945um 634.530um 172.775um
 559.630um 164.505um 634.530um 167.335um
 559.630um 159.065um 634.530um 161.895um
 471.840um 523.545um 634.530um 526.375um
 471.840um 518.105um 634.530um 520.935um
 471.840um 512.665um 634.530um 515.495um
 471.840um 507.225um 634.530um 510.055um
 471.840um 501.785um 634.530um 504.615um
 471.840um 496.345um 634.530um 499.175um
 471.840um 490.905um 634.530um 493.735um
 471.840um 485.465um 634.530um 488.295um
 471.840um 480.025um 634.530um 482.855um
 559.630um 474.585um 634.530um 477.415um
 559.630um 471.840um 634.530um 471.975um
----------------------------------------
[INFO] COUNT: 210
[INFO] Should be divided by 3 or 4

