Clock: clk_i
Sources: clk_i 
Generated: no
Virtual: yes
Propagated: no
Period: 65.000000

===========================================================================
report_clock_properties
============================================================================
Clock                   Period          Waveform
----------------------------------------------------
clk_i                65.000000    0.000000 32.500000

===========================================================================
report_clock_latency
============================================================================
Clock clk_i
rise -> rise
    min     max
0.000000 0.000000 source latency
0.871498         network latency u_sram_in/clk1
        1.646702 network latency _33443_/CLK
---------------
0.871498 1.646702 latency
        0.775205 skew

fall -> fall
    min     max
0.000000 0.000000 source latency
0.960267         network latency u_sram_in/clk1
        1.551886 network latency _33443_/CLK
---------------
0.960267 1.551886 latency
        0.591619 skew



===========================================================================
report_clock_min_period
============================================================================
clk_i period_min = 47.52 fmax = 21.05
