
===========================================================================
 report_power
============================================================================
======================= max_tt_025C_1v80 Corner ===================================

Group                    Internal    Switching      Leakage        Total
                            Power        Power        Power        Power (Watts)
------------------------------------------------------------------------
Sequential           4.224233e-03 2.349077e-05 6.099116e-08 4.247785e-03  46.4%
Combinational        1.432244e-04 7.581928e-04 1.160601e-07 9.015332e-04   9.8%
Clock                1.627311e-03 1.785553e-03 5.052273e-07 3.413369e-03  37.3%
Macro                5.901211e-04 0.000000e+00 9.516000e-06 5.996371e-04   6.5%
Pad                  0.000000e+00 0.000000e+00 0.000000e+00 0.000000e+00   0.0%
------------------------------------------------------------------------
Total                6.584531e-03 2.567128e-03 1.019838e-05 9.161857e-03 100.0%
                            71.9%        28.0%         0.1%

